aaja
aakkosellinen
aakkosnumeerinen
aakkostamaton
aallokas
aallokkoinen
aalloton
aaltoilematon
aaltoileva
aaltoinen
aaltomainen
aamuinen
aamullinen
aamupäiväinen
aamuöinen
aasialainen
aasimainen
aataminaikainen
aatelinen
aatelissäätyinen
aateliton
aatteellinen
aatteeton
aava
aavemainen
abaksiaalinen
abakteriaalinen
abdominaali
abdominaalinen
aberrantti
abhasialainen
abioottinen
ablatiivinen
abnormaali
abnormi
abortiivinen
abrupti
absoluuttinen
absorboitu
absorboiva
abstrakti
abstraktinen
absurdi
abyssaalinen
abyssinen
addiktoiva
additiivinen
adekvaatti
adiabaattinen
adjektiivinen
adjektiiviton
administratiivinen
adoninen
adverbitön
adversatiivinen
aerobinen
aerodynaaminen
aerostaattinen
afaattinen
affektiivinen
affektinen
afganistanilainen
afrikaansinkielinen
afrikkalainen
afrikkalaisperäinen
afroaasialainen
afroamerikkalainen
aggressiivinen
agnostinen
agonistinen
agraarinen
ahavainen
ahavoitunut
ahdas
ahdasmielinen
ahkera
ahmattimainen
ahnas
ahne
ahvenanmaalainen
aidattu
aiempi
aigeialainen
aiheellinen
aiheeton
aika
aikainen
aikaiseminen
aikaisempi
aikuinen
aikuismainen
aimo
ainavihanta
aineellinen
aineeton
ainoa
ainut
ainutkertainen
ainutlaatuinen
aiolinen
aistiharhainen
aistikas
aistillinen
aistimaton
aistivoimainen
aito
aiva
aivokuollut
aivoton
ajallinen
ajamaton
ajankohtainen
ajanmukainen
ajantasainen
ajaton
ajattelematon
ajatukseton
ajovaloton
akaalainen
akateeminen
akavalainen
akhaialainen
akkamainen
akkavaltainen
akkusatorinen
akrobaattinen
akromaattinen
aksessorinen
aksiaalinen
aksiomaattinen
aktiivi
aktiivinen
akustinen
akuutti
akvaattinen
akvamariini
akvitanialainen
ala-arvoinen
alaikäinen
alainen
alakuloinen
alaluokkainen
alankomaalainen
alaosaton
alapuolinen
alaston
alatyylinen
alavutelainen
albanialainen
albiino
albinistinen
alempi
alempiarvoinen
alennukseton
alentuva
alentuvainen
alfanumeerinen
algebrallinen
algerialainen
algonkinilainen
algoritminen
alhainen
alikehittynyt
alin
alipainoinen
aliravittu
alisteinen
alkeellinen
alkiolainen
alkoholiongelmainen
alkoholipitoinen
alkoholiton
alkukielinen
alkukristillinen
alkuperäinen
alkusoinnullinen
allegorinen
allerginen
allopatrinen
aloitekyvytön
alokasmainen
altis
alueellinen
alueittainen
aluepoliittinen
alumiininen
alumiiniton
alushousuton
alustamaton
alustaton
alveolaarinen
alviton
amalfilainen
ambivalenttinen
amerikkalainen
ametabolinen
amfibinen
amfiproottinen
amfoteerinen
ammattimainen
babylonialainen
bagdadilainen
bahamalainen
bahrainilainen
baijerilainen
bakteeriton
bakterisidinen
ballistinen
balttilainen
banaali
bangladeshilainen
baptistinen
barbaarimainen
barbaarinen
barcelonalainen
baskilainen
baskimaalainen
baskinkielinen
beesi
beige
belgialainen
belgradilainen
belletristinen
benediktiiniläinen
beniniläinen
benthinen
berliiniläinen
bernsteinilainen
betoninen
bhutanilainen
bigotti
bijektiivinen
bilabiaalinen
bilateraalinen
bimi
bimodaalinen
binaarinen
binäärinen
bioaktiivinen
biodynaaminen
biogeeninen
biografinen
biokemiallinen
biologinen
biometrinen
bioottinen
biosidinen
bipolaarinen
birgittalainen
bisarri
biseksuaalinen
bitonaalinen
blondi
bodilainen
boheemi
bolivialainen
bombastinen
boreaalinen
bosnialainen
bosniankielinen
botaaninen
botswanalainen
brasilialainen
brittiläinen
bruneilainen
brutaali
bränikkä
budapestilainen
buddhalainen
bukolinen
bulgarialainen
buli
burmalainen
burundilainen
b-vireinen
byrokraattinen
bysanttilainen
böömiläinen
chileläinen
cisalppinen
clunyläinen
concluding
cool
costaricalainen
c-vireinen
daiju
daktyylinen
damaskoslainen
darvinistinen
deduktiivinen
definiittinen
deflatorinen
degeneratiivinen
degeneroiva
deiktinen
dekadentti
dekadinen
dekametrinen
dekoratiivinen
deltasiipinen
demagoginen
deminutiivinen
demografinen
demokraattinen
demonstratiivinen
denominaalinen
dentaalinen
depressiivinen
desimaalinen
desinfektiivinen
deskriptiivinen
deskriptiivis-analyyttinen
destruktiivinen
deterministinen
detonoiva
deverbaalinen
devoninen
diabaattinen
diabeettinen
diagonaalinen
diakonaalinen
diakriittinen
diakroninen
dialektinen
diastemaattinen
diastolinen
diatoninen
dickensiläinen
didaktinen
diegeettinen
dieselsähköinen
differentiaali
differentiaalinen
differentti
digi-
digitaalinen
digitoitu
diippi
diiva
dikotominen
dikromaattinen
diktatorinen
diluviaalinen
dimetrinen
diminutiivinen
dimorfinen
diplomaattinen
disjunktiivinen
diskreetti
diskursiivinen
dispositiivinen
dissipatiivinen
distaalinen
distinkti
distinktiivinen
diureettinen
divisiivinen
dogmaattinen
doktrinaalinen
dominantti
dominikaanilainen
dominikaaninen
donitsimainen
doorilainen
doorinen
dorka
dorsaalinen
drakoninen
dramaattinen
drastinen
dualistinen
d-vireinen
dyadinen
dynaaminen
dynastinen
dysfaattinen
dystooppinen
ecuadorilainen
edellinen
edeltävä
edistyksellinen
edistymätön
edistynyt
edistysmielinen
edomilainen
edukas
edullinen
edustava
edustuksellinen
eepillinen
eeppinen
eestiläinen
eettinen
efektiivinen
efesolainen
egoistinen
egosentrinen
egyptiläinen
egyptologinen
ehdollinen
chileläinen
cisalppinen
clunyläinen
concluding
cool
costaricalainen
c-vireinen
daiju
daktyylinen
damaskoslainen
darvinistinen
deduktiivinen
definiittinen
deflatorinen
degeneratiivinen
degeneroiva
deiktinen
dekadentti
dekadinen
dekametrinen
dekoratiivinen
deltasiipinen
demagoginen
deminutiivinen
demografinen
demokraattinen
demonstratiivinen
denominaalinen
dentaalinen
depressiivinen
desimaalinen
desinfektiivinen
deskriptiivinen
deskriptiivis-analyyttinen
destruktiivinen
deterministinen
detonoiva
deverbaalinen
devoninen
diabaattinen
diabeettinen
diagonaalinen
diakonaalinen
diakriittinen
diakroninen
dialektinen
diastemaattinen
diastolinen
diatoninen
dickensiläinen
didaktinen
diegeettinen
dieselsähköinen
differentiaali
differentiaalinen
differentti
digi-
digitaalinen
digitoitu
diippi
diiva
dikotominen
dikromaattinen
diktatorinen
diluviaalinen
dimetrinen
diminutiivinen
dimorfinen
diplomaattinen
disjunktiivinen
diskreetti
diskursiivinen
dispositiivinen
dissipatiivinen
distaalinen
distinkti
distinktiivinen
diureettinen
divisiivinen
dogmaattinen
doktrinaalinen
dominantti
dominikaanilainen
dominikaaninen
donitsimainen
doorilainen
doorinen
dorka
dorsaalinen
drakoninen
dramaattinen
drastinen
dualistinen
d-vireinen
dyadinen
dynaaminen
dynastinen
dysfaattinen
dystooppinen
ecuadorilainen
edellinen
edeltävä
edistyksellinen
edistymätön
edistynyt
edistysmielinen
edomilainen
edukas
edullinen
edustava
edustuksellinen
eepillinen
eeppinen
eestiläinen
eettinen
efektiivinen
efesolainen
egoistinen
egosentrinen
egyptiläinen
egyptologinen
ehdollinen
ehdoton
eheä
ehjä
ehompi
ehta
-ehtoinen
ehtymätön
ehyt
ehytlaitainen
eideettinen
eilinen
eilispäiväinen
ei-negatiivinen
eka
eklektinen
ekliptikaalinen
ekologinen
ekonometrinen
ekonominen
eksakti
eksegeettinen
eksemplaarinen
eksentrinen
eksessiivinen
ekshibitionistinen
eksistentiaalinen
eksklusiivinen
eksogeeninen
eksokriininen
eksoottinen
eksoteerinen
eksoterminen
ekspansiivinen
eksperimentaalinen
eksplanatiivinen
eksplisiittinen
eksponentiaalinen
ekspressiivinen
ekspressionistinen
eksterritoriaalinen
ekstradiegeettinen
ekstremofiilinen
ekstrovertti
ekumeeninen
ekvatoriaalinen
ekvivalentti
ekvivalenttinen
elamilainen
elastinen
eleetön
elegantti
eleginen
elektroninen
elementaarinen
elimellinen
elimäkeläinen
elinikäinen
elinkautinen
eliötön
elliptinen
eloisa
elokuinen
elollinen
eloperäinen
eloton
elsalvadorilainen
eläimellinen
eläimetön
eläinperäinen
eläinrakas
eläintieteellinen
elämyksellinen
elämätön
elävä
eläväinen
embryogeneettinen
emeettinen
emergentti
daiju
daktyylinen
damaskoslainen
darvinistinen
deduktiivinen
definiittinen
deflatorinen
degeneratiivinen
degeneroiva
deiktinen
dekadentti
dekadinen
dekametrinen
dekoratiivinen
deltasiipinen
demagoginen
deminutiivinen
demografinen
demokraattinen
demonstratiivinen
denominaalinen
dentaalinen
depressiivinen
desimaalinen
desinfektiivinen
deskriptiivinen
deskriptiivis-analyyttinen
destruktiivinen
deterministinen
detonoiva
deverbaalinen
devoninen
diabaattinen
diabeettinen
diagonaalinen
diakonaalinen
diakriittinen
diakroninen
dialektinen
diastemaattinen
diastolinen
diatoninen
dickensiläinen
didaktinen
diegeettinen
dieselsähköinen
differentiaali
differentiaalinen
differentti
digi-
digitaalinen
digitoitu
diippi
diiva
dikotominen
dikromaattinen
diktatorinen
diluviaalinen
dimetrinen
diminutiivinen
dimorfinen
diplomaattinen
disjunktiivinen
diskreetti
diskursiivinen
dispositiivinen
dissipatiivinen
distaalinen
distinkti
distinktiivinen
diureettinen
divisiivinen
dogmaattinen
doktrinaalinen
dominantti
dominikaanilainen
dominikaaninen
donitsimainen
doorilainen
doorinen
dorka
dorsaalinen
drakoninen
dramaattinen
drastinen
dualistinen
d-vireinen
dyadinen
dynaaminen
dynastinen
dysfaattinen
dystooppinen
ecuadorilainen
edellinen
edeltävä
edistyksellinen
edistymätön
edistynyt
edistysmielinen
edomilainen
edukas
edullinen
edustava
edustuksellinen
eepillinen
eeppinen
eestiläinen
eettinen
efektiivinen
efesolainen
egoistinen
egosentrinen
egyptiläinen
egyptologinen
ehdollinen
ehdoton
eheä
ehjä
ehompi
ehta
-ehtoinen
ehtymätön
ehyt
ehytlaitainen
eideettinen
eilinen
eilispäiväinen
ei-negatiivinen
eka
eklektinen
ekliptikaalinen
ekologinen
ekonometrinen
ekonominen
eksakti
eksegeettinen
eksemplaarinen
eksentrinen
eksessiivinen
ekshibitionistinen
eksistentiaalinen
eksklusiivinen
eksogeeninen
eksokriininen
eksoottinen
eksoteerinen
eksoterminen
ekspansiivinen
eksperimentaalinen
eksplanatiivinen
eksplisiittinen
eksponentiaalinen
ekspressiivinen
ekspressionistinen
eksterritoriaalinen
ekstradiegeettinen
ekstremofiilinen
ekstrovertti
ekumeeninen
ekvatoriaalinen
ekvivalentti
ekvivalenttinen
elamilainen
elastinen
eleetön
elegantti
eleginen
elektroninen
elementaarinen
elimellinen
elimäkeläinen
elinikäinen
elinkautinen
eliötön
elliptinen
eloisa
elokuinen
elollinen
eloperäinen
eloton
elsalvadorilainen
eläimellinen
eläimetön
eläinperäinen
eläinrakas
eläintieteellinen
elämyksellinen
elämätön
elävä
eläväinen
embryogeneettinen
emeettinen
emergentti
emotiivinen
emotionaalinen
empaattinen
empiirinen
emäksinen
endeeminen
endogeeninen
ecuadorilainen
edellinen
edeltävä
edistyksellinen
edistymätön
edistynyt
edistysmielinen
edomilainen
edukas
edullinen
edustava
edustuksellinen
eepillinen
eeppinen
eestiläinen
eettinen
efektiivinen
efesolainen
egoistinen
egosentrinen
egyptiläinen
egyptologinen
ehdollinen
ehdoton
eheä
ehjä
ehompi
ehta
-ehtoinen
ehtymätön
ehyt
ehytlaitainen
eideettinen
eilinen
eilispäiväinen
ei-negatiivinen
eka
eklektinen
ekliptikaalinen
ekologinen
ekonometrinen
ekonominen
eksakti
eksegeettinen
eksemplaarinen
eksentrinen
eksessiivinen
ekshibitionistinen
eksistentiaalinen
eksklusiivinen
eksogeeninen
eksokriininen
eksoottinen
eksoteerinen
eksoterminen
ekspansiivinen
eksperimentaalinen
eksplanatiivinen
eksplisiittinen
eksponentiaalinen
ekspressiivinen
ekspressionistinen
eksterritoriaalinen
ekstradiegeettinen
ekstremofiilinen
ekstrovertti
ekumeeninen
ekvatoriaalinen
ekvivalentti
ekvivalenttinen
elamilainen
elastinen
eleetön
elegantti
eleginen
elektroninen
elementaarinen
elimellinen
elimäkeläinen
elinikäinen
elinkautinen
eliötön
elliptinen
eloisa
elokuinen
elollinen
eloperäinen
eloton
elsalvadorilainen
eläimellinen
eläimetön
eläinperäinen
eläinrakas
eläintieteellinen
elämyksellinen
elämätön
elävä
eläväinen
embryogeneettinen
emeettinen
emergentti
emotiivinen
emotionaalinen
empaattinen
empiirinen
emäksinen
endeeminen
endogeeninen
endoterminen
enemmän
enempi
energiaintensiivinen
energiapihi
energinen
englanninkielinen
englantilainen
enharmoninen
enkefalo-
enkefalotrigeminaalinen
enkelimäinen
ennakkoluuloinen
ennakkoluuloton
ennallistava
ennaltaehkäisevä
ennenaikainen
ennätysmäinen
enontekiöläinen
ensi
ensiarvoinen
ensiluokkainen
ensimmäinen
ensisijainen
enteraalinen
enterogastrinen
enterohepaattinen
entinen
entisenlainen
enä
epideeminen
epigeneettinen
epileptinen
epis
episkopaalinen
epistemologinen
epoolainen
epäaito
epäajanmukainen
epädemokraattinen
epäedullinen
epäelimellinen
epäesteettinen
epäfeminiininen
epäherkkä
epähieno
epäidiomaattinen
epäilevä
epäileväinen
epäilyttävä
epäinhimillinen
epäjalo
epäkansallinen
epäkelpo
epäkiitollinen
epäkohtelias
epäkurantti
epäkypsä
epäkäytännöllinen
epälikvidi
epälineaarinen
epälooginen
epäluonnollinen
epäluotettava
epäluuloinen
epämaskuliininen
epämiehekäs
epämiellyttävä
epämoderni
epämoraalinen
epämukava
epämuodollinen
epämusikaalinen
epämääräinen
epänaisellinen
epänegatiivinen
epänormaali
epäoikeudenmukainen
epäoleellinen
epäolennainen
epäonnistunut
epäorgaaninen
epäperäinen
epäpuhdas
epäpätevä
epärealistinen
epärehellinen
epäreilu
epärelevantti
epärö
epäröivä
epäseksikäs
faattinen
faktinen
fallinen
fallistinen
falski
familiaalinen
fanaattinen
fanerotsooinen
fantastinen
farmakologinen
faryngaalinen
fasistinen
fataalinen
fatalistinen
faunistinen
faustinen
federaalinen
federalistinen
federatiivinen
feikki
feimi
fekaalinen
feminiininen
feministinen
femoraalinen
fenomenologinen
feodaalinen
feodalistinen
ferriittinen
fertiili
fiini
fiktiivinen
filantrooppinen
filippiiniläinen
filippiläinen
filistealainen
filmaattinen
filologinen
filosofinen
filtterillinen
finanssipoliittinen
fingerporillinen
finiittinen
finnitön
firenzeläinen
fiskaali
fissiili
flaamilainen
flegmaattinen
floridalainen
flunssainen
fluoraamaton
fluorattu
fluoriton
fluviaalinen
foinikialainen
folkloristinen
foneeminen
foneettinen
fonemaattinen
fonologinen
foreettinen
formaali
formaalinen
formalistinen
fossiilinen
fotogeeninen
fototrooppinen
fraktaalinen
frankeerattu
frekventatiivinen
frekventatiivis-kontinuatiivinen
frigidi
friisiläinen
frontaalinen
fryygialainen
fryyginen
fuksianpunainen
fungiibeli
funktionaalinen
funktionalistinen
futuristinen
f-vireinen
fysikaalinen
fysikokemiallinen
fysiologinen
fyysillinen
fyysinen
färsaarelainen
gaelinkielinen
galilealainen
gallialainen
galsa
galvaaninen
gambialainen
gastrinen
gastronominen
gemmologinen
genealoginen
geneerinen
genitaalinen
genovalainen
geodeettinen
geofysikaalinen
geofyysinen
geografinen
geologinen
geometrinen
geopoliittinen
georgialainen
geosentrinen
geostationaarinen
geosynkroninen
geoterminen
geriatrinen
germaaninen
ghanalainen
giganttinen
glagoliittinen
glasiaalinen
glasifluviaalinen
globaali
globaalinen
glokaali
gluteeniton
GMO-vapaa
gnomoninen
goottilainen
gotlantilainen
graafinen
graafiteoreettinen
graavi
grafologinen
gramnegatiivinen
grampositiivinen
gravidi
gregoriaaninen
grenadalainen
grillattu
groteski
gruusialainen
grönlantilainen
guatemalalainen
guineabissaulainen
guinealainen
gustatorinen
g-vireinen
gynekologinen
götalainen
göteborgilainen
haalea
haamilainen
haaton
haavainen
haavoittuva
haavoittuvainen
haihduttamaton
haihtumaton
haihtuva
haikailematon
haikea
hailu
hailuotolainen
haisematon
haiseva
haistamaton
haista paska
haitallinen
haitilainen
hajanainen
hajataitteinen
hajoamaton
hajulukollinen
hajuton
-hakuinen
halkeamaton
hallava
hallinnollinen
hallitsematon
hallitseva
hallitsijaton
halpa
halpamainen
halsualainen
halukas
haluton
halveksimaton
halventava
hameeton
haminalainen
hammaskirurginen
hammaslaitainen
hampaallinen
hampaaton
hampurilainen
hanakka
gaelinkielinen
galilealainen
gallialainen
galsa
galvaaninen
gambialainen
gastrinen
gastronominen
gemmologinen
genealoginen
geneerinen
genitaalinen
genovalainen
geodeettinen
geofysikaalinen
geofyysinen
geografinen
geologinen
geometrinen
geopoliittinen
georgialainen
geosentrinen
geostationaarinen
geosynkroninen
geoterminen
geriatrinen
germaaninen
ghanalainen
giganttinen
glagoliittinen
glasiaalinen
glasifluviaalinen
globaali
globaalinen
glokaali
gluteeniton
GMO-vapaa
gnomoninen
goottilainen
gotlantilainen
graafinen
graafiteoreettinen
graavi
grafologinen
gramnegatiivinen
grampositiivinen
gravidi
gregoriaaninen
grenadalainen
grillattu
groteski
gruusialainen
grönlantilainen
guatemalalainen
guineabissaulainen
guinealainen
gustatorinen
g-vireinen
gynekologinen
götalainen
göteborgilainen
haalea
haamilainen
haaton
haavainen
haavoittuva
haavoittuvainen
haihduttamaton
haihtumaton
haihtuva
haikailematon
haikea
hailu
hailuotolainen
haisematon
haiseva
haistamaton
haista paska
haitallinen
haitilainen
hajanainen
hajataitteinen
hajoamaton
hajulukollinen
hajuton
-hakuinen
halkeamaton
hallava
hallinnollinen
hallitsematon
hallitseva
hallitsijaton
halpa
halpamainen
halsualainen
halukas
haluton
halveksimaton
halventava
hameeton
haminalainen
hammaskirurginen
hammaslaitainen
hampaallinen
hampaaton
hampurilainen
hanakka
hankaamaton
hankala
hankalakulkuinen
hankaloittava
hankolainen
hapahko
hapan
hapanimelä
hapantaikinainen
hapellinen
hapero
hapeton
haploidinen
happihakuinen
happipakoinen
haptinen
harappalainen
harhaanjohtava
harhainen
harhaluuloinen
harjaamaton
harjaton
harkitsematon
harkittu
harmaa
harmillinen
harmittava
harmoninen
harras
harrastelijamainen
harteeton
harteikas
hartiakas
hartolalainen
harva
harvasanainen
harvennettu
harvinainen
hassu
hatara
hatullinen
haudanvakava
haudattu
haudottu
hauenleukaluinen
hauras
hauska
havaijilainen
havainnollinen
hedelmäinen
hedelmällinen
hedelmätön
hedoninen
hedonistinen
heettiläinen
hegeliläinen
hegemoninen
hehkuva
hei-hei
heijastamaton
heijastumaton
heikko
heikkolaatuinen
heikkolahjainen
heikkomielinen
heikko-osainen
heikkotasoinen
heilahtamaton
heilumaton
heinolalainen
heinäkuinen
heitettävä
heiveröinen
heksagoninen
heksametrinen
hektinen
helakka
heleä
heliosentrinen
heliotrooppinen
hellallinen
helleeninen
hellittämätön
helluinen
helluntailainen
helluntalainen
hellä
helläkätinen
helmikuinen
helpottunut
helppo
helppokulkuinen
helsinkiläinen
haalea
haamilainen
haaton
haavainen
haavoittuva
haavoittuvainen
haihduttamaton
haihtumaton
haihtuva
haikailematon
haikea
hailu
hailuotolainen
haisematon
haiseva
haistamaton
haista paska
haitallinen
haitilainen
hajanainen
hajataitteinen
hajoamaton
hajulukollinen
hajuton
-hakuinen
halkeamaton
hallava
hallinnollinen
hallitsematon
hallitseva
hallitsijaton
halpa
halpamainen
halsualainen
halukas
haluton
halveksimaton
halventava
hameeton
haminalainen
hammaskirurginen
hammaslaitainen
hampaallinen
hampaaton
hampurilainen
hanakka
hankaamaton
hankala
hankalakulkuinen
hankaloittava
hankolainen
hapahko
hapan
hapanimelä
hapantaikinainen
hapellinen
hapero
hapeton
haploidinen
happihakuinen
happipakoinen
haptinen
harappalainen
harhaanjohtava
harhainen
harhaluuloinen
harjaamaton
harjaton
harkitsematon
harkittu
harmaa
harmillinen
harmittava
harmoninen
harras
harrastelijamainen
harteeton
harteikas
hartiakas
hartolalainen
harva
harvasanainen
harvennettu
harvinainen
hassu
hatara
hatullinen
haudanvakava
haudattu
haudottu
hauenleukaluinen
hauras
hauska
havaijilainen
havainnollinen
hedelmäinen
hedelmällinen
hedelmätön
hedoninen
hedonistinen
heettiläinen
hegeliläinen
hegemoninen
hehkuva
hei-hei
heijastamaton
heijastumaton
heikko
heikkolaatuinen
heikkolahjainen
heikkomielinen
heikko-osainen
heikkotasoinen
heilahtamaton
heilumaton
heinolalainen
heinäkuinen
heitettävä
heiveröinen
heksagoninen
heksametrinen
hektinen
helakka
heleä
heliosentrinen
heliotrooppinen
hellallinen
helleeninen
hellittämätön
helluinen
helluntailainen
helluntalainen
hellä
helläkätinen
helmikuinen
helpottunut
helppo
helppokulkuinen
helsinkiläinen
heltaton
helvetillinen
hemimetabolinen
hemmoteltu
hemolyyttinen
hemorraginen
hempeä
hengellinen
hengenvaarallinen
hengettömät
hengetön
hengittämätön
hengähdystauoton
henkilöllinen
henkinen
hento
hepaattinen
hepatosellulaarinen
heppoinen
heprealainen
hepreankielinen
heptametrinen
heraldinen
hereettinen
herjaamaton
herkeämätön
herkkä
herkkähipiäinen
herkkäuninen
herkkäuskoinen
herkuleaaninen
herkullinen
hermafrodiitti
hermafrodiittinen
hermeettinen
hermiittinen
-hermoinen
hermostumaton
hermostunut
herooinen
herttainen
herttamainen
heterogeeninen
heteronormatiivinen
heteroseksuaalinen
heterotsygoottinen
heuristinen
hevosennaamainen
hevosvetoinen
hidas
hidasjärkinen
hidastamaton
hidasälyinen
hiekkainen
hiekkamainen
hiekkapintainen
hiekoittamaton
hieno
hienoksi hakattu
hienontamaton
hierarkinen
iankaikkinen
iatrogeeninen
idealistinen
idempotentti
identtinen
ideografinen
ideologinen
idiomaattinen
idioottimainen
idioottivarma
idiopaattinen
idyllinen
idättämätön
ihailtava
ihana
ihanteellinen
ihkauusi
ihku
ihme
ihmeellinen
ihmeitätekevä
ihmismäinen
ihmisvastainen
ihonalainen
iiläinen
iisalmelainen
iisi
iittiläinen
ikaalislainen
ikimaho
ikimuistoinen
ikionnellinen
ikivanha
ikivihanta
ikivihreä
ikkunallinen
ikkunaton
ikoninen
ikteerinen
ikuinen
ikäinen
ikävystymätön
ikävystynyt
ikävystyttävä
ikävä
ikääntymätön
iljanteinen
iljettävä
ilkeä
ilkeämielinen
illallinen
illegaali
illegaalinen
illyrialainen
ilmaapitävä
ilmainen
ilmaisuvoimainen
ilmajokelainen
ilmastollinen
ilmatiivis
ilmaton
ilmava
ilmeinen
ilmiselvä
ilmiömäinen
ilmoittautumaton
iloinen
ilomantsilainen
iloton
iltainen
imaginaarinen
imaginäärinen
imatralainen
imelä
immateriaalinen
immuuni
imperatiivinen
imperialistinen
impivaaralainen
implisiittinen
impotentti
impressionistinen
improvisatorinen
inarilainen
inarinsaamelainen
inattentiivinen
indefiniittinen
indeksinen
indifferentti
indikatiivinen
indispositiivinen
individuaalinen
individualistinen
indoarjalainen
indoeurooppalainen
indoiranilainen
indonesialainen
induktiivinen
inertti
infektiivinen
inferiorinen
infernaalinen
inflatorinen
informaatiopitoinen
informatiivinen
inha
inhimillinen
inhottava
injektiivinen
inkerinsuomalainen
inklusiivinen
inkognito
inkoherentti
inkoolainen
inkvisitorinen
innokas
innoton
innovatiivinen
institutionaalinen
intellektuaalinen
intellektualistinen
intelligentti
interaktiivinen
internetitön
interrogatiivinen
intersubjektiivinen
intialainen
intiimi
intohimoinen
intolerantti
intrakraniaalinen
intransigentti
intransitiivinen
intravenoosi
intravenoosinen
intravenöösi
intressitön
introvertti
intrusiivinen
intuitiivinen
invalidi
invariantti
invasiivinen
irakilainen
iranilainen
irlantilainen
ironinen
irrallinen
irstas
irtain
irvokas
iskeeminen
islamilainen
islaminuskoinen
islanninkielinen
islantilainen
iso
isoinen
isojokelainen
isokokoinen
isokyröläinen
isomeerinen
isometrinen
isostaattinen
isotooppinen
isovatsainen
isovenäläinen
isoääninen
israelilainen
istanbulilainen
istumaton
isällinen
isänmaallinen
isätön
italialainen
italiankielinen
itara
iteratiivinen
itkevä
itkuinen
itsekeskeinen
itsekäs
itselataava
itselatautuva
itsemurhanhimoinen
itsenäinen
itsepintainen
itsepäinen
itserakas
itseriittoinen
itsesiliävä
itsestäänselvä
itsetoiminen
itsetuhoinen
itsetuhoutuva
itsetyytyväinen
itsetön
itsevaltainen
itsevarma
itäinen
jaavalainen
jaettava
jaettu
jainalainen
jakaantunut
jakamaton
jakautunut
jakomielitautinen
jaksoittainen
jaksollinen
jalaton
jalkineeton
jalo
jalomielinen
jalustaton
jamaikalainen
jambinen
janoinen
jaokkeinen
jaollinen
japanilainen
japaninkielinen
jatkumaton
jatkuva
jauhemainen
jauhomainen
jauhoton
jeesuksellinen
jemeniläinen
jesuiittamainen
jihadistinen
joensuulainen
johdonmukainen
johdoton
johtava
johtimeton
jokakesäinen
jokapäiväinen
jokaviikkoinen
jokavuotinen
jokioislainen
jonkinlainen
jonninjoutava
joonialainen
jooninen
jordanialainen
joroislainen
jouheva
jouluinen
joulukuinen
journalistinen
joustava
joutava
joutilas
joutsenolainen
joviaali
jugoslavialainen
jugurttipitoinen
juhlallinen
juliaaninen
julkaisematon
julkea
julkinen
julkisluonteinen
julkisoikeudellinen
julkisomisteinen
julkistamaton
julkisuudenkipeä
julma
julmettu
jumalaapelkäävä
jumalainen
jumalallinen
jumalaton
jumalinen
juokseva
juomakelvoton
juomaton
juoni
juonikas
juoppo
juopunut
juosteinen
juotava
juotu
juovainen
juovikas
jurakautinen
juridinen
juro
jurpo
juttelematon
juudealainen
juukalainen
juureton
juutalainen
juutalaisvastainen
juvalainen
jykevä
jyllantilainen
jymäkkä
jyrkkä
jyrkkärantainen
jytky
jyväskyläläinen
jähmeä
jäinen
jäkälätön
jälkeenjäänyt
jälkijättöinen
jälkikapitalistinen
jälkimmäinen
jälkiteollinen
jämerä
jämäkkä
jännittävä
jännä
jänskä
jänteikäs
järeä
järisyttävä
järjellinen
järjestelmällinen
järjestelmäriippumaton
järjestyksetön
järjestämätön
järjetön
järkevä
järkiperäinen
järkipuoli
järkky
järkkymätön
järkyttävä
järvenpääläinen
järvetön
jätkämäinen
jättiläismäinen
jättimäinen
jäyhä
jäykkä
jäähdyttämätön
jäähtymätön
jääkylmä
jääräpäinen
jäätynyt
jäätön
jäävi
jörö
kaakeloimaton
kaakkoinen
kaamea
kaaosmainen
kaareva
kaarnaton
kaasumainen
kaasuton
kaatumaton
kaavamainen
kade
kafkamainen
kahdenkeskinen
kahdestaan
kahjo
kahju
kahko
kahleeton
kahtalainen
kahvallinen
kahvaton
kahvitauoton
kaikenlainen
kaikkein paras
kaikkiruokainen
kaikkitietävä
kaikkivaltias
kaikkivoipa
kaikuva
kaino
kainostelematon
kaislikkoinen
kaita
kaitainen
kaiteellinen
kaiteeton
kaiullinen
kaiuttimeton
kajaanilainen
kajoava
kakaramainen
kakkainen
kako
kaksielektrodinen
kaksifooninkinen
kaksijalkainen
kaksikielinen
kaksikylkinen
kaksikätinen
kaksilahkeinen
kaksimastoinen
kaksimielinen
kaakeloimaton
kaakkoinen
kaamea
kaaosmainen
kaareva
kaarnaton
kaasumainen
kaasuton
kaatumaton
kaavamainen
kade
kafkamainen
kahdenkeskinen
kahdestaan
kahjo
kahju
kahko
kahleeton
kahtalainen
kahvallinen
kahvaton
kahvitauoton
kaikenlainen
kaikkein paras
kaikkiruokainen
kaikkitietävä
kaikkivaltias
kaikkivoipa
kaikuva
kaino
kainostelematon
kaislikkoinen
kaita
kaitainen
kaiteellinen
kaiteeton
kaiullinen
kaiuttimeton
kajaanilainen
kajoava
kakaramainen
kakkainen
kako
kaksielektrodinen
kaksifooninkinen
kaksijalkainen
kaksikielinen
kaksikylkinen
kaksikätinen
kaksilahkeinen
kaksimastoinen
kaksimielinen
kaksinen
kaksineuvoinen
kaksinkertainen
kaksiosainen
kaksipiippuinen
kaksipitkä
kaksipyöräinen
kaksisuuntainen
kaksiulotteinen
kaksiviivainen
kaksoiskovera
kaksoiskupera
kalainen
kalaisa
kalantilainen
kalarikas
kalastamaton
kalastava
kalaton
kalevalamittainen
kalifornialainen
kalju
kaljupäinen
kalligrafinen
kallioinen
kallis
kallisarentinen
kallisarvoinen
kaloriton
kalpea
kalsa
kaltainen
kalvakas
kalvakka
kalvas
kalvoton
kamala
kambodalainen
kambrinen
kameli
kamelinruskea
kamerallinen
kammottava
kampura
kanaanilainen
kanadalainen
kanadanranskalainen
kanamainen
kangasalalainen
kankainen
kankea
kannatettava
kannaton
kannattamaton
kannattava
kanneloitu
kanneton
kannettava
kannukseton
kannustava
kannusteeton
kanoninen
kansainvälinen
kansakunnallinen
kansallinen
kansallismielinen
kansallissosialistinen
kansanomainen
kansantajuinen
kansantaloudellinen
kansantaloustieteellinen
kansanvaltainen
-kantainen
kantava
kaoottinen
kapallinen
kapea
kapea-alainen
kapeahko
kapinallinen
kapinen
kapitalisoitu
kapitalistinen
karakteristinen
kardiovaskulaarinen
karhea
karhumainen
karijokelainen
karikkoinen
karinaislainen
karismaattinen
karitatiivinen
karjaalainen
karjalainen
karjalohjalainen
karkea
karkeakarvainen
karkeatekoinen
karkkilalainen
karmea
karmia
karsas
karsea
karsinogeeninen
karsittu
karski
karthagolainen
kartiomainen
kartongiton
kartvelilainen
karu
karvainen
karvas
karvaton
kasapäin
kaskislainen
kassiittinen
kastanjanruskea
kastelematon
kastumaton
kasuaali
kasuistinen
kasvamaton
kasvatuksellinen
kasvava
kasvillinen
kasvitieteellinen
kasviton
-kasvuinen
katabolinen
katala
katalonialainen
katalyyttinen
kateellinen
kategorinen
katettu
katkaisematon
katkera
katoavainen
katoksellinen
katolinen
katsastamaton
-katseinen
katteellinen
katteeton
katumaton
katu-uskottava
katuvaloton
laadukas
laadullinen
laahaava
laahustamaton
laaja
laaja-alainen
laajahko
laajakatseinen
laajamittainen
laajasuinen
laakea
laakeriton
laastinen
laastiton
laatuisa
laatuunkäypä
labiili
-lahjainen
lahjakas
lahjaton
lahjomaton
lahkeeton
laho
lahoava
lahtelainen
laidallinen
laiha
laihialainen
laikukas
laillinen
laimea
laimentamaton
lainalainen
laineeton
lainen
lainkuuliainen
lainmukainen
lainsuojaton
lainsäädännöllinen
lainvastainen
lainvoimainen
laipiollinen
laiska
laitilalainen
laiton
laivastonsininen
lajikas
lajiteltu
lajittelematon
lajityypillinen
lakaisematon
lakisääteinen
lakiton
lakkaamaton
lakoninen
laksatiivinen
laktoosi-intolerantti
laktoositon
lakto-ovovegetaristinen
laktovegetaristinen
laminaarinen
lammasmainen
lammilainen
lamoava
langaton
lannaton
lannistava
lannistumaton
lannoittamaton
lannoitteeton
lantainen
lanteikas
laosilainen
lapinjärveläinen
lapinlahtelainen
lappalainen
lappeenrantalainen
lappilainen
lapsellinen
lapsenmielinen
lapsenomainen
lapseton
lapsirakas
lapsivihamielinen
lapualainen
lasimainen
lasinen
lasipäällysteinen
lasitettu
lasiton
lasittamaton
laskelmoiva
laskematon
laskennallinen
laskeutumaton
laskujoeton
laskutaidoton
laskutaitoinen
laskuvarjoton
lataamaton
latentti
lateraalinen
latinalainen
latinalaisamerikkalainen
latinalaiskatolinen
latinankielinen
latomaton
lattana
lattea
lattiaton
latvialainen
lauha
lauhkea
laukaalainen
laulullinen
lautasmainen
lavallinen
lavea
lefti
legendaarinen
legitiimi
lehdetön
lehtevä
leikillinen
leikkaamaton
leikkimielinen
leikkisä
leimaa-antava
leimaamaton
leimallinen
leipogrammaattinen
leivätön
leksikaalinen
lemiläinen
lempeä
lempääläläinen
lemuamaton
lemulainen
lenko
lentokyvytön
lentämätön
lentävä
leppeä
leppoisa
leppymätön
lepsu
leptokurtinen
lerppu
leso
letaali
letaalinen
letittämätön
letkeä
lettoinen
leuaton
leukava
leuto
leveä
leveäharteinen
leveähkö
levollinen
levoton
levyttämätön
levätön
libanonilainen
liberaali
liberaalinen
liberalistinen
libyalainen
lieaton
liehumaton
liejuinen
liekehtivä
lieksalainen
lierillinen
lieto
lietolainen
liettualainen
liettuankielinen
lievä
lihaisa
lihakas
lihakseton
lihaksikas
lihallinen
lihaton
lihava
liiallinen
liika
liikahtamaton
liikkumaton
liikkuva
liikunnallinen
liila
liimattu
liinaharja
liinainen
liinaton
liiska
liisteröimätön
maaginen
maahanmuuttajataustainen
maahanmuuttokriittinen
maahanmuuttopoliittinen
maahanmuuttovastainen
maailmallinen
maailmanlaajuinen
maakeskinen
maakunnallinen
maalaamaton
maalahtelainen
maalainen
maalaismainen
maalauksellinen
maaliskuinen
maallinen
maanalainen
maaninkalainen
maankarvainen
maankuulu
maanpetoksellinen
maanpäällinen
maantieteellinen
maarianhaminalainen
maaseutumainen
maatalousvaltainen
maaton
madonnamainen
madoton
mafinen
magneettinen
mahdollinen
mahdollisimman
mahdoton
mahku
mahlainen
maho
mahtava
mahtipontinen
maidonvalkea
maidoton
maineikas
mainen
mainio
mainittu
mairea
maistamaton
maitoinen
maitomainen
maittava
majesteetillinen
makaaberi
makaamaton
makea
makedonialainen
makkabealainen
makkabilainen
makkaramainen
makroskooppinen
maksamaalainen
maksamaton
maksimaalinen
maksukyvytön
maksullinen
maksuton
maksuunpantu
malajilais-polynesialainen
malawilainen
malesialainen
malilainen
malisiöösi
maljamainen
mallikas
mallikelpoinen
maltalainen
maltillinen
malttamaton
mammuttimainen
mandelainen
maneerimainen
manikealainen
manilalainen
mannermainen
mantereinen
manuaalinen
maolainen
marginaalinen
marinoitu
marjaskarhu
marokkolainen
marraskuinen
marsilainen
martensiittinen
marto
marxilainen
maskulainen
maskuliininen
maskuliinisukuinen
masokistinen
massallinen
massaton
massiivinen
matala
matalakorkoinen
matemaattinen
materialistinen
matriarkaalinen
matrilineaarinen
matta
mattoveitsi
maturoitunut
maukas
maurilainen
maustamaton
mauton
mediaalinen
mediaseksikäs
mediterraaninen
meedialainen
megalomaaninen
mehevä
mehukas
meikitön
meikäläinen
mekaaninen
meksikolainen
melankolinen
melko
melkoinen
melkoisen
melodinen
melodramaattinen
meluisa
meluton
menestyksekäs
menetelmällinen
menevä
meningeaalinen
mennyt
mennä
menstruaalinen
mentaalinen
mereinen
merellinen
merenalainen
merensininen
merikarvialainen
meritokraattinen
merkillinen
merkitsemätön
merkitsevä
merkittävä
merkityksellinen
merkityksetön
merkitön
mesokurtinen
mesoliittinen
mesotsooinen
messevä
messiaaninen juutalaisuus
messiaanisuus
mestarillinen
metabolinen
metaforinen
metafyysinen
metallilankainen
metallimainen
metallinen
metalliton
metallurginen
metamorfinen
meteorologinen
metodinen
metodistinen
metonyyminen
metsäinen
metsästämätön
metsätön
miehekäs
miehevä
miehinen
miehittämätön
mieleinen
mielekäs
mielenkiintoinen
mielenterveydellinen
mielenterveysongelmainen
mielenvikainen
mieletön
mielikuvituksellinen
mielikuvitukseton
mielinen
mielipuoli
mielisairas
mielivaltainen
miellyttävä
mieluinen
mieserityinen
mieskuntoinen
miesmäinen
naantalilainen
naaraspuolinen
naarmuton
naatti
naavapartainen
naavaton
nabatealainen
nafti
nahkainen
naiivi
naimaton
naisellinen
naiserityinen
naismainen
naispuolinen
naisvaltainen
naivistinen
naku
namu
napakka
napillinen
napiton
napolilainen
naposteltava
nappulaton
narkoottinen
narrimainen
narsistinen
naruton
nasaretilainen
naseva
nasta
natiivi
nationalistinen
natu
nauhaton
nauhoittamaton
naulaton
naulitseva
naurettava
naurulainen
naurunalainen
nautamainen
nautinnollinen
nauvolainen
navakka
nearktinen
negatiivinen
negridinen
neitimäinen
neitseellinen
neitsyt
nekrotisoiva
nelimoottorinen
neliosainen
neliskanttinen
neliskulmainen
nelivetoinen
neliviivainen
neliömäinen
neljännesvuosittainen
nenäkäs
nenäliinaton
nenätön
neodarvinistinen
neoliittinen
neonataalinen
neoteeninen
neotrooppinen
nepalilainen
nerkoonen
nerokas
nesteetön
nestemäinen
nesteyttämätön
neukkulainen
neulaton
neuleeton
neulomaton
neuloutuva
neuraalinen
neuroaktiivinen
neurologinen
neuroottinen
neutraali
neuvoa-antava
neuvokas
neuvostoliittolainen
neuvostovalmisteinen
neuvoton
nevöhööd
nicaragualainen
nigerialainen
nigeriläinen
nigeriläis-kongolainen
nihilistinen
nihkeä
niin sanottu
niinsanottu
nikkelitön
nikotiiniton
nimekäs
nimellinen
nimetön
nirhalaitainen
nirso
nitomaton
niukka
niukkaliukoinen
niveljalkainen
nizzalainen
noheva
nokialainen
nokinen
nokkava
nokkela
nollakorkoinen
nolo
nolostumaton
nominaalinen
nominalistinen
nominikantainen
nominiton
nomoteettinen
noormarkkulainen
nopea
nopeaälyinen
nopeuttamaton
nopsa
nopsajalkainen
norja
norjalainen
norjankielinen
normaali
normaalipainoinen
normatiivinen
normi
norski
norsunluinen
nostamaton
notkea
notkumaton
noudettu
nousematon
nousiaislainen
nousukasmainen
nuhaton
nuhjuinen
nuhteeton
nuiva
nukkapintainen
nukkavieru
nukkemainen
nukkuva
nulikkamainen
numeeninen
numeerinen
numeroimaton
numeroitu
numeroitumaton
numeroituva
numeroton
numidialainen
numismaattinen
nuolimainen
nuolityvinen
nuorekas
nuorentumaton
nuori
nuorsuomalainen
nuortumaton
nupo
nupullinen
nurinkurinen
nurja
nuti
nuubialainen
nuuka
nyhälaitainen
nyktinastinen
nykyaikainen
nykyinen
nykypäiväinen
nyrpeä
näennäinen
näennäistieteellinen
näkevä
näkymätön
näkyvä
näköalaton
näköinen
näkökyvytön
nälkäinen
näppäimetön
näppäimistötön
näppärä
näpsäkkä
näpytön
närpiöläinen
näsäviisas
obeesi
objektiivinen
obskuuri
obstetrinen
odiöösi
odottamaton
oheinen
ohentamaton
ohikiitävä
ohimenevä
ohjeeton
ohkainen
ohut
oidipaalinen
oikaistu
oikea
oikeakätinen
oikeanpuoleinen
oikeellinen
oikeistolainen
oikeudellinen
oikeudenmukainen
oikeudeton
oikeustajuton
oikeustieteellinen
oikoinen
oikosulkuinen
oikukas
oikullinen
oireeton
oiva
oivallinen
OK
okei
okkultistinen
okkulttinen
oksainen
oksaton
oksidentaali
oksipitaalinen
oktametrinen
oleellinen
olefiini
olemassa oleva
olematon
olennainen
oletettava
oleva
olfaktorinen
oligodynaaminen
oliivinvihreä
olkaimeton
olkinen
oloinen
olympia-
olympolainen
oma
oma-aloitteinen
omahyväinen
-omainen
omakohtainen
omakätinen
omalaatuinen
omanilainen
omaperäinen
omapäinen
omatahtoinen
omatoiminen
omavarainen
ominainen
omintakeinen
omituinen
ompeleeton
ompelematon
ongelmainen
ongelmallinen
ongelmaton
onnekas
onnellinen
onneton
onnettomuusaltis
onnistumaton
onomatopoeettinen
onomatopoieettinen
onteloinen
ontologinen
ontto
onttosarvinen
ontuva
ookoo
operationaalinen
opettava
opetuksellinen
opiskeleva
oppimaton
-oppinen
oppinut
oppitekoinen
oppivainen
optimaalinen
optimistinen
optinen
oraakkelimainen
oranssi
oranssinen
oranssinkeltainen
oranssinpunainen
oratorinen
oravaislainen
ordoviikkinen
orgaaninen
orientaalinen
originelli
orimattilalainen
orjallinen
orjamainen
orogeeninen
orpo
ortodoksinen
ortogonaalinen
ortografinen
orwellilainen
osa-aikainen
osaamaton
osallistava
osasyyllinen
osaton
osittainen
osittamaton
oslolainen
osmaninkielinen
osoittamaton
osteologinen
osteoporoottinen
ostovoimakorjattu
osuva
otettu
otollinen
otsakkeeton
otsikoimaton
otsikoton
ottava
ottolainen
oulaistelainen
oululainen
oulunsalolainen
outo
ovaali
ovela
ovellinen
oversold
ovipaarinen
ovovivipaarinen
paha
pahaenteinen
pahamaineinen
pahanhajuinen
pahanlaatuinen
pahanmakuinen
pahansuopa
pahantahtoinen
paheellinen
paheksuttava
pahviton
paidaton
paikallinen
paikoittainen
paimiolainen
painajaismainen
painamaton
painava
paineeton
paineistamaton
painettu
painollinen
painostamaton
painostava
painoton
-painotteinen
painotuore
painumaton
paistettu
pakanallinen
pakastamaton
pakistanilainen
pakkaamaton
pakkomielteinen
pakollinen
paksu
paksuinen
paksupäinen
palamaton
palaulainen
palearktinen
paleobiologinen
paleoliittinen
paleontologinen
paleotrooppinen
paleotsooinen
palestiinalainen
paha
pahaenteinen
pahamaineinen
pahanhajuinen
pahanlaatuinen
pahanmakuinen
pahansuopa
pahantahtoinen
paheellinen
paheksuttava
pahviton
paidaton
paikallinen
paikoittainen
paimiolainen
painajaismainen
painamaton
painava
paineeton
paineistamaton
painettu
painollinen
painostamaton
painostava
painoton
-painotteinen
painotuore
painumaton
paistettu
pakanallinen
pakastamaton
pakistanilainen
pakkaamaton
pakkomielteinen
pakollinen
paksu
paksuinen
paksupäinen
palamaton
palaulainen
palearktinen
paleobiologinen
paleoliittinen
paleontologinen
paleotrooppinen
paleotsooinen
palestiinalainen
paljas
paljasjalkainen
paljo
paljon
paljonpuhuva
palkallinen
palkaton
palkitseva
-palkkainen
palliatiivinen
pallinaamainen
pallomainen
palloton
palmaarinen
paltamolainen
palttinasidoksinen
palvelualtis
panamalainen
pannonialainen
panteistinen
paperinen
paperiton
papuauusiguinealainen
para
paradigmaattinen
paradoksaalinen
parafyleettinen
parahultainen
paraislainen
parakielellinen
paranematon
paranoidinen
paranormaali
parantava
parantumaton
parataktinen
paree
parenteraalinen
pariisilainen
parillinen
pariton
parkitsematon
parlamentaarinen
parodiallinen
parrakas
parraton
parree
parsilainen
partalainen
partenogeneettinen
parthialainen
partikkelillinen
partikulaarinen
paska
paskainen
paskamainen
passeli
passiivinen
pastoraalinen
patalaiska
pateettinen
patogeeninen
patologinen
patriarkaalinen
patrioottinen
patristinen
pedagoginen
pedanttinen
pedersöreläinen
pediatrinen
peeaa
pehmeä
pehmusteeton
peilityyni
peiteltävä
peitetty
peitettävä
peitteetön
peittynyt
peittyvä
pejoratiivinen
pekingiläinen
pelaginen
pelkkä
pelkurimainen
pelkäämätön
pelkääväinen
pellavapäinen
pelokas
peloponnesolainen
peloton
pelottava
pelättävä
penaaliton
pengermäinen
penikkamainen
pennitön
pensasmainen
penseä
pentametrinen
pentatoninen
pentumainen
perforoitu
perheellinen
perheetön
perhomainen
periaatteellinen
perifrastinen
perikardiaalinen
perimmäinen
perin
perinnöllinen
perinnötön
perinpohjainen
perinteinen
peristalttinen
peritty
periytyvä
perjantainen
perkeleellinen
permiläinen
perminen
pernajalainen
perniöläinen
peroraalinen
persaukinen
persevä
persialainen
persikkainen
persjalkainen
perso
perulainen
peruslaatuinen
perusluonteinen
perussuomalainen
perustavanlaatuinen
perusteellinen
perusteeton
perustuslaillinen
peruuttamaton
perverssi
peräjälkeen
peräkkäinen
perättäinen
peräänantamaton
pescovegetaristinen
pesemätön
peseytymätön
pessimistinen
pesunkestävä
petollinen
petomainen
petäjäinen
qatarilainen
raadollinen
raahelainen
raajarikkoinen
raajaton
raaka
raakilemainen
raamatullinen
raapimaton
raastamaton
raavas
rabbiininen
rabbiininen juutalaisuus
rabbinistinen judaismi
rabbinistinen juutalaisuus
radiaalinen
radikaali
radioaktiivinen
radiotaajuinen
radioton
rahakas
rahallinen
rahanahne
rahapoliittinen
rahaton
rahkeeton
rahoittamaton
rahvaanomainen
raihnainen
raihnas
raikas
raisiolainen
raisu
raiteeton
raitis
raitti
raivo
raivoisa
raivokas
raivoraitis
raivostuttava
raivotautinen
rajaamaton
rajallinen
rajaton
rajoittamaton
rajoittunut
raju
rakas
rakastettava
rakennettu
rakenteellinen
rakenteinen
rakettimainen
rakkulamainen
raksu
rankka
rannikkolainen
ranskalainen
ranskankielinen
rantsilalainen
raoton
rapakuntoinen
rapea
rapee
rappaamaton
rappeuttava
rapsakas
rapsakka
rasistinen
rasittava
raskaana
raskaana oleva
raskas
raskauttava
rasvainen
rasvaliukoinen
rasvapitoinen
rasvaton
rationaalinen
rationalistinen
ratkaisematon
ratkiriemukas
ratsastanut
ratsastava
raudaton
rauhallinen
rauhaton
raukea
raukkamainen
raumalainen
raumankielinen
rauska
rautainen
rautakautinen
rautias
ravinteeton
ravintoaineeton
ravitsemuksellinen
ravitseva
reaaliaikainen
reaalinen
reaktiivinen
realistinen
reetialainen
refleksiivinen
regressiivinen
rehellinen
rehevä
rehevöitynyt
rehti
rehvakas
reiikäs
rei
ittämätön
reikäinen
reilu
reima
reipas
reitevä
reititön
reiällinen
reiätön
rekisteröimätön
rekisteröity
rekisteröitymätön
rektaalinen
relatiivinen
relativistinen
relevantti
renaalinen
renkaaton
rento
rentoutumaton
reopektinen
repressiivinen
republikaaninen
repullinen
reseptivapaa
resiprookkinen
retorinen
retro
retrofleksinen
retrogradinen
retrohenkinen
revisionistinen
riehakas
riemukas
riihikuiva
riikalainen
riippuva
riippuvainen
riisitautinen
riistanmakuinen
riitainen
riitaisa
riittämätön
riittävä
rikas
rikeä
rikkainen
rikkinen
rikkinäinen
rikkonainen
rikkoontumaton
rikkoutunut
rikollinen
rikosoikeudellinen
rikottu
rimppakinttu
rinnakkainen
rinnasteinen
rintaliivitön
rintava
ripeä
risa
riskaabeli
riski
riskialtis
riskipitoinen
risteämätön
ristijärveläinen
ristimäinen
ristiriitainen
ritilätön
riukumainen
rivo
robottimainen
robusti
rodullinen
rohkea
roisi
roistomainen
rokonarpinen
romaaninen
romahdusmainen
romanialainen
romanttinen
rombinen
romboedrinen
romuluinen
raadollinen
raahelainen
raajarikkoinen
raajaton
raaka
raakilemainen
raamatullinen
raapimaton
raastamaton
raavas
rabbiininen
rabbiininen juutalaisuus
rabbinistinen judaismi
rabbinistinen juutalaisuus
radiaalinen
radikaali
radioaktiivinen
radiotaajuinen
radioton
rahakas
rahallinen
rahanahne
rahapoliittinen
rahaton
rahkeeton
rahoittamaton
rahvaanomainen
raihnainen
raihnas
raikas
raisiolainen
raisu
raiteeton
raitis
raitti
raivo
raivoisa
raivokas
raivoraitis
raivostuttava
raivotautinen
rajaamaton
rajallinen
rajaton
rajoittamaton
rajoittunut
raju
rakas
rakastettava
rakennettu
rakenteellinen
rakenteinen
rakettimainen
rakkulamainen
raksu
rankka
rannikkolainen
ranskalainen
ranskankielinen
rantsilalainen
raoton
rapakuntoinen
rapea
rapee
rappaamaton
rappeuttava
rapsakas
rapsakka
rasistinen
rasittava
raskaana
raskaana oleva
raskas
raskauttava
rasvainen
rasvaliukoinen
rasvapitoinen
rasvaton
rationaalinen
rationalistinen
ratkaisematon
ratkiriemukas
ratsastanut
ratsastava
raudaton
rauhallinen
rauhaton
raukea
raukkamainen
raumalainen
raumankielinen
rauska
rautainen
rautakautinen
rautias
ravinteeton
ravintoaineeton
ravitsemuksellinen
ravitseva
reaaliaikainen
reaalinen
reaktiivinen
realistinen
reetialainen
refleksiivinen
regressiivinen
rehellinen
rehevä
rehevöitynyt
rehti
rehvakas
reiikäs
reiittämätön
reikäinen
reilu
reima
reipas
reitevä
reititön
reiällinen
reiätön
rekisteröimätön
rekisteröity
rekisteröitymätön
rektaalinen
relatiivinen
relativistinen
relevantti
renaalinen
renkaaton
rento
rentoutumaton
reopektinen
repressiivinen
republikaaninen
repullinen
reseptivapaa
resiprookkinen
retorinen
retro
retrofleksinen
retrogradinen
retrohenkinen
revisionistinen
riehakas
riemukas
riihikuiva
riikalainen
riippuva
riippuvainen
riisitautinen
riistanmakuinen
riitainen
riitaisa
riittämätön
riittävä
rikas
rikeä
rikkainen
rikkinen
rikkinäinen
rikkonainen
rikkoontumaton
rikkoutunut
rikollinen
rikosoikeudellinen
rikottu
rimppakinttu
rinnakkainen
rinnasteinen
rintaliivitön
rintava
ripeä
risa
riskaabeli
riski
riskialtis
riskipitoinen
risteämätön
ristijärveläinen
ristimäinen
ristiriitainen
ritilätön
riukumainen
rivo
robottimainen
robusti
rodullinen
rohkea
roisi
roistomainen
rokonarpinen
romaaninen
romahdusmainen
romanialainen
romanttinen
rombinen
romboedrinen
romuluinen
ronkeli
saalilainen
saamaton
saamelainen
saappaaton
saastainen
saasteeton
saasteinen
saastunut
saatanallinen
saatavilla oleva
saava
sadistimainen
sadistinen
sahalaitainen
sahamainen
saiittinen
sairaalloinen
sairas
sairastamaton
sairastumaton
sairaudentunnoton
sairaudentuntoinen
sairaudeton
saisse
saita
sakarainen
sakea
sakraali
sakraalinen
saksalainen
saksankielinen
salafistinen
salainen
salakavala
salakähmäinen
salamannopea
salaperäinen
saletti
salliva
salskea
salvadorilainen
sama
samainen
samamerkityksinen
samanaikainen
samanarvoinen
samanikäinen
samanistinen
samankaltainen
samankeskinen
samanlainen
samanmerkityksinen
samanniminen
samansuuntainen
samansuuruinen
samantapainen
samarialainen
samasukupuolinen
sambialainen
samea
samettinen
sammaleeton
sammaleinen
sammuttamaton
samoalainen
samoilla
sanallinen
sanaton
sanavalmis
sangollinen
sangviininen
sankarillinen
sankka
sanoin kuvaamaton
sanoinkuvailematon
sanoittamaton
sanomaton
sanottu
saranoitu
sardinialainen
sardoninen
sarjavalmisteinen
sarjoittainen
sarkastinen
sarvekas
sarvipää
satavuotias
satavuotinen
sateenkaareva
sateeton
sateinen
sattumanvarainen
satulaton
satuloimaton
satumainen
satunnainen
saudiarabialainen
sauvamainen
sauvolainen
savonlinnalainen
savuton
scheisse
seemiläinen
seemiläis-haamilainen
sees
seesteinen
seikkaperäinen
seinäjokelainen
seinätön
seismologinen
seisomaton
seisova
seitsenpäiväinen
seittimäinen
sekainen
sekaisin
sekalainen
sekarotuinen
sekasortoinen
sekava
seko
sekoamaton
sekoitettu
sekoittamaton
sekoittumaton
sekopäinen
seksihullu
seksikäs
seksinukke
seksitön
seksuaalinen
sekulaari
sekulaarinen
sekunda
sekundaarinen
selkeä
selkokielinen
selkärangaton
selkärankainen
selkävaivainen
sellainen
selville
selvittämätön
selviämätön
selvä
selväpäinen
seläkkeetön
semanttinen
semelparinen
semioottinen
semmoinen
semmonen
semmottiin
senaarinen
seneeminen
senegalilainen
seniili
sensaatiomainen
sensuelli
sentimentaalinen
sentrifugaalinen
sentripetaalinen
sepitteellinen
sepitteinen
sepivä
septinen
serbialainen
serbiankielinen
seremoniaalinen
seremoniallinen
serrimäinen
sessiili
sessiilinen
setämäinen
seuraamaton
seuraava
seurannut
shaisse
shanghaijattu
shokeeraava
siamilainen
siansilmäinen
sidonilainen
sidottu
sieluton
sienimäinen
sierraleonelainen
sietämätön
sievistelevä
sievä
signifikantti
siialainen
siikaislainen
siirretty
siirrettävä
siirtogeeninen
siisti
siistimätön
siivekäs
taaja
taantumuksellinen
taantuva
tadzikistanilainen
taempi
tahallinen
tahaton
tahdistamaton
tahditon
tahmaamaton
tahmaton
tahmea
tahokas
tahraton
tahriintumaton
tahrimaton
taidokas
taidoton
taikauskoinen
taikinainen
taikinamainen
taimmainen
tain
taipuisa
taipumaton
taipuvainen
taitava
taiteellinen
taitokseton
taittamaton
taittumaton
taiturimainen
taivaallinen
taivaansininen
taiwanilainen
taivassalolainen
taivuttamaton
tajuton
takainen
takapajuinen
takaperoinen
takavetoinen
takimmainen
takimmaisempi
takiton
takkuinen
taksonominen
taktiili
taktiilinen
taktinen
takuuvarma
talking
tallentamaton
tallentumaton
tallinnalainen
talokas
taloudellinen
talouspoliittinen
taloustieteellinen
taltioimaton
talvehtimaton
talvenkestävä
talvinen
tammikuinen
tamminen
tammisaarelainen
tamperelainen
tanakka
tangentiaalinen
tanskalainen
tanskalaissyntyinen
tanskankielinen
tanssittava
tanssiva
tanttamainen
taolainen
tapaturma-altis
tapetoimaton
tarjoamaton
tarkentumaton
tarkentuva
tarkistamaton
tarkka
tarkkaavainen
tarkkailematon
tarkkasilmäinen
tarkkeellinen
tarkkeeton
tarkoitettu
tarkoituksellinen
tarkoituksenmukainen
tarkoitukseton
tarkoitushakuinen
tarmokas
tarpeellinen
tarpeeton
tarsaalinen
tarttumaton
tarumainen
tarvittava
tasa-arvoinen
tasainen
tasapaksuinen
tasasivuinen
tasasoukka
tasavaltainen
tasavaltalainen
tasavertainen
tasaväkinen
taskullinen
taskuton
tasoittamaton
tasokas
taukoamaton
tauluton
tauoton
taustainen
tautologinen
tavallinen
tavan
tavanmukainen
tavanomainen
tavaton
teatraalinen
teennäinen
teeskentelemätön
tehdasmainen
tehokas
tehty
tehtävä
tekevä
tekijänoikeudellinen
teknillinen
tekninen
teknokraattinen
teknologinen
tekopyhä
tektoninen
telepaattinen
televisioitu
televisioton
telluurinen
temaattinen
temporaalinen
tenholalainen
teokraattinen
teollinen
teologinen
teoreettinen
terapeuttinen
terhakas
terhakka
terheninen
terminen
termobaarinen
termodynaaminen
termonukleaarinen
teroittamaton
territoriaalinen
tertiäärinen
tervaamaton
tervainen
tervattu
terve
terveellinen
tervejärkinen
terveydellinen
tervolainen
tervolalainen
teräksetön
teräksinen
terällinen
terästetty
terästämätön
terävä
teräväkulmainen
teräväkärkinen
tessalonikalainen
tetragoninen
tetrametrinen
tetrasominen
teuvalainen
texasilainen
thaimaalainen
thebalainen
tibiaalinen
tiedetty
tiedonjanoinen
tiedostava
tiedoton
tieteellinen
tietoinen
tietokoneeton
tietty
tietämätön
tietäväinen
tietön
ufo
ugandalainen
ugaritilainen
ugrilainen
uhkaava
uhkarohkea
uhkea
uhkeapovinen
uhmaikäinen
uimataidoton
ujo
ujostelematon
ukrainalainen
uljas
ulkoinen
ulkokultainen
ulkolainen
ulkomaalaistaustainen
ulkomainen
ulkoneva
ulkonäkökeskeinen
ulkopuolinen
uloin
ulompi
ulostamaton
ulosteinen
ultimaattinen
ulvilalainen
umbra
ummikko
umpieritteinen
umpimähkäinen
umpipaska
unaarinen
uneton
uniikki
uninen
uniseksi
unisex
universaali
universaalinen
unkarilainen
unkarinkielinen
unkeellinen
unohtumaton
untuvainen
upea
upouusi
uppoamaton
uppo-outo
upporikas
uraton
urbaani
urhea
urheilullinen
urhoollinen
urjalalainen
urospuolinen
urpo
uruguaylainen
uskalias
uskollinen
uskomaton
uskonnollinen
uskoton
uskottava
uskovainen
usvainen
utelias
utooppinen
uudenaikainen
uuden uutukainen
uudistusmielinen
uunituore
uuno
uupunut
uuraislainen
uuras
uus
uusavuton
uusdarvinistinen
uusi
uusikaarlepyyläinen
uusikaupunkilainen
uusiseelantilainen
uusitestamentillinen
uusittava
uusiutumaton
uusiutuva
uusliberalistinen
uusmaalainen
uutettu
uuttera
uvulaarinen
uzbekinkielinen
uzbekistanilainen
vaakasuora
vaakasuuntainen
vaalalainen
vaalea
vaaleaihoinen
vaaleanpunainen
vaaleanruskea
vaaleansininen
vaaleatukkainen
vaalikelpoinen
vaarallinen
vaaranalainen
vaaraton
vaasalainen
vaatelias
vaatimaton
vaativa
vaffa
vahaamaton
wahhabistinen
vahingollinen
vahingoniloinen
vahva
vahvaluustoinen
vaihdollinen
vaiheikas
vaiheittainen
vaihtoehtoinen
vaihtuvakorkoinen
vaikea
vaikeakulkuinen
vaikeudeton
vaikeutumaton
vaikkuinen
vaikuton
vaikuttava
vaikutusvaltainen
vaillinainen
vaimea
vainoharhainen
vaistomainen
vaisu
vaitelias
vaitonainen
vaivalloinen
vajaa
vajaamielinen
vajaavaltainen
vajaaälyinen
vajauksellinen
vajavainen
vajoamaton
vaka
vakaa
vakava
vakavarainen
vakiintunut
vakinainen
vakituinen
vakuudellinen
vakuudeton
vakuuttava
valaisematon
valaiseva
valakka
valdolainen
valehtelematon
walesilainen
valheellinen
validi
valikoimaton
valinnainen
valinnanvarainen
valitettava
valitsematon
valittamaton
valittu
valkaisematon
valkaiseva
valkea
valkoihoinen
valkoinen
valkotakkinen
valkovenäjänkielinen
valkovenäläinen
valkuaisaineeton
vallankumouksellinen
vallaton
vallitseva
valloittamaton
valloittava
valmis
valmistautunut
valmisteleva
valmistettu
valmistunut
valoisa
valokuvamainen
valokuvauksellinen
valosähköinen
valoton
vaakasuora
vaakasuuntainen
vaalalainen
vaalea
vaaleaihoinen
vaaleanpunainen
vaaleanruskea
vaaleansininen
vaaleatukkainen
vaalikelpoinen
vaarallinen
vaaranalainen
vaaraton
vaasalainen
vaatelias
vaatimaton
vaativa
vaffa
vahaamaton
wahhabistinen
vahingollinen
vahingoniloinen
vahva
vahvaluustoinen
vaihdollinen
vaiheikas
vaiheittainen
vaihtoehtoinen
vaihtuvakorkoinen
vaikea
vaikeakulkuinen
vaikeudeton
vaikeutumaton
vaikkuinen
vaikuton
vaikuttava
vaikutusvaltainen
vaillinainen
vaimea
vainoharhainen
vaistomainen
vaisu
vaitelias
vaitonainen
vaivalloinen
vajaa
vajaamielinen
vajaavaltainen
vajaaälyinen
vajauksellinen
vajavainen
vajoamaton
vaka
vakaa
vakava
vakavarainen
vakiintunut
vakinainen
vakituinen
vakuudellinen
vakuudeton
vakuuttava
valaisematon
valaiseva
valakka
valdolainen
valehtelematon
walesilainen
valheellinen
validi
valikoimaton
valinnainen
valinnanvarainen
valitettava
valitsematon
valittamaton
valittu
valkaisematon
valkaiseva
valkea
valkoihoinen
valkoinen
valkotakkinen
valkovenäjänkielinen
valkovenäläinen
valkuaisaineeton
vallankumouksellinen
vallaton
vallitseva
valloittamaton
valloittava
valmis
valmistautunut
valmisteleva
valmistettu
valmistunut
valoisa
valokuvamainen
valokuvauksellinen
valosähköinen
valoton
valpas
valtaisa
valtakunnallinen
valtava
valtiojohtoinen
valtiollinen
valtionhoitaja
valtio-omisteinen
valtiosääntöoikeudellinen
valtiovaltainen
valurautainen
valuviallinen
valvomaton
vammainen
vanha
vanhahko
vanhahtava
vanhanaikainen
vanhatestamentillinen
vanhennut
vanhentumaton
vanhoillinen
vanhurskas
vanhuudenheikko
vanhuudenhöperö
vankeudeton
vankka
vankkarakenteinen
vankkumaton
vantaalainen
vanttera
vanuatulainen
vapaa
vapaaehtoinen
vapaamielinen
vapaamuotoinen
vapaavalintainen
varaamaton
varakas
vararenkaaton
varastamaton
varastoimaton
varaton
varattu
varaukseton
varhainen
varhaiskypsä
varhempi
vari
variaabeli
varissut
varjostimeton
varma
varoittava
varomaton
varottava
varovainen
varpaaton
varrellinen
varreton
varsieväinen
varsinainen
varsinaissuomalainen
varsovalainen
varustettu
vasemmistolainen
vasen
vasenkätinen
vasikallinen
vasikkamainen
vaskulaarinen
vastaansanomaton
vastaava
vastahakoinen
vastainen
vastakkainen
vastakkaissuuntainen
vastapuikea
vastapäinen
vastapäiväinen
vastasyntynyt
vastavallankumouksellinen
vastavuoroinen
vastenmielinen
vastentahtoinen
vastikkeeton
vastustava
vastuullinen
vastuuntunnoton
vastuuton
vatkattu
vatsakas
vauhdikas
vauhditon
vauhko
vauras
vedalainen
ydinaseeton
yhdenmukainen
yhdensuuntainen
yhdistetty
yhdistynyt
yhdysvaltalainen
yhtaikainen
yhteenkuuluva
yhteenlaskettava
yhteensopimaton
yhteensopiva
yhteinen
yhteiskunnallinen
yhteiskuntataloudellinen
yhteismitallinen
yhteismuotoinen
yhteistyöhenkinen
yhteistyökykyinen
yhteisöllinen
yhtenäinen
yhtäinen
yhtäkkinen
yhtäläinen
yksiavioinen
yksijalkainen
yksijumalainen
yksikkömuotoinen
yksikätinen
yksiköllinen
yksilöllinen
yksimastoinen
yksimielinen
yksiniitinen
yksinkertainen
yksinumeroinen
yksinäinen
yksipiippuinen
yksipuolinen
yksiselitteinen
yksisilmäinen
yksisoluinen
yksisuuntainen
yksisylinterinen
yksitavuinen
yksitoikkoinen
yksittäinen
yksituumainen
yksityinen
yksityiskohtainen
yksiviivainen
yksivuotinen
yleinen
yleishyödyllinen
yleiskielinen
yleiskäyttöinen
yleisliittolainen
yleismaailmallinen
yleissivistävä
yleistymätön
ylellinen
ylempi
ylempiarvoinen
ylenpalttinen
yletön
ylevä
ylhäinen
yliampuva
ylihengellinen
yliherkkä
yli-ikäinen
yli-inhimillinen
yliluonnollinen
ylimalkainen
ylimarkkulainen
ylimielinen
ylimmäinen
ylimääräinen
ylin
ylinouseva
ylinumeroituva
ylipainoinen
ylipitkä
ylistävä
ylisuuri
ylitorniolainen
ylittävä
ylivelkaantunut
ylivoimainen
ylivuotinen
yllä oleva
ylläoleva
yllätyksellinen
yllätyksetön
ylpeä
yltiöisänmaallinen
yltäkylläinen
ylväs
yläluokkainen
yläosaton
yläpuolinen
yläviiva
ylöjärveläinen
ylösalainen
ymmärretty
ymmärrettävä
ymmärtämätön
ymmärtäväinen
ympäripyöreä
ympäristöystävällinen
ynseä
yritteliäs
yrjönaikainen
yrmeä
yskätön
ystävällinen
ystävätön
ytimekäs
yöaktiivinen
yöhyt
yököttävä
yöllinen
yönmusta
yöpyvä
yötön
zarathustralainen
zimbabwelainen
äetsäläinen
ähtäriläinen
äidillinen
äiditön
äitelä
äkeä
äkillinen
äkkiarvaamaton
äkkijyrkkä
äkkinäinen
äkkipikainen
äkkisyvä
äklö
äksy
äkäinen
ällikällä lyöty
ällöttävä
älykäs
älyllinen
älytön
älyvapaa
ämmämäinen
äreä
ärsyttämätön
ärsyttävä
ärtyisä
äskeinen
äveriäs
äyskärillinen
ääliömäinen
äänekäs
äänestämätön
äänetön
ääninen
äänioikeudeton
äänioikeutettu
äärellinen
ääretön
äärimmäinen
äärioikeistolainen
ääriuskonnollinen
öinen
öky
öljyinen
öljymäinen
öljytön
öykkärimäinen
öölantilainen
ydinaseeton
yhdenmukainen
yhdensuuntainen
yhdistetty
yhdistynyt
yhdysvaltalainen
yhtaikainen
yhteenkuuluva
yhteenlaskettava
yhteensopimaton
yhteensopiva
yhteinen
yhteiskunnallinen
yhteiskuntataloudellinen
yhteismitallinen
yhteismuotoinen
yhteistyöhenkinen
yhteistyökykyinen
yhteisöllinen
yhtenäinen
yhtäinen
yhtäkkinen
yhtäläinen
yksiavioinen
yksijalkainen
yksijumalainen
yksikkömuotoinen
yksikätinen
yksiköllinen
yksilöllinen
yksimastoinen
yksimielinen
yksiniitinen
yksinkertainen
yksinumeroinen
yksinäinen
yksipiippuinen
yksipuolinen
yksiselitteinen
yksisilmäinen
yksisoluinen
yksisuuntainen
yksisylinterinen
yksitavuinen
yksitoikkoinen
yksittäinen
yksituumainen
yksityinen
yksityiskohtainen
yksiviivainen
yksivuotinen
yleinen
yleishyödyllinen
yleiskielinen
yleiskäyttöinen
yleisliittolainen
yleismaailmallinen
yleissivistävä
yleistymätön
ylellinen
ylempi
ylempiarvoinen
ylenpalttinen
yletön
ylevä
ylhäinen
yliampuva
ylihengellinen
yliherkkä
yli-ikäinen
yli-inhimillinen
yliluonnollinen
ylimalkainen
ylimarkkulainen
ylimielinen
ylimmäinen
ylimääräinen
ylin
ylinouseva
ylinumeroituva
ylipainoinen
ylipitkä
ylistävä
ylisuuri
ylitorniolainen
ylittävä
ylivelkaantunut
ylivoimainen
ylivuotinen
yllä oleva
ylläoleva
yllätyksellinen
yllätyksetön
ylpeä
yltiöisänmaallinen
yltäkylläinen
ylväs
yläluokkainen
yläosaton
yläpuolinen
yläviiva
ylöjärveläinen
ylösalainen
ymmärretty
ymmärrettävä
ymmärtämätön
ymmärtäväinen
ympäripyöreä
ympäristöystävällinen
ynseä
yritteliäs
yrjönaikainen
yrmeä
yskätön
ystävällinen
ystävätön
ytimekäs
yöaktiivinen
yöhyt
yököttävä
yöllinen
yönmusta
yöpyvä
yötön
zarathustralainen
zimbabwelainen
äetsäläinen
ähtäriläinen
äidillinen
äiditön
äitelä
äkeä
äkillinen
äkkiarvaamaton
äkkijyrkkä
äkkinäinen
äkkipikainen
äkkisyvä
äklö
äksy
äkäinen
ällikällä lyöty
ällöttävä
älykäs
älyllinen
älytön
älyvapaa
ämmämäinen
äreä
ärsyttämätön
ärsyttävä
ärtyisä
äskeinen
äveriäs
äyskärillinen
ääliömäinen
äänekäs
äänestämätön
äänetön
ääninen
äänioikeudeton
äänioikeutettu
äärellinen
ääretön
äärimmäinen
äärioikeistolainen
ääriuskonnollinen
öinen
öky
öljyinen
öljymäinen
öljytön
öykkärimäinen
öölantilainen
zarathustralainen
zimbabwelainen
äetsäläinen
ähtäriläinen
äidillinen
äiditön
äitelä
äkeä
äkillinen
äkkiarvaamaton
äkkijyrkkä
äkkinäinen
äkkipikainen
äkkisyvä
äklö
äksy
äkäinen
ällikällä lyöty
ällöttävä
älykäs
älyllinen
älytön
älyvapaa
ämmämäinen
äreä
ärsyttämätön
ärsyttävä
ärtyisä
äskeinen
äveriäs
äyskärillinen
ääliömäinen
äänekäs
äänestämätön
äänetön
ääninen
äänioikeudeton
äänioikeutettu
äärellinen
ääretön
äärimmäinen
äärioikeistolainen
ääriuskonnollinen
öinen
öky
öljyinen
öljymäinen
öljytön
öykkärimäinen
öölantilainen
äetsäläinen
ähtäriläinen
äidillinen
äiditön
äitelä
äkeä
äkillinen
äkkiarvaamaton
äkkijyrkkä
äkkinäinen
äkkipikainen
äkkisyvä
äklö
äksy
äkäinen
ällikällä lyöty
ällöttävä
älykäs
älyllinen
älytön
älyvapaa
ämmämäinen
äreä
ärsyttämätön
ärsyttävä
ärtyisä
äskeinen
äveriäs
äyskärillinen
ääliömäinen
äänekäs
äänestämätön
äänetön
ääninen
äänioikeudeton
äänioikeutettu
äärellinen
ääretön
äärimmäinen
äärioikeistolainen
ääriuskonnollinen
öinen
öky
öljyinen
öljymäinen
öljytön
öykkärimäinen
öölantilainen
öinen
öky
öljyinen
öljymäinen
öljytön
öykkärimäinen
öölantilainen
