      1 
      1 2grammeista kaivettua
      1 aalto
      1 aamiainen
      1 aate
      1 akka
      1 altis
      1 ankara
      1 antautua
      1 armahtaa
      1 arvoisa
      1 ase
      1 asukas
      1 aukaista
      1 avain
      1 avautua
      1 coocs
      1 didsetlen
      1 dosetlen
      1 el‰in
      1 elo
      1 el‰tt‰‰
      1 el‰v‰
      1 enin
      1 erehty‰
      1 erinomainen
      1 ero
      1 esine
      1 esitt‰‰
      1 etu
      1 gutaa:
      1 hallita
      1 harmaa
      1 harva
      1 haukkua
      1 havainto
      1 heikko
      1 heitt‰yty‰
      1 hengitt‰‰
      1 henkilˆ
      1 hieno
      1 hinta
      1 hitto
      1 h‰mm‰stys
      1 h‰m‰rt‰‰
      1 hoitaa
      1 hopea
      1 huippu
      1 huoata
      1 huomen
      1 h‰vitt‰‰
      1 hyˆkk‰ys
      1 hyp‰t‰
      1 ihana
      1 ik‰inen
      1 ik‰v‰
      1 illallinen
      1 inhimillinen
      1 into
      1 istuutua
      1 it‰
      1 itku
      1 j‰‰hyv‰inen
      1 johtaa
      1 joki
      1 jono
      1 j‰rki
      1 j‰rvi
      1 juoma
      1 kadottaa
      1 kaikua
      1 kaivaa
      1 kallis
      1 kallistaa
      1 kansi
      1 kappale
      1 kasvatus
      1 kaukainen
      1 kaula
      1 kenk‰
      1 kerros
      1 keskustella
      1 kev‰t
      1 k‰he‰
      1 kierros
      1 kiert‰‰
      1 kietoa
      1 kiilua
      1 kiinnitt‰‰
      1 kiinty‰
      1 kiitollisuus
      1 kirjo
      1 kirkastua
      1 kohota
      1 kohtalo
      1 koira
      1 kokemus
      1 kokoontua
      1 kokous
      1 kolkuttaa
      1 koputtaa
      1 korottaa
      1 kotva
      1 kreivit‰r
      1 k‰rs‰
      1 k‰sitys
      1 kulu
      1 kuluttaa
      1 kuningatar
      1 kuninkaallinen
      1 kunniallinen
      1 kunnioitus
      1 kuri
      1 kurkku
      1 kuva
      1 kuvata
      1 kyet‰
      1 kynnys
      1 kynttil‰
      1 laatu
      1 laiha
      1 lainata
      1 laji
      1 lamppu
      1 langeta
      1 lapsuus
      1 lasi
      1 laskeutua
      1 lasku
      1 lattia
      1 latva
      1 laukka
      1 lehti
      1 leikki
      1 lent‰‰
      1 lev‰t‰
      1 l‰hesty‰
      1 l‰htˆ
      1 liha
      1 liikkumaton
      1 liikuttaa
      1 liitto
      1 l‰nsi
      1 lohduttaa
      1 lopettaa
      1 lukita
      1 lukko
      1 luokka
      1 luonnollinen
      1 luottaa
      1 lyhyt
      1 maallinen
      1 mahtava
      1 maine
      1 maistaa
      1 majesteetti
      1 malja
      1 malttaa
      1 melu
      1 menett‰‰
      1 mennyt
      1 meno
      1 merkit‰
      1 miete
      1 millainen
      1 mink‰lainen
      1 mitta
      1 monituinen
      1 m‰‰r‰ys
      1 mummo
      1 mutka
      1 myˆh‰
      1 myˆnt‰‰
      1 nauru
      1 neito
      1 neitonen
      1 neitsyt
      1 ‰‰nettˆmyys
      1 nimet‰
      1 n‰ky
      1 n‰kyv‰
      1 nopea
      1 nuorukainen
      1 nuoruus
      1 nyˆk‰t‰
      1 nyˆk‰ytt‰‰
      1 n‰ytell‰
      1 oksa
      1 olemus
      1 olka
      1 omituinen
      1 oppi
      1 outo
      1 painua
      1 paiste
      1 pakottaa
      1 paljas
      1 paljastaa
      1 palkinto
      1 palvella
      1 palvelus
      1 paperi
      1 parantaa
      1 piirre
      1 pila
      1 pilkka
      1 pimeys
      1 pinta
      1 piru
      1 p‰lk‰ht‰‰
      1 pohja
      1 poistaa
      1 poistua
      1 polkea
      1 polku
      1 pormestari
      1 p‰‰st‰‰
      1 puhaltaa
      1 puhuttaa
      1 pukea
      1 puku
      1 purjehtia
      1 puuttua
      1 pyˆr‰
      1 pyyntˆ
      1 raamattu
      1 raitis
      1 rakennus
      1 rakentaa
      1 rangaistus
      1 ratsu
      1 raukka
      1 ‰‰retˆn
      1 riemu
      1 riippua
      1 rikkaus
      1 rinne
      1 rivi
      1 rohkaista
      1 rohkeus
      1 rovasti
      1 ruhtinas
      1 ruskea
      1 ryppy
      1 ryyppy
      1 saari
      1 s‰de
      1 sein‰
      1 sekaantua
      1 selitys
      1 seurue
      1 seutu
      1 siet‰‰
      1 siirty‰
      1 sija
      1 sike‰
      1 siunata
      1 sivu
      1 sohva
      1 soida
      1 soittaa
      1 sopimus
      1 sopiva
      1 sormi
      1 s‰rke‰
      1 suku
      1 sulkeutua
      1 summa
      1 suoni
      1 surma
      1 suunnata
      1 suunnaton
      1 syksy
      1 syleill‰
      1 taakka
      1 taata
      1 taistella
      1 taivaallinen
      1 tappio
      1 taputtaa
      1 tarina
      1 tarkoitus
      1 tarve
      1 tavaton
      1 teatteri
      1 tee
      1 temmata
      1 temppu
      1 ter‰v‰
      1 testamentti
      1 tili
      1 todistaa
      1 toistaa
      1 toive
      1 totella
      1 totuus
      1 tuleva
      1 tulimmainen
      1 tulo
      1 tumma
      1 tunkeutua
      1 tunnettu
      1 tuomita
      1 turha
      1 turva
      1 tusina
      1 tuttava
      1 tuttavuus
      1 tyyni
      1 tyytyv‰inen
      1 uhata
      1 uhkaava
      1 uhrata
      1 ummistaa
      1 umpi
      1 uneton
      1 upseeri
      1 uutinen
      1 vaate
      1 vaihe
      1 vaihtaa
      1 vaikuttaa
      1 vaivata
      1 vala
      1 valinta
      1 valjastaa
      1 valjeta
      1 valmistaa
      1 vanhus
      1 vannoa
      1 vapaus
      1 vara
      1 varjella
      1 varjo
      1 varmuus
      1 varoa
      1 vastoa
      1 vastustaa
      1 vauhti
      1 verto
      1 veto
      1 viereinen
      1 viha
      1 vihi
      1 viini
      1 vimma
      1 virka
      1 virta
      1 v‰isty‰
      1 v‰itt‰‰
      1 v‰l‰ht‰‰
      1 v‰ltt‰‰
      1 v‰‰nnell‰
      1 v‰‰ryys
      1 vuo
      1 vuodattaa
      1 yhteinen
      1 yhty‰
      1 ylh‰inen
      1 yritt‰‰
      1 yritys
      1 yst‰v‰llinen
      2 aavistaa
      2 aihe
      2 alainen
      2 ansaita
      2 armo
      2 city
      2 data
      2 editio
      2 ehti‰
      2 ep‰ill‰
      2 erota
      2 hammas
      2 helppo
      2 hieroa
      2 hillit‰
      2 h‰irit‰
      2 h‰t‰
      2 hullu
      2 hyˆty
      2 ik‰
      2 ilmaista
      2 ilme
      2 isku
      2 iso
      2 jalo
      2 j‰lki
      2 johtua
      2 j‰rjestys
      2 j‰sen
      2 juolahtaa
      2 juttu
      2 kaatua
      2 kadota
      2 kahvi
      2 kanna
      2 kattaa
      2 kauppa
      2 kelpo
      2 kertomus
      2 keskeytt‰‰
      2 keskustelu
      2 kiire
      2 kirjallisuus
      2 koittaa
      2 kokea
      2 koota
      2 k‰tke‰
      2 kulku
      2 kuvitella
      2 kyynel
      2 kyynele
      2 laittaa
      2 laki
      2 leikki‰
      2 leip‰
      2 lempe‰
      2 levoton
      2 l‰‰k‰ri
      2 matala
      2 merkitys
      2 merkki
      2 muistua
      2 muoto
      2 nauttia
      2 nelj‰s
      2 n‰lk‰
      2 nurkka
      2 omaisuus
      2 onnistua
      2 paeta
      2 paistaa
      2 palaa
      2 party
      2 penkki
      2 perhe
      2 pett‰‰
      2 pidell‰
      2 pid‰tt‰‰
      2 ponnistaa
      2 provisio
      2 pudistaa
      2 pudota
      2 puhutella
      2 pula
      2 puna
      2 punainen
      2 puolustaa
      2 puristaa
      2 purra
      2 purskahtaa
      2 raivata
      2 ratkaista
      2 ratsastaa
      2 rehellinen
      2 rikos
      2 risti
      2 ritari
      2 rukous
      2 saavuttaa
      2 sairas
      2 salata
      2 set‰
      2 s‰ihky‰
      2 silm‰ys
      2 sininen
      2 s‰‰li
      2 s‰teill‰
      2 suorittaa
      2 sykki‰
      2 sytytt‰‰
      2 syytt‰‰
      2 taka
      2 tappaa
      2 tarjota
      2 tavallinen
      2 tavara
      2 tekeminen
      2 tervehti‰
      2 tila
      2 t‰llainen
      2 toivottaa
      2 tottua
      2 toveri
      2 t‰rke‰
      2 tuokio
      2 tuttu
      2 tyyty‰
      2 unhottaa
      2 vaari
      2 vahinko
      2 vaieta
      2 vakava
      2 vallata
      2 vallita
      2 valvoa
      2 vanki
      2 vapista
      2 verrata
      2 versio
      2 viipy‰
      2 viitata
      2 virus
      2 voimakas
      2 vuotaa
      3 armollinen
      3 arvata
      3 asettua
      3 aueta
      3 erottaa
      3 halu
      3 hattu
      3 hehkua
      3 hiki
      3 hiljainen
      3 h‰mm‰sty‰
      3 huuto
      3 hymy
      3 iske‰
      3 j‰rjest‰‰
      3 kamari
      3 keksi‰
      3 kielt‰‰
      3 koskea
      3 kuiskata
      3 kulta
      3 kunto
      3 kuu
      3 kylm‰
      3 lahja
      3 laita
      3 lakki
      3 lepo
      3 liike
      3 liikkua
      3 linna
      3 lis‰t‰
      3 loistaa
      3 luku
      3 lupaus
      3 markka
      3 m‰‰r‰t‰
      3 muutos
      3 n‰kˆinen
      3 nojata
      3 noutaa
      3 nyrkki
      3 onneton
      3 palkka
      3 pel‰t‰
      3 piha
      3 pilvi
      3 puhdas
      3 puhella
      3 pyyhki‰
      3 rient‰‰
      3 selko
      3 suhde
      3 sulkia
      3 suomalainen
      3 suostua
      3 suudella
      3 suunta
      3 taistelu
      3 tarkka
      3 t‰ti
      3 tukka
      3 uskollinen
      3 vavista
      3 velka
      3 vuode
      4 askele
      4 edellinen
      4 her‰tt‰‰
      4 hetkinen
      4 ihme
      4 kivi
      4 kohdata
      4 kohottaa
      4 k‰rsi‰
      4 lintu
      4 luonto
      4 lupa
      4 m‰‰r‰
      4 muisto
      4 muuttaa
      4 muuttua
      4 onnettomuus
      4 peitt‰‰
      4 p‰iv‰llinen
      4 polvi
      4 portti
      4 p‰‰tˆs
      4 rikas
      4 rinta
      4 royalty
      4 ruumis
      4 ryhty‰
      4 sulkea
      4 suora
      4 syli
      4 synti
      4 talvi
      4 tasku
      4 tuli
      4 tuottaa
      4 tyhj‰
      4 usea
      4 vaikea
      4 vaikutus
      4 valkoinen
      4 vasen
      4 velvollisuus
      4 viisas
      4 vuori
      5 est‰‰
      5 huono
      5 kalpea
      5 katsahtaa
      5 kes‰
      5 kieli
      5 kohtaus
      5 koulu
      5 kreivi
      5 k‰sitt‰‰
      5 kuusi
      5 laulu
      5 luopua
      5 maata
      5 miekka
      5 ojentaa
      5 olento
      5 pastori
      5 pelj‰t‰
      5 pime‰
      5 poski
      5 pys‰hty‰
      5 ‰‰ri
      5 rukoilla
      5 sali
      5 tarkoittaa
      5 teko
      5 toimittaa
      5 toivo
      5 tosi
      5 tuijottaa
      5 tunnustaa
      5 unohtaa
      5 usko
      5 vakuuttaa
      5 valita
      5 vaunu
      5 voittaa
      5 voitto
      5 vuoro
      6 alku
      6 asettaa
      6 her‰t‰
      6 hiljaisuus
      6 ilma
      6 kapteeni
      6 kirkas
      6 k‰sky
      6 mahdoton
      6 minuutti
      6 osoittaa
      6 ostaa
      6 paljo
      6 perso
      6 sallia
      6 sisar
      6 sopia
      6 suru
      6 syv‰
      6 taitaa
      6 teht‰v‰
      6 tohtori
      6 tuoli
      6 tupa
      6 tuuli
      6 vaiva
      6 vapaa
      6 vene
      6 veri
      6 v‰ki
      6 v‰li
      7 arvella
      7 arvo
      7 country
      7 ensimm‰inen
      7 hankkia
      7 hauska
      7 huuli
      7 kasvaa
      7 kirja
      7 k‰‰nt‰‰
      7 kolmas
      7 kutsua
      7 k‰vell‰
      7 kˆyh‰
      7 missio
      7 otsa
      7 palvelija
      7 pelastaa
      7 pist‰‰
      7 raskas
      7 sota
      7 status
      7 terve
      7 t‰hti
      7 tuska
      7 t‰ysi
      7 ukko
      7 vaara
      7 vihollinen
      8 etsi‰
      8 hakea
      8 hymyill‰
      8 katu
      8 korva
      8 kunnia
      8 laulaa
      8 mahdollinen
      8 mietti‰
      8 neuvo
      8 pappi
      8 sata
      8 seikka
      8 suoda
      8 synty‰
      8 tarttua
      8 tilaisuus
      8 vaipua
      8 viett‰‰
      9 ilmoittaa
      9 kiitt‰‰
      9 kuunnella
      9 l‰pi
      9 mainita
      9 ruoka
      9 selitt‰‰
      9 uskaltaa
      9 vaatia
      9 v‰h‰
      9 viisi
      9 voi
     10 kantaa
     10 keino
     10 korkea
     10 kyl‰
     10 kymmenen
     10 meri
     10 nelj‰
     10 oppia
     10 sattua
     10 virkkaa
     11 entinen
     11 huoli
     11 huomio
     11 kest‰‰
     11 kova
     11 luvata
     11 neiti
     11 nostaa
     11 oikeus
     11 painaa
     11 selk‰
     11 tapaus
     11 tuhat
     11 valta
     12 askel
     12 avata
     12 heitt‰‰
     12 huudahtaa
     12 kiitos
     12 seura
     12 valmis
     12 valo
     12 varma
     12 vastaus
     12 vuoksi
     13 aurinko
     13 em‰nt‰
     13 laiva
     13 loppu
     13 musta
     13 toimi
     13 tunne
     13 t‰ytt‰‰
     14 ikkuna
     14 iloinen
     14 itke‰
     14 mets‰
     14 nukkua
     14 per‰
     14 pysy‰
     15 copy
     15 haluta
     15 kirkko
     15 lˆyt‰‰
     16 asua
     16 juoda
     16 kysymys
     16 puu
     16 seuraava
     16 tieto
     17 juosta
     17 k‰ske‰
     17 luoda
     17 lyˆd‰
     17 pyh‰
     17 selv‰
     17 sielu
     17 tahto
     17 toivoa
     17 uni
     17 viikko
     18 kuolema
     18 maksaa
     18 onnellinen
     18 rauha
     18 veli
     18 viimeinen
     19 l‰hett‰‰
     19 parka
     19 vet‰‰
     20 katse
     20 nauraa
     20 rakas
     20 tunti
     20 vasta
     21 apu
     21 oikea
     21 pari
     21 ranta
     21 saapua
     22 onni
     22 p‰‰tt‰‰
     22 vesi
     23 aamu
     23 is‰nt‰
     23 kirje
     23 laskea
     23 tavata
     23 vieras
     24 kirjoittaa
     24 n‰ky‰
     24 taivas
     25 kasvo
     25 kohta
     25 rakkaus
     26 ajaa
     26 auttaa
     26 jokainen
     26 osata
     27 ainoa
     27 ilo
     27 kello
     27 k‰‰nty‰
     27 osa
     27 tyt‰r
     28 aikoa
     28 muistaa
     28 syˆd‰
     28 voima
     29 palata
     31 hevonen
     31 jatkaa
     31 k‰ytt‰‰
     31 semmoinen
     32 pˆyt‰
     32 uskoa
     33 joukko
     33 tuntua
     34 henki
     34 kansa
     34 puhe
     34 raha
     34 seurata
     35 lausua
     35 rakastaa
     35 ruveta
     35 suu
     36 jalka
     36 tapahtua
     37 kaupunki
     38 joutua
     38 kolme
     38 lukea
     39 syy
     39 tarvita
     40 huutaa
     40 tuoda
     42 ajatus
     42 kuolla
     42 yst‰v‰
     43 koettaa
     44 j‰tt‰‰
     44 pyyt‰‰
     45 paha
     46 ilta
     47 kulua
     47 vaimo
     48 huone
     48 odottaa
     49 kaunis
     50 kuningas
     50 matka
     50 paikka
     51 ymm‰rt‰‰
     52 kerta
     52 koti
     53 muutama
     54 vied‰
     55 katsella
     56 nimi
     57 astua
     57 el‰‰
     57 j‰‰d‰
     57 tie
     59 rouva
     59 yˆ
     60 kulkea
     61 sellainen
     62 pitk‰
     64 luulla
     64 panna
     65 hetki
     65 kertoa
     65 kuulua
     65 syd‰n
     65 tyˆ
     68 nainen
     69 ovi
     69 seisoa
     70 uusi
     72 huomata
     72 nousta
     73 moni
     73 saattaa
     74 puoli
     78 ‰‰ni
     78 talo
     78 tapa
     80 el‰m‰
     84 tyttˆ
     85 kysy‰
     85 yksi
     87 vuosi
     89 ajatella
     92 kaksi
     96 juuri
     97 er‰s
    101 katsoa
    101 n‰ytt‰‰
    102 pieni
    103 t‰yty‰
    106 nuori
    109 ‰iti
    111 aina
    116 vastata
    118 alkaa
    118 p‰‰
    118 p‰‰st‰
    121 istua
    122 sama
    126 is‰
    130 lapsi
    131 koko
    132 sana
    134 ihminen
    135 puhua
    138 tuntea
    142 kuulla
    145 oma
    145 poika
    145 vanha
    146 mieli
    156 maa
    159 asia
    159 k‰yd‰
    164 l‰hte‰
    167 ottaa
    179 tahtoa
    184 herra
    186 tiet‰‰
    201 silm‰
    206 p‰iv‰
    211 muu
    213 antaa
    218 k‰si
    223 suuri
    242 menn‰
    249 pit‰‰
    266 hyv‰
    267 aika
    298 itse
    302 n‰hd‰
    315 mies
    318 tehd‰
    347 toinen
    421 voida
    491 kaikki
    521 sanoa
    554 saada
    588 tulla
