/
aakkonen/
aakkosellinen/
aakkosto/
aakkostus/
aallokko/
aallota/
aallotar/
aallottaa/
aallotus/
aaloe/
aalto/
aaltoilu/
aamen/
aamiainen/
aamu/
aari/
aaria/
aarnio/
aarre/
aarteisto/
aasi/
aasialainen/
aasimaisuus/
aatami/
aate/
aatelinen/
aateloida/
aatos/
aatteellinen/
aatto/
aava/
aave/
aavemainen/
aavikko/
aavistaa/
aavistella/
aavistus/
abatsi/
abessiivi/
ablatiivi/
abnormi/
abo/
aboriginaali/
abortoida/
absessi/
abskissa/
absolutisti/
absoluutti/
absoluuttinen/
absorboida/
absorbointi/
absorboitua/
abstrahoida/
abstrahointi/
abstrakti/
abstraktinen/
abstraktio/
abstraktisuus/
abstraktius/
absurdi/
adagio/
adapteri/
adaptoida/
addikti/
addiktio/
adekvaatti/
adenooma/
adessiivi/
adjektiivi/
adjutantti/
adoptio/
adoptoida/
adrenaliini/
adsorboida/
adsorboitua/
adsorptio/
adventismi/
adventti/
adverbi/
adverbiaali/
aerobinen/
aerodynaaminen/
aerodynamiikka/
afasia/
affektiivinen/
aforistinen/
afrikkalainen/
agaatti/
agenda/
agentti/
agentuuri/
aggressiivinen/
aggressiivisuus/
aggressio/
agitaattori/
agitoida/
agnostikko/
agnostinen/
agorafobia/
agraarinen/
agrologi/
agronomi/
ahava/
ahavoitua/
ahdas/
ahdata/
ahde/
ahdin/
ahdinko/
ahdistaa/
ahdistaja/
ahdistelija/
ahdistelu/
ahdistua/
ahdistuneisuus/
ahdistunut/
ahdistus/
aherrus/
ahertaa/
ahertaja/
ahjo/
ahkera/
ahkeroida/
ahkerointi/
ahkio/
ahmaista/
ahmia/
ahnas/
ahnaus/
ahne/
ahnehtia/
ahneus/
ahtaa/
ahtaaja/
ahtauma/
ahtaus/
ahtaus/
ahtautua/
ahteri/
aidas/
aidata/
aidoittaa/
aie/
aiempi/
aihe/
aiheellinen/
aiheeton/
aiheuttaa/
aiheuttaja/
aihio/
aika/
aikaansaannos/
aikaansaapa/
aikaansaava/
aikailla/
aikaistaa/
aikalainen/
aikamoinen/
aikatauluttaa/
aikido/
aikoa/
aikomus/
aikuinen/
