aakkosellinen/ant/#/analfabeettinen/lukutaidoton/muuhun kuin kirjoitukseen perustuva/
aatelinen/ant/#/alhaissukuinen/aatelisnainen/
aboriginaali/ant/#/ei-syntyperäinen/
absoluuttinen/ant/#/suhteellinen/
absorboida/ant/#/säteillä/
abstraktinen/ant/#/kuvaava/
abstraktisuus/ant/#/konkreettisuus/kouraantuntuvuus/
abstraktius/ant/#/konkreettisuus/
aerobinen/ant/#/anaerobinen/
agentti/ant/#/erikoisedustaja/
agitoida/ant/#/tyynnyttää/
agnostinen/ant/#/gnostinen/
ahdas/ant/#/tilava/raivattu/terve/
ahdistaa/ant/#/vakuutella/tyynnytellä/
ahkera/ant/#/välinpitämätön/piittaamaton/laiska/
ahnas/ant/#/pidättyvä/
aika/ant/#/kohtuuttoman/naurettavan/
aikuinen/ant/#/nuori/lapsi/
aina/ant/#/ei milloinkaan/ikinä/koskaan/
aineeton/ant/#/aineellinen/todellinen/
ainoa/ant/#/monikko-/
aistikas/ant/#/kiittämätön/kolkko/suloton/mauton/tyylitön/
aistikkuus/ant/#/mauttomuus/
aito/ant/#/väärennetty/väärä/käsittämätön/
aitous/ant/#/epäaitous/valheellisuus/vääryys/
ajallinen/ant/#/taivaallinen/
ajattelematon/ant/#/järkevä/huomaavainen/hienotunteinen/kaukonäköinen/
ajelehtia/ant/#/laskea/
ajella/ant/#/kävellä/
ajoitus/ant/#//ennenaikaisuus/
aktiivi/ant/#/passiivi/passiivimuoto/
aktiivinen/ant/#/toimeton/etenemätön/statiivinen/passiivi-/passiivimuotoinen/hiljainen/epäaggressiivinen/laiska/lepsu/
aktiivisuus/ant/#/joutilaisuus/
aktiviteetti/ant/#/toimettomuus/
aktivoida/ant/#/inaktivoida/
aktivointi/ant/#/deaktivointi/inaktivoituminen/
akuutti/ant/#/krooninen/
alainen/ant/#/hallitseva/
alakuloinen/ant/#/iloinen/ylpeä/
alakuloisuus/ant/#/hyvä tuuli/
alanko/ant/#/ylänkö/
alaston/ant/#/katettu/peitetty/
alempi/ant/#/seniori-/vanhempi/esimies/
aleneva/ant/#/kiipeävä/nouseva/
alentaa/ant/#/korottaa/korottaa korkeampaan luokkaan/
alentava/ant/#/eufemistinen/
alentua/ant/#/nousta/
alhainen/ant/#/kunnioitettava/korkea/jalo/ylväs/
alimmainen/ant/#/ylin/sivu-/
aliravittu/ant/#/ravittu/
alisteinen/ant/#/itsenäinen/
alistuva/ant/#/uhmakas/
alkaa/ant/#/lopettaa/päättyä/
alkeellinen/ant/#/molaarinen/
alkoholiton/ant/#/alkoholi-/alkoholipitoinen/
alku/ant/#/tulos/loppu/keskiosa/loppuminen/kuolema/kuoleminen/päätös/keskikohta/puoliväli/
aloittaa/ant/#/lopettaa/pysähtyä/seisahtua/päättää/sulkea/päättyä/
aloittelija/ant/#/maallikot/
aloitus/ant/#/tulos/
altruismi/ant/#/egoismi/
altruistinen/ant/#/egoistinen/
alttius/ant/#/vastahakoisuus/
alueellinen/ant/#/eksterritoriaalinen/
amatööri/ant/#/hengenmies/pappismies/ammattilainen/
ammattilainen/ant/#/harrastaja-/ei-ammattilainen/harrastelija/amatööri/oppipoika/opiskelija/tulokas/
ammattimainen/ant/#/epäammatillinen/maallikkomainen/
anaalinen/ant/#/oraalinen/
anabolinen/ant/#/katabolinen/
anaerobinen/ant/#/aerobinen/ilmahakuinen/
analoginen/ant/#/digitaalinen/samasyntyinen/heterologinen/
analysoida/ant/#/syntetisoida/
analyysi/ant/#/synteesi/
analyyttinen/ant/#/synteettinen/
ankara/ant/#/lempeä/armelias/vähäinen/avokätinen/hemmotteleva/lauhkea/leuto/hellä/
anonyymi/ant/#/tekijän nimellä varustettu/tunnistettu/nimetty/
ansio/ant/#/puute/menot/
antaa/ant/#/kieltää/torpata/ottaa/estää/
antautua/ant/#/tehdä vastarintaa/
anteeksiannettava/ant/#/anteeksiantamaton/
anteeksiantamaton/ant/#/anteeksiannettava/
anteeksiantava/ant/#/katkera/kaunainen/närkästynyt/heltymätön/kova/leppymätön/
anteliaisuus/ant/#/itaruus/saituus/itsekkyys/
antelias/ant/#/saita/kitsas/nuuka/
antiseptinen/ant/#/septinen/verenmyrkytystä synnyttävä/
antoisa/ant/#/epätyydyttävä/
apaattinen/ant/#/kiinnostunut/
apriorinen/ant/#/a posteriori/aposteriorinen/
aristokraatti/ant/#/naispuolinen aristokraatti/
arka/ant/#/seikkailunhaluinen/uhkarohkea/rohkea/arastelematon/arkailematon/urhoollinen/uskalias/epäherkkä/tunnoton/turta/kovettunut/kesy/
arkinen/ant/#/omaperäinen/originelli/omintakeinen/tuore/
arkuus/ant/#/rohkeus/luottamus/
armo/ant/#/julmuus/
armollisuus/ant/#/pahuus/pahansuopaisuus/
armoton/ant/#/lempeä/armelias/
armottomuus/ant/#/sääliväisyys/
artefakti/ant/#/luonnonesine/
arvaamaton/ant/#/harkitsemisen arvoinen/odotettu/odotuksenmukainen/ennustettava/ennalta arvattava/harkittu/tahallinen/
arvioida/ant/#/yliarvioida/
arvo/ant/#/arvottomuus/heikkous/
arvokas/ant/#/hiomaton/moukkamainen/arvoton/
arvokkuus/ant/#/arvottomuus/keveys/piristys/
arvostaa/ant/#/olla kunnioittamatta/
arvostella/ant/#/kehua/ylistää/
arvostus/ant/#/halveksittu asema/
arvoton/ant/#/arvokas/arvostettu/
arvottomuus/ant/#/arvokkuus/arvo/
aseellinen/ant/#/aseeton/aseistamaton/
aseeton/ant/#/aseellinen/aseistettu/aseistautunut/
aseistaa/ant/#/demilitarisoida/
aseistautua/ant/#/riisua aseista/
asentaa/ant/#/purkaa/
asiantunteva/ant/#/tietämätön/
asiaton/ant/#/asiaankuuluva/asianmukainen/valtuutettu/
asioida/ant/#/boikotoida/
assosiaatio/ant/#/erillään/
assosiatiivinen/ant/#/epäassosiatiivinen/
assosioida/ant/#/erottaa/
asteittainen/ant/#/äkillinen/äkkinäinen/yhtäkkinen/
astua/ant/#/mennä pois kyydistä/
asua/ant/#/asua työpaikan ulkopuolella/
asukas/ant/#/muualla asuva/vieraspaikkakuntalainen/
asumaton/ant/#/asuin-/asunto-/asuttu/
asuttaa/ant/#/itsenäistää/
atomismi/ant/#/holismi/
atonaalinen/ant/#/tonaalinen/
aukaista/ant/#/rullata/kääriä/paketoida/
automaattinen/ant/#/käsin tehtävä/manuaalinen/ehdollinen/
auttavainen/ant/#/haluton/vastahakoinen/
autuas/ant/#/kirottu/
avain/ant/#/lukko/
avata/ant/#/rullata/puristaa/tarrautua/sitoa/kietoa/kääriä/kiinnittää/salvata/teljetä/tukkia/napittaa/sulkea/lukita/pultata/kiinnittää yhteen liittimellä/paketoida/pysäyttää/sammuttaa/laittaa pois päältä/
avautua/ant/#/lukkiutua/lukittua/lukita/
avioton/ant/#/laillinen/pätevä/naimisissa oleva/nainut/vihitty/
avoimuus/ant/#/sulkeutuneisuus/
avoin/ant/#/pidättyväinen/kiinni/suljettu/sisällytetty/ympäröity/varautunut/varattu/
avulias/ant/#/epäkohtelias/välinpitämätön/
avuton/ant/#/tehokas/vaikutusvaltainen/voimakas/voimallinen/
avuttomuus/ant/#/voima/voimakkuus/
barbaarisuus/ant/#/sivilisaatio/
binaarinen/ant/#/monivalinta-/binäärinen/
binäärinen/ant/#/monivalinta-/
biologinen/ant/#/adoptio-/otto-/
blondi/ant/#/ristiverinen/
deduktiivinen/ant/#/päättelevä/
deflaatio/ant/#/inflaatio//
dekoodata/ant/#/koodata/muuntaa koodimuotoon/
demokraattinen/ant/#/epädemokraattinen/
depressio/ant/#/ilo/riemu/
desinfektoida/ant/#/tartuttaa/
desinfioida/ant/#/tartuttaa/
deskriptiivinen/ant/#/preskriptiivinen/
digitaalinen/ant/#/analoginen/
diploidi/ant/#/haploidi-/polyploidinen/
diplomaattinen/ant/#/epädiplomaattinen/epäviisas/
dissonanssi/ant/#/harmonia/
draamallinen/ant/#/lyyrinen/
dramaattinen/ant/#/epädramaattinen/lyyrinen/
dynaaminen/ant/#/epädynaaminen/voimaton/staattinen/
edellinen/ant/#/jälkimmäinen/viimeksi mainittu/
edeltää/ant/#/merkitä myöhemmin tapahtuneeksi/seurata/periä/
edetä/ant/#/etääntyä/
edistys/ant/#/rappio/lasku/
edistyä/ant/#/taantua/
edistää/ant/#/haitata/
edullinen/ant/#/haitallinen/paha/vahingollinen/kallis/karu/
edullisuus/ant/#/kalleus/
edusta/ant/#/takaosa/perä-/taka-/perukka/
edustava/ant/#/epäesittävä/
eettinen/ant/#/epäeettinen/
egoismi/ant/#/altruismi/
egoistinen/ant/#/altruistinen/pyyteetön/
ehdollinen/ant/#/ehdoton/automaattinen/
ehdoton/ant/#/suhteellinen/ehdollinen/fakultatiivinen/
ehjä/ant/#/vahingoittunut/
ehkäisin/ant/#/aktivaattori/
ehta/ant/#/käsittämätön/
ehtymätön/ant/#/ehtyvä/tyhjiin imetty/
ehtyä/ant/#/kasvaa/
eksklusiivinen/ant/#/rajoittamaton/
eksplisiittinen/ant/#/implisiittinen/
ekstrovertti/ant/#/introvertti/
elastinen/ant/#/epäelastinen/joustamaton/
elastisuus/ant/#/epäelastisuus/
eleganssi/ant/#/kömpelyys/tyylittömyys/
elimellinen/ant/#/toiminnallinen/
eloisa/ant/#/tylsistynyt/tylsä/hengetön/
elollinen/ant/#/eloton/
elollisuus/ant/#/elottomuus/
eloton/ant/#/elävä/oikea/aistiva/elollinen/orgaaninen/
elvyttää/ant/#/vaimentaa/
elämä/ant/#/kuolema/olemattomuus/
elävä/ant/#/eloton/tylsistynyt/tylsä/
elävöittää/ant/#/heikentää/
emigroitua/ant/#/tulla siirtolaisena johonkin maahan/muuttaa maahan/
empiirinen/ant/#/teoreettinen/
emäksinen/ant/#/hapan/amfoteerinen/
emäksisyys/ant/#/happamuus/
endeeminen/ant/#/yleismaailmallinen/epideeminen/kulkutaudinomainen/ekdeeminen/
endogeeninen/ant/#/eksogeeninen/
energinen/ant/#/laiska/unelias/veltto/vetelä/
ennakkoluuloton/ant/#/ahdasmielinen/ennakkoluuloinen/puolueellinen/
eno/ant/#/täti/
ensimmäinen/ant/#/viimeinen/kakkos-/toinen/jälkimmäinen/viimeksi mainittu/
epideeminen/ant/#/ekdeeminen/endeeminen/kotoperäinen/
epäilevä/ant/#/herkkäuskoinen/sinisilmäinen/sovittu/luottavainen/
epäillä/ant/#/luottaa/
epäkeskisyys/ant/#/samankeskisyys/
epäonnistuja/ant/#/menestyjä/
epäröinti/ant/#/päättäväisyys/varmuus/
epätoivoinen/ant/#/toiveikas/
epätyydyttävyys/ant/#/hyväksyttävyys/
epävakainen/ant/#/muuttumaton/tasapainossa oleva/tasapainotettu/tasapainoinen/tasapuolinen/
epävakaisuus/ant/#/pysyvyys/vakaus/
epävakaus/ant/#/pysyvyys/muuttumattomuus/vakaus/
erakko/ant/#/kenobiitti/
erehtymättömyys/ant/#/erehtyvyys/erehtyväisyys/
erehtymätön/ant/#/erehtyväinen/
erehtyväinen/ant/#/erehtymätön/
erehtyväisyys/ant/#/erehtymättömyys/
erikoinen/ant/#/tavallinen/tyypillinen/
erikoistua/ant/#/laajentaa/
erilainen/ant/#/kuten/samanlainen/samankaltainen/samannäköinen/sama/tyypillinen/
erilaistaa/ant/#/mukauttaa/sopeuttaa/sulauttaa/yhtäläistää/
erilaistua/ant/#/taantua erilaistumisessa/mukautua/sopeutua/sulautua/
erilaisuus/ant/#/samanlaisuus/samankaltaisuus/yhdennäköisyys/tyypillisyys/
erillinen/ant/#/pari-/rivi-/yhteinen/radan varrella sijaitseva/yhteis-/
erinomainen/ant/#/ala-arvoinen/kehno/
erinomaisuus/ant/#/tavallisuus/
eristys/ant/#/integraatio/
erittely/ant/#/synteesi/
erityinen/ant/#/generelli/
erkaantua/ant/#/lähestyä/yhtyä/
ero/ant/#/liittoutuminen/yhdistyminen/samanlaisuus/yhteisyys/
eroavaisuus/ant/#/samanlaisuus/
erota/ant/#/lähestyä/olla yhtä paljon kuin/olla yhtä suuri/tehdä/vastata/yhtyä/
erottaa/ant/#/liittää/yhdistää/assosioida/yhtyä/kiinnittää/kytkeä yhteen/palkata/
erottamaton/ant/#/irrotettavissa oleva/
esine/ant/#/luonnonesine/
eskaloitua/ant/#/heikentää/
esoteerinen/ant/#/eksoteerinen/yleistajuinen/
esteettinen/ant/#/epäesteettinen/
esteetön/ant/#/charter-/tilaus-/vuokrattu/koloinen/täpötäysi/tukittu/
estoton/ant/#/estetty/
estää/ant/#/antaa tehdä/sallia/antaa/päästää/
eteläinen/ant/#/pohjoinen/
etevä/ant/#/epäpätevä/lahjaton/ammattitaidoton/kömpelö/taitamaton/
etevämmyys/ant/#/huonommuus/
etu/ant/#/rasite/vaaratekijä/epäedullinen asema/
etumainen/ant/#/taka-/
etummainen/ant/#/taka-/perä-/
etäinen/ant/#/helposti lähestyttävä/lähi-/
etääntyä/ant/#/edetä/mennä eteenpäin/
eufemismi/ant/#/alkuperäistä karkeampi kiertoilmaus/dysfemismi/
euforia/ant/#/dysforia/epämiellyttävä olo/
euforinen/ant/#/onneton/
evoluutio/ant/#/revoluutio/
fakultatiivinen/ant/#/ehdoton/
fataali/ant/#/ei kuolemaan johtava/
fataalinen/ant/#/ei kuolemaan johtava/
fauna/ant/#/floora/
feminiininen/ant/#/maskuliini-/neutrisukuinen/neutrinen/
feminiinisyys/ant/#/miehekkyys/
fiksu/ant/#/tyhmä/typerä/
fokusoida/ant/#/sumentaa/
formaali/ant/#/epämuodollinen/arkikielinen/
formalismi/ant/#/imitaatio/
fortissimo/ant/#/pianissimo/
funktionaalinen/ant/#/toimimaton/
geosentrinen/ant/#/aurinkokeskinen/heliosentrinen/
globaali/ant/#/lokaali/
haalistua/ant/#/värittää/värjätä/
haavoittuvuus/ant/#/haavoittumattomuus/
haikea/ant/#/hyvillään oleva/hyvillään/iloinen/mielissään oleva/mielissään/
haitallinen/ant/#/edullinen/hyödyllinen/harmiton/vaaraton/
haitallisuus/ant/#/suotuisuus/
haitata/ant/#/edistää/hyödyttää/suosia/
hajanainen/ant/#/lakkaamaton/tarkennettu/
hajauttaa/ant/#/keskittää/
hajota/ant/#/liittyä yhteen/yhdistää/emulgoitua/maidostua/
hajotus/ant/#/liittoutuminen/yhdistyminen/
hajuton/ant/#/tuoksuva/
hakea/ant/#/kuljettaa/
hallita/ant/#/poistaa sääntely/
hallitseva/ant/#/alainen/alempiarvoinen/
hallittu/ant/#/hallitsematon/rajoittamaton/
halpa/ant/#/kallis/varakkaalle väestölle tarkoitettu/
halukas/ant/#/haluton/vastahakoinen/
halukkuus/ant/#/haluttomuus/vastahakoisuus/
haluton/ant/#/innokas/innostunut/halukas/haluava/taipuvainen/auttavainen/aulis/
haluttu/ant/#/epätoivottu/ei-toivottu/
halveksia/ant/#/kunnioittaa/ihailla/
halveksunta/ant/#/kunnioitus/syvä kunnioitus/
halventaa/ant/#/imarrella/mielistellä/nuoleskella/
hankala/ant/#/sopiva/kätevä/-ystävällinen/hyvä/kelpo/melkoinen/reilu/äännettävä/altis/mukautuva/käsiteltävä/
hankkia/ant/#/perääntyä/
hapan/ant/#/amfoteerinen/alkalinen/emäksinen/makea/sokerinen/
hapantua/ant/#/yhtenäistyä/homogenisoida/homogenoida/
hapattaa/ant/#/makeuttaa/sokeroida/
hapettaa/ant/#/pelkistää/
happamoittaa/ant/#/alkalisoida/muuttua emäksiseksi/
happamoitua/ant/#/alkalisoida/muuttua emäksiseksi/
happamuus/ant/#/emäksisyys/alkaliniteetti/
harhauttaa/ant/#/paljastaa/
harkitsematon/ant/#/järkevä/harkitsevainen/huolellinen/tahdikas/diskreetti/hillitty/harkitseva/varovainen/viisas/kohtuullinen/pidättyväinen/sävyisä/maltillinen/
harkitsemattomuus/ant/#/ystävällisyys/harkitsevaisuus/järkevyys/varovaisuus/
harkitseva/ant/#/harkitsematon/epäviisas/
harkitsevainen/ant/#/harkitsematon/
harkittu/ant/#/arvaamaton/yllättävä/tyhjänpäiväinen/
harmaa/ant/#/kirkas/loistava/
harmiton/ant/#/vahingollinen/haitallinen/myrkyllinen/vastenmielinen/loukkaava/
harmittaa/ant/#/toivoa/
harmonia/ant/#/dissonanssi/riitasointu/kiista/
harmoninen/ant/#/epäsointuinen/epäharmoninen/
harras/ant/#/jumalaton/
harrastelija/ant/#/ammattilaisurheilija/ammattilainen/
harvinainen/ant/#/tavallinen/toistuva/yleinen/vuodenaikaan sopiva/
haukka/ant/#/sodanvastustaja/
hauras/ant/#/kovatekoinen/vankka/kestävä/jykevätekoinen/robusti/jykevä/roteva/vahva/
hauraus/ant/#/kestävyys/
havahtua/ant/#/nukuttaa/vaivuttaa uneen/
havaittavuus/ant/#/huomaamattomuus/
hedelmällinen/ant/#/hedelmätön/maho/kuluttava/käyttö-/kulutus-/
hedelmällisyys/ant/#/hedelmättömyys/
hedelmättömyys/ant/#/hedelmällisyys/produktiivisuus/tuottavuus/lisääntymiskyky/
hedelmätön/ant/#/hedelmällinen/
heikentyä/ant/#/jännittyä/tervehtyä/
heikentää/ant/#/elävöittää/kohentaa/vahvistaa/voimistaa/kiihdyttää/eskaloitua/tarkentaa/teroittaa/
heiketä/ant/#/tointua/tervehtyä/jännittyä/
heikko/ant/#/pureva/vihlova/pistävä/vakuuttava/kova/täyteläinen/tehokas/vaikutusvaltainen/voimakas/voimallinen/vahva/väkivahva/näyttävä/
heikkous/ant/#/voimakkuus/arvo/varallisuus/
heittää/ant/#/kohdistaa/oikaista/tasata/
hella/ant/#/kova/hellä/kylmä/rakkaudeton/ynseä/kovettunut/ankara/
hellittämätön/ant/#/lauhkea/
hellyys/ant/#/julmuus/välinpitämättömyys/
hellä/ant/#/kova/kylmä/rakkaudeton/ynseä/kovettunut/ankara/
helppo/ant/#/vaativa/suojattu/kivinen/vaikea/vaivalloinen/mutkikas/
helppolukuisuus/ant/#/vaikealukuisuus/
helppous/ant/#/vaikeus/vaativuus/
heltymätön/ant/#/anteeksiantava/
helvetti/ant/#/taivas/
hengetön/ant/#/eloisa/vilkas/
henkinen/ant/#/ruumiillinen/
henkistää/ant/#/tulkita sananmukaisesti/
herkistyä/ant/#/tehdä tunteettomaksi/turruttaa/
herkistää/ant/#/tehdä tunteettomaksi/turruttaa/vähentää valonherkkyyttä/
herkkyys/ant/#/tunteettomuus/välinpitämättömyys/tajuttomuus/tiedottomuus/kestävyys/pinnallisuus/
herkkä/ant/#/epäherkkä/tunnoton/turta/penseä/vahva/luja/kova/tunteeton/kylmä/
herkullinen/ant/#/ikävä/paha/tympeä/mauton/
herttainen/ant/#/vihattava/
herännyt/ant/#/uinuva/
herätä/ant/#/nukkua/uinua/goijata/tutia/torkkua/nukahtaa/nukuttaa/vaivuttaa uneen/
heterogeeninen/ant/#/homogeeninen/
heterogeenisuus/ant/#/homogeenisuus/
hidas/ant/#/nopea/
hidastua/ant/#/kiihdyttää/
hiekkainen/ant/#/savi-/savinen/savipitoinen/
hieno/ant/#/kömpelö/tyylitön/yksinkertainen/kattava/karkea/
hienostuneisuus/ant/#/kömpelyys/tyylittömyys/
hienostunut/ant/#/kömpelö/tyylitön/yksinkertainen/hienostumaton/karkea/
hierarkkinen/ant/#/epähierarkkinen/
hihaton/ant/#/-hihainen/hihallinen/
hiljainen/ant/#/aktiivinen/voimakas/äänekäs/kova/kovaääninen/levoton/
hiljaisuus/ant/#/ääni/
hiljentää/ant/#/nostaa ääntä/paisua/
hillitty/ant/#/harkitsematon/sopimaton/epähieno/mahtaileva/huomiotaherättävä/suurellinen/
hillitä/ant/#/piristää/
hilpeä/ant/#/masentava/
himmentää/ant/#/sytyttää/
himmeä/ant/#/intensiivinen/
historiallinen/ant/#/epähistoriallinen/
hoidokki/ant/#/avohoitopotilas/avohoidon potilas/
hoikka/ant/#/lihava/läski/pulska/
hoikkuus/ant/#/lihavuus/
hoitaa/ant/#/laiminlyödä/
holistinen/ant/#/atomistinen/
homo/ant/#/heteroseksuaalinen/hetero-/biseksuaalinen/
homogeeninen/ant/#/heterogeeninen/
homogeenisuus/ant/#/heterogeenisuus/epäyhtenäisyys/
homogenisoida/ant/#/hapantua/
homssuinen/ant/#/turhantarkka/
hoputtaa/ant/#/viivyttää/
horjua/ant/#/tasapainottua/
horjuttaa/ant/#/vakauttaa/
horjuva/ant/#/vakaa/
horrostaa/ant/#/olla kesähorroksessa/suvehtia/
houkutella/ant/#/torjua/
houkuttaa/ant/#/torjua/
huippu/ant/#/pohjalukema/vähimmäismäärä/minimi/
hukata/ant/#/pitää/säilyttää/
hullu/ant/#/tervejärkinen/järjissään/terve/
hulluus/ant/#/tervejärkisyys/
humaani/ant/#/epäinhimillinen/julma/
humoristinen/ant/#/huumoriton/
huokoinen/ant/#/huokoseton/
huokoisuus/ant/#/kiinteys/
huolehtivainen/ant/#/välinpitämätön/
huolellinen/ant/#/huolimaton/piittaamaton/välinpitämätön/harkitsematon/
huolellisuus/ant/#/ajattelemattomuus/
huolestuttaa/ant/#/vakuutella/tyynnytellä/
huoleton/ant/#/huolestunut/levoton/
huolimaton/ant/#/huolellinen/tarkka/varovainen/
huolimattomuus/ant/#/tunnollisuus/tunnontarkkuus/tarkkaavaisuus/
huomaamaton/ant/#/näkyvä/havaittavissa oleva/merkitty/havaittava/huomattu/huomiota herättävä/ilmeinen/käsinkosketeltava/selvä/epäilty/
huomaavainen/ant/#/tarkkaamaton/inattentiivinen/ajattelematon/tahditon/
huomaavaisuus/ant/#/ajattelemattomuus/
huomata/ant/#/olla piittaamatta/
huomattava/ant/#/mitätön/vähäpätöinen/merkityksetön/
huomio/ant/#/tarkkaamattomuus/
huomioida/ant/#/unohtaa/
huono/ant/#/onnekas/hyvä/kelpo/melkoinen/reilu/onnellinen/iloinen/tyytyväinen/turmeltumaton/tarkka/
huonommuus/ant/#/etevämmyys/paremmuus/ylemmyys/
huonontaa/ant/#/kohentaa/korottaa korkeampaan luokkaan/
huonontua/ant/#/tointua/tervehtyä/kohentua/
hurskas/ant/#/jumalaton/
hurskaus/ant/#/epähurskaus/jumalattomuus/
huutaa/ant/#/kuiskata/
hygieeninen/ant/#/epäterveellinen/
hygieenisyys/ant/#/epähygieenisyys/epäterveellisyys/
hylkäys/ant/#/myönteinen vastaus/
hylätä/ant/#/hyväksyä/myöntää/tunnustaa/myöntää avoimesti/kelpuuttaa/
hypellä/ant/#/hypätä kyydistä/
hypertonia/ant/#/hypotensio/matala verenpaine/hypotonisuus/
hypotermia/ant/#/hypertermia/
hyppäyksittäinen/ant/#/sävelkulku-/
hyveellinen/ant/#/paha/
hyvinvoiva/ant/#/sairaalloinen/sairas/kipeä/
hyvittää/ant/#/veloittaa tiliä/veloittaa/
hyvyys/ant/#/pahuus/
hyvä/ant/#/hankala/huono/paha/vakava/
hyväksyntä/ant/#/paheksunta/hylkääminen/
hyväksyttävyys/ant/#/epätyydyttävyys/
hyväksyttävä/ant/#/sopimaton/todisteeksi kelpaamaton/
hyväksyä/ant/#/paheksua/tuomita/torjua/hylätä/kieltäytyä/jättää lunastamatta/sulkea pois/
hyväntekeväisyys/ant/#/julmuus/
hyödyllinen/ant/#/haitallinen/epäviisas/välinpitämätön/
hyödyllisyys/ant/#/hyödyttömyys/tuottamattomuus/
hyödyttää/ant/#/haitata/
hyödyttömyys/ant/#/hyödyllisyys/määrätietoisuus/
hyödytön/ant/#/tarpeellinen/yleishyödyllinen/
hyökkäys/ant/#/perääntyminen/puolustus/suojautuminen/suojelu/luovuttaminen/kosto/luovutus/
hyökätä/ant/#/puolustautua/
hyötyä/ant/#/menettää/saavuttaa nollataso/olla omillaan/
häijy/ant/#/hyväluontoinen/sävyisä/
häijyys/ant/#/hyväluontoisuus/sävyisyys/
häikäilemättömyys/ant/#/rehellisyys/
häikäilemätön/ant/#/periaatteellinen/omantunnonarka/
häiritä/ant/#/järjestää/
hälventää/ant/#/halventaa/imarrella/mielistellä/nuoleskella/
hämmentää/ant/#/poistaa salaperäisyys/demystifioida/selvittää asema/
hämärtyä/ant/#/tarkentua/
hämärtää/ant/#/tarkentaa/
hämärä/ant/#/valoisa/kirkas/
häpeä/ant/#/kunnia/maine/julkisuus/
häpeällinen/ant/#/kunniakas/maineikas/
häpeämätön/ant/#/häpeissään oleva/häpeissään/nolo/nolostunut/
hävitä/ant/#/voittaa/
häviäjä/ant/#/voittaja/
häviämätön/ant/#/kuolevainen/pilaantuva/
hävytön/ant/#/häpeissään oleva/häpeissään/nolo/nolostunut/siisti/
häväistä/ant/#/kunnioittaa/
höllentää/ant/#/jähmettää/sakeuttaa/jäykistää/kangistaa/koukistaa/taivuttaa/taittaa/
höllyys/ant/#/lujuus/vakaus/
idealisti/ant/#/realisti/realistinen/
identtinen/ant/#/erimunainen/
iestää/ant/#/poistaa ikeet/
ihailla/ant/#/ylenkatsoa jtak/halveksia/ylenkatsoa/
ihana/ant/#/ruma/epäesteettinen/
ihanuus/ant/#/rumuus/
ihastuttava/ant/#/ruma/
ikävä/ant/#/elävöitetty/herkullinen/ruokahalua kiihottava/miellyttävä/vetoava/onnellinen/iloinen/tyytyväinen/sympaattinen/tervetullut/
ikääntyä/ant/#/nuorentaa/
ilahduttaa/ant/#/tehdä surulliseksi/olla tyydyttämättä/tehdä tyytymättömäksi/
ilahtua/ant/#/tulla surulliseksi/
ilkeys/ant/#/mukavuus/hyväsydämisyys/ystävällisyys/kiltteys/
ilkeä/ant/#/hyväntahtoinen/kiltti/ystävällinen/miellyttävä/kiva/mukava/
ilmaantua/ant/#/kadota/
ilmaista/ant/#/kontraindikoida/osoittaa este hoidolle/vasta-aiheistaa/
ilmava/ant/#/painava/raskas/
ilmeinen/ant/#/huomaamaton/odottamaton/
ilmestyä/ant/#/kadota/
ilo/ant/#/surullisuus/murhe/suru/tyytymättömyys/ilottomuus/masennus/depressio/
iloinen/ant/#/masentava/alakuloinen/huono/ikävä/onneton/surullinen/tyytymätön/masentunut/surumielinen/haikea/iloton/
iloisuus/ant/#/ilottomuus/
iloita/ant/#/itkeä/kyynelehtiä/
iloton/ant/#/iloinen/riemukas/
imarrella/ant/#/väheksyä/halventaa/
imettää/ant/#/ruokkia pullosta/
immateriaalinen/ant/#/aineellinen/todellinen/
implisiittinen/ant/#/täsmällinen/eksplisiittinen/selkeä/
impotenssi/ant/#/potenssi/
indeksi/ant/#/yläindeksi/
inflatorinen/ant/#/deflatorinen/
informatiivinen/ant/#/sisällyksetön/
inhibiittori/ant/#/aktivaattori/
inhimillinen/ant/#/muu kuin ihminen/epäinhimillinen/julma/
inhimillistää/ant/#/riistää inhimillisyys/ottaa pois ihmisarvo/
inhimillisyys/ant/#/epäinhimillisyys/
inho/ant/#/mieltymys/
inhottaa/ant/#/vetää puoleensa/viehättää/olla viehättävä/
inhottava/ant/#/miellyttävä/kiva/mukava/
innokas/ant/#/haluton/
innostaa/ant/#/lannistaa/
innostunut/ant/#/haluton/aloitekyvytön/saamaton/rauhallinen/tyyni/
instrumentaalinen/ant/#/laulu-/
integraatio/ant/#/eristys/
integroida/ant/#/derivoida/differentioida/
intensiivinen/ant/#/himmeä/sekoitettu/mieto/vaisu/
internationalismi/ant/#/kansalliskiihko/nationalismi/
intohimoinen/ant/#/intohimoton/
intohimoton/ant/#/intohimoinen/kiihkeä/palava/tulinen/
intransitiivinen/ant/#/transitiivi-/
intuitiivinen/ant/#/diskursiivinen/
investoida/ant/#/luopua/
irrallinen/ant/#/yhdistetty/kytketty/
irrallisuus/ant/#/yhteys/yhteenliittyvyys/sukulaisuus/
irrationaalinen/ant/#/järkevä/järkiperäinen/järjellinen/järkeenkäypä/
irrottaa/ant/#/juuttunut/jumissa/sitoa/kiinnittää/kytkeä/liittää/kytkeä yhteen/kietoa/kääriä/tarttua/ruuvata kiinni/kiertää/yhdistää/varustaa kielillä/kiinnittää koukulla/kiinnittää vyöllä/vyöttää/nitoa/panna/laittaa/panna kuonokoppa/
irtautua/ant/#/kiinnittää/
irtonainen/ant/#/nivelletty/kiinnitetty/liitetty/tiivis/yhdistetty/koottu/
irtonaisuus/ant/#/lujuus/vakaus/
iskeä/ant/#/puolustautua/
iso/ant/#/pieni/gemena-/pienaakkos-/pikku-/pienillä kirjaimilla kirjoitettu/
isous/ant/#/pienuus/
istukallinen/ant/#/istukaton/
istuutua/ant/#/seistä/maata/olla makuuasennossa/seisoa/nousta seisomaan/nousta ylös/
isä/ant/#/lapsi/äiti/naispuolinen vanhempi/
isällinen/ant/#/äidillinen/
isäntä/ant/#/loinen/parasiitti/
itkeä/ant/#/nauraa/iloita/
itsekäs/ant/#/epäitsekäs/
itsenäinen/ant/#/riippuvuussuhteessa oleva/alisteinen/ohjattu/avusteinen/avustettu/
itsenäistää/ant/#/kolonisoida/perustaa siirtokunta/asuttaa/
itsepäisyys/ant/#/noudattaminen/
itäinen/ant/#/länsi-/läntinen/länteen päin/
jaettava/ant/#/jakamaton/
jakaa/ant/#/kertoa/yhdistyä/poistaa myynnistä/
jakamaton/ant/#/vaihteleva/jaollinen/jaettava/jaettu/yhteinen/kerrannainen/
jakauma/ant/#/keskittymä/
jalo/ant/#/alhainen/halpamainen/
janoinen/ant/#/nälkäinen/
jatkaa/ant/#/lakata/lopettaa/päättää/päättyä/
jatkoaika/ant/#/varsinainen peliaika/
jatkuva/ant/#/murtunut/rikkinäinen/särkynyt/epäjatkuva/keskeytetty/rivien lopussa pysähtyvä/epävakaa/hoippuva/tärisevä/värisevä/
jatkuvuus/ant/#/keskeytys/epäjatkuvuuskohta/
jodioida/ant/#/poistaa jodia/
johde/ant/#/eriste/
johdin/ant/#/eriste/
johtaja/ant/#/kannattaja/seuraaja/
johtava/ant/#/seuraava/eristävä/
joustaa/ant/#/nousta pystyyn/
joustava/ant/#/sopeutumista haittaava/epäelastinen/joustamaton/järkähtämätön/jäykkä/sovelluskelvoton/
joustavuus/ant/#/sovelluskelvottomuus/jäykkyys/epäelastisuus/
jousto/ant/#/epäelastisuus/
joutilaisuus/ant/#/aktiivisuus/
joutilas/ant/#/kiireinen/
julkea/ant/#/omantunnonarka/
julkinen/ant/#/julistamaton/peitelty/salainen/yksityinen/yksityis-/
julkisuus/ant/#/häpeä/
julma/ant/#/inhimillinen/humaani/
julmuus/ant/#/hyväntekeväisyys/armo/myötätunto/tunne/kiltteys/hellyys/
jumalaton/ant/#/harras/uskonnollinen/hurskas/oikeamielinen/vanhurskas/
juniori/ant/#/seniori/
juniori/ant/#/seniori/
juoda/ant/#/kieltäytyä/pidättyä/pidättäytyä/
juokseva/ant/#/seisova/
juoma/ant/#/ruoka/
juonikas/ant/#/luonnollinen/teeskentelemätön/vilpitön/
juopumus/ant/#/raittius/selvyys/
juoruilla/ant/#/pysyä hiljaa/olla hiljaa/
juotava/ant/#/juomakelvoton/
juuri/ant/#/yläpää/yläosa/
jykevä/ant/#/hauras/
jyrkkyys/ant/#/loivuus/
jyrkkä/ant/#/loiva/
jähmettyä/ant/#/löystyä/
jähmettää/ant/#/höllentää/
jähmeys/ant/#/suvaitsevaisuus/taipuisuus/
jäljittelemätön/ant/#/jäljittelevä/toistettava/
jälkeenjäänyt/ant/#/pikkuvanha/varhaiskypsä/
jälkeläinen/ant/#/esi-isä/esiäiti/
jälkimmäinen/ant/#/edellinen/edeltävä/ensimmäinen/ensin mainittu/
jämäkkä/ant/#/lepsu/
jännittyä/ant/#/rentouttaa/rentoutua/rauhoittua/heikentyä/heiketä/
jännittävä/ant/#/tavanomainen/tylsä/yksitoikkoinen/
järeä/ant/#/kevyt/
järjellinen/ant/#/irrationaalinen/järjenvastainen/tunnepohjainen/tunteeseen perustuva/
järjestelmällinen/ant/#/epäjärjestyksessä oleva/sekaisin/epäjärjestelmällinen/epäsystemaattinen/
järjestymätön/ant/#/jäsennetty/
järjestys/ant/#/levottomuus/sekasorto/
järjestää/ant/#/täyttää sikin sokin/sekoittaa/häiritä/
järjetön/ant/#/viisas/
järkevyys/ant/#/harkitsemattomuus/arvostelukyvyttömyys/
järkevä/ant/#/harkitsematon/ajattelematon/aivopesty/epäviisas/irrationaalinen/järjenvastainen/arvostelukyvytön/
järkkymätön/ant/#/kunnioituksen valtaama/järkyttyvä/
järkyttää/ant/#/pitää tasapainossa/
järkähtämätön/ant/#/joustava/
jäsen/ant/#/ei jäsen/
jätti/ant/#/tonttu/
jättiläinen/ant/#/tonttu/
jäykistyä/ant/#/löystyä/
jäykistää/ant/#/höllentää/
jäykkyys/ant/#/joustavuus/taipuisuus/
jäykkä/ant/#/joustava/
jää/ant/#/jaa/ei/kielteinen vastaus/ei-ääni/
jäädyttää/ant/#/vapauttaa/
jäädä/ant/#/muuttua/muuttaa/poistua/
jäätyä/ant/#/kiehua/
jääviys/ant/#/kyvykkyys/
kaasumainen/ant/#/kiinteä/nestemäinen/
kaasuttaa/ant/#/hiljentää vauhtia/
kadota/ant/#/täyttyä/aineellistua/ilmaantua/ilmestyä/tulla näkyviin/
kadottaa/ant/#/löytää/
kaikki/ant/#/jokin/joku/ei yhtään/
kaikota/ant/#/lähestyä/
kakofoninen/ant/#/soinnukas/
kaljuus/ant/#/karvaisuus/
kalleus/ant/#/edullisuus/
kallis/ant/#/halpa/edullinen/köyhä/
kallistua/ant/#/menettää arvoa/
kalsea/ant/#/kuuma/hyväntahtoinen/kiltti/ystävällinen/
kalseus/ant/#/hyväsydämisyys/ystävällisyys/kiltteys/
kangistaa/ant/#/höllentää/
kangistua/ant/#/löystyä/
kankea/ant/#/siro/sulava/sulavaliikkeinen/sulavalinjainen/viehkeä/viehättävä/
kannattava/ant/#/tuottamaton/
kannuste/ant/#/hidaste/
kannustin/ant/#/hidaste/
kannustus/ant/#/vastustaminen/
kansalainen/ant/#/ulkomaalainen/
kansalaisuudeton/ant/#/äänioikeutettu/
kansallinen/ant/#/kansainvälinen/
kantaa/ant/#/saada keskenmeno/
kantaja/ant/#/vastaaja/syytetty/
kapea/ant/#/leveä/
kapeus/ant/#/leveys/
kapitalismi/ant/#/sosialismi/
kapitalistinen/ant/#/sosialistinen/
karhentaa/ant/#/silotella/
karkea/ant/#/kohtelias/hienostunut/hieno/hienojakoinen/ohut/pehmeä/sileä/tasainen/
karkeus/ant/#/sileys/
karsia/ant/#/kärsiä/voida hyvin/saada nauttia jstk/
karu/ant/#/edullinen/
karvainen/ant/#/höyhenetön/kalju/karvaton/paljas/
karvaisuus/ant/#/kaljuus/karvattomuus/
karvas/ant/#/miellyttävä/maittava/makoisa/maukas/
karvaus/ant/#/maittavuus/
karvaus/ant/#/maittavuus/
kasata/ant/#/purkaa/
kastella/ant/#/kuivata/
kasvaa/ant/#/vähentyä/pienetä/laskea/ehtyä/vähetä/
kasvattaa/ant/#/vähentää/
kasvoton/ant/#/-pintainen/
kasvu/ant/#/väheneminen/lasku/epäonnistuminen/vähentyminen/kehittymättömyys/pysähtyneisyys/
katalyytti/ant/#/vastakatalyytti/
katkera/ant/#/anteeksiantava/suvaitsevainen/
katodi/ant/#/anodi/
kattaa/ant/#/jättää pois/
kaukainen/ant/#/lähi-/lähellä oleva/lähellä/läheinen/
kaunainen/ant/#/anteeksiantava/suvaitsevainen/
kauneus/ant/#/rumuus/
kaunis/ant/#/ruma/epäesteettinen/
kaunistaa/ant/#/rumentaa/
kaupallinen/ant/#/epäkaupallinen/
kaupunki/ant/#/maaseutu/
kaupunkilainen/ant/#/ulkomaalainen/
kausaalinen/ant/#/ei-kausatiivinen/
kavallus/ant/#/rehellisyys/
kavaluus/ant/#/vilpittömyys/
kaventaa/ant/#/leventyä/väljentää/
kehittymättömyys/ant/#/kasvu/
kehittymätön/ant/#/kehittynyt/
kehittynyt/ant/#/kehittymätön/
kehitys/ant/#/kehitysvaje/
kehno/ant/#/valio/ylivoimainen/erinomainen/
kehua/ant/#/arvostella/
kellua/ant/#/upota/
kelpo/ant/#/hankala/huono/paha/vakava/sopimaton/säädytön/
kelpoisuus/ant/#/kelpaamattomuus/
kelpuuttaa/ant/#/torjua/diskvalifioida/hylätä/
kelvollinen/ant/#/ei oikeutettu/kelpaamaton/todisteeksi kelpaamaton/
kelvoton/ant/#/pelikelpoinen/soitettavissa oleva/laillinen/pätevä/validi/kelpaava/
kepeä/ant/#/kova/voimakas/
kerake/ant/#/vokaali/
keriä/ant/#/purkaa/suoristaa/
kertoa/ant/#/jakaa/
kerätä/ant/#/levittää/
keskeinen/ant/#/perifeerinen/reuna-/ääri-/
keskeneräinen/ant/#/valmis/
keskeytymätön/ant/#/murtunut/rikkinäinen/särkynyt/
keskeytys/ant/#/jatkaminen/jatkuvuus/punainen lanka/
keskittymä/ant/#/jakauma/
keskittää/ant/#/sumentaa/hajauttaa/
kestämätön/ant/#/pysyvä/vakituinen/siedettävä/välttävä/
kestävyys/ant/#/hauraus/särkyvyys/herkkyys/herkkätunteisuus/
kestävä/ant/#/hauras/särkyvä/epäkuntoinen/toimimaton/suojaton/
kesy/ant/#/villi/arka/
kesyys/ant/#/kesyttämättömyys/luonnonvaraisuus/
kesä/ant/#/talvi/
kesäinen/ant/#/keväinen/kevät-/syksyinen/syys-/talvinen/
keveys/ant/#/paino/arvokkuus/
kevyt/ant/#/painava/raskas/järeä/tukeva/rankka/kova/voimakas/
keväinen/ant/#/kesä-/kesäinen/suvinen/talvinen/syksyinen/syys-/
kevät/ant/#/syksy/
kiehua/ant/#/jäätyä/
kieli/ant/#/tekokieli/
kielimäinen/ant/#/kieletön/
kielletty/ant/#/luvallinen/määrittelemätön/rajaamaton/vapaa/
kielteinen/ant/#/vahvistava/hyväksyvä/myönteinen/positiivinen/neutraali/
kieltävä/ant/#/vakuuttava/
kieltäytyjä/ant/#/myöntäjä/
kieltäytyä/ant/#/hyväksyä/myöntyä/juoda/syödä/ottaa vastaan/
kieltää/ant/#/väittää/antaa lupa/sallia/antaa/laskea/päästää/myöntää/tunnustaa/myöntää avoimesti/laillistaa/legaalistaa/
kierittää/ant/#/suoristaa/
kierous/ant/#/suoraviivaisuus/
kiertää/ant/#/suoristaa/irrottaa/ruuvata irti/
kietoa/ant/#/avata/irrottaa/selvittää/suoristaa/purkaa/
kihara/ant/#/suora/
kiihdyttää/ant/#/heikentää/hidastua/
kiihkeä/ant/#/intohimoton/
kiihottaa/ant/#/tyynnyttää/
kiihtyvyys/ant/#/hidastuminen/
kiiltävä/ant/#/takkuinen/
kiinnittää/ant/#/irtautua/erottaa/irrottaa/avata/purkaa/
kiinnostaa/ant/#/ikävystyttää/tylsistyttää/
kiinnostava/ant/#/pitkästyttävä/pitkäveteinen/tylsä/
kiinnostua/ant/#/tylsistyä/välinpitämättömyys/
kiinnostus/ant/#/vastahakoisuus/
kiinteä/ant/#/nestemäinen/kaasumainen/
kiintoisa/ant/#/pitkästyttävä/pitkäveteinen/tylsä/
kiireinen/ant/#/joutilas/
kiista/ant/#/sopiminen/välipuhe/harmonia/sopusointu/yhteisymmärrys/yksimielisyys/
kiistaton/ant/#/kiistanalainen/kyseenalainen/
kiistää/ant/#/myöntää/tunnustaa/myöntää avoimesti/
kiitollinen/ant/#/kiittämätön/
kiittämättömyys/ant/#/kiitollisuudentunne/kiitollisuus/
kiittämätön/ant/#/aistikas/mukava/ylellinen/kiitollinen/
kiivas/ant/#/rauhallinen/tyyni/
kiivetä/ant/#/laskeutua/
kilpailu/ant/#/yhteistyö/
kiltteys/ant/#/ilkeys/kalseus/tylyys/julmuus/
kiltti/ant/#/pahanilkinen/paha/epäystävällinen/ilkeä/kalsea/tyly/
kipeys/ant/#/hyvinvointi/
kipeä/ant/#/hyvinvoiva/terve/hyvässä kunnossa/
kipu/ant/#/miellyttävyys/hyvinvointi/
kireä/ant/#/löyhä/
kirja/ant/#/koulukirja/
kirjaimellinen/ant/#/vertauskuvallinen/kuvaannollinen/
kirjallinen/ant/#/puhe-/puhuttu/suullinen/
kirjoittamaton/ant/#/kirjoitettu/
kirkas/ant/#/harmaa/himmennetty/tähdetön/pimeä/synkkä/hämärä/
kirkastua/ant/#/pimetä/tummua/pimentyä/tummentua/
kirkollinen/ant/#/sekulaarinen/
kirota/ant/#/siunata/
kirpeä/ant/#/makea/sokerinen/
kirurginen/ant/#/lääketieteellinen/lääkinnällinen/kajoamaton/
kiteinen/ant/#/ei-kiteinen/
kitkeryys/ant/#/maittavuus/
kitsas/ant/#/armelias/hyväntekeväisyys-/antelias/avokätinen/reilu/
kitua/ant/#/voida hyvin/
kiusallinen/ant/#/miellyttävä/
kiva/ant/#/ilkeä/inhottava/paha/
kivuton/ant/#/tuskallinen/rasittava/
klassinen/ant/#/ei-klassillinen/
kohdata/ant/#/karttaa/vältellä/välttää/
kohdistaa/ant/#/heittää/kulkea vinoon/
kohentaa/ant/#/heikentää/huonontaa/pahentaa/
kohentua/ant/#/huonontua/pahentua/
koherentti/ant/#/epäkoherentti/
kohottaa/ant/#/siirtää alaspäin/
kohtalo/ant/#/valinta/oma tahto/
kohteliaisuus/ant/#/epäkohteliaisuus/
kohtelias/ant/#/tarkkaamaton/inattentiivinen/epäkohtelias/karkea/karkeatapainen/töykeä/
kohtuullinen/ant/#/kohtuuton/harkitsematon/
kohtuuton/ant/#/kohtuullinen/
kohtuuttomuus/ant/#/maltillisuus/
kokeellinen/ant/#/teoreettinen/
kokematon/ant/#/kokenut/
kokemattomuus/ant/#/kokemus/
kokemus/ant/#/kokemattomuus/
koko/ant/#/murto-/jokin/joku/ei yhtään/
kokonainen/ant/#/katkennut/murtunut/rikkinäinen/särkynyt/-puoli/epätäydellinen/puutteellinen/
kokonaisuus/ant/#/yksityiskohta/
kolkko/ant/#/aistikas/mukava/ylellinen/
komedia/ant/#/murhenäytelmä/tragedia/
kompetenssi/ant/#/epäpätevyys/taitamattomuus/
kompetentti/ant/#/inkompetentti/
kompleksisuus/ant/#/yksinkertaisuus/
konkreettinen/ant/#/käsitteellinen/
konkreettisuus/ant/#/abstraktisuus/abstraktius/
konna/ant/#/hyvis/sankari/
konservatiivi/ant/#/liberaali/
konservatiivinen/ant/#/vapaamielinen/liberaalinen/sopeutumaton/
konsonantti/ant/#/vokaali/
koodata/ant/#/purkaa koodaus/dekoodata/
kookas/ant/#/pieni/lyhyt/
koordinaatio/ant/#/koordinaatiohäiriö/
koota/ant/#/purkaa/
koristaa/ant/#/rumentaa/
koristeellinen/ant/#/yksinkertainen/
korjaamaton/ant/#/korjattu/
korjata/ant/#/väärentää/särkeä/tuhota/
korkata/ant/#/sulkea korkilla/
korkea/ant/#/matala/alhainen/lyhyt/
korostaa/ant/#/pitää taka-alalla/vähätellä/
korottaa/ant/#/vähentää/alentaa/
korotus/ant/#/pienentäminen/vähenemä/
korrektius/ant/#/virheellisyys/sopimattomuus/
korvaamaton/ant/#/tarpeeton/turha/takaisin saatava/uusittava/uusintakelpoinen/korjauskelpoinen/vaihdettavissa oleva/
koskematon/ant/#/pahoinpidelty/kolottu/porattu/pilaantunut/kosketuksissa oleva/kosketuksissa/merkitty/
kosmopoliittinen/ant/#/maakunnallinen/maalais-/provinsiaalinen/
kostea/ant/#/kieltolain kannattajien/kseerinen/erittäin kostea/
kosteus/ant/#/kuivuus/
kosteuttaa/ant/#/kuivua/
kosto/ant/#/hyökkäys/
kostuttaa/ant/#/poistaa kosteutta/
kotimainen/ant/#/ulko-/ulkomaan/
kotiuttaa/ant/#/kutsua asepalvelukseen/panna liikekannalle/ajaa maanpakoon/
kotoinen/ant/#/kömpelö/osaamaton/
koukistaa/ant/#/höllentää/suoristaa/
koukistua/ant/#/nousta pystyyn/
kouluttamaton/ant/#/koulutettu/harjaantunut/
kova/ant/#/anteeksiantava/heikko/peräänantava/helläkätinen/lempeä/hellä/liudentunut/palataalinen/vähäinen/kepeä/kevyt/hiljainen/pehmeä/vaimea/kypsä/murea/herkkä/
kovera/ant/#/kupera/
koveta/ant/#/pehmentää/
kovettua/ant/#/pehmentyä/
kovuus/ant/#/pehmeys/
krediitti/ant/#/debet/
kriisi/ant/#/rauha/rauhallisuus/
kriittinen/ant/#/kritiikitön/ei-kriittinen/
kriminalisoida/ant/#/dekriminalisoida/
kristitty/ant/#/epäkristillinen/
kritiikitön/ant/#/kriittinen/kritisoiva/arvosteleva/näkevä/
krooninen/ant/#/akuutti/äkillinen/
kruuna/ant/#/klaava/
kruunaamaton/ant/#/kruunupäinen/kuvullinen/
kuiskata/ant/#/huutaa/puhua kovaa/
kuiva/ant/#/limainen/makea/märkä/
kuivuus/ant/#/kosteus/märkyys/
kuljettaa/ant/#/hakea/noutaa/
kuljettaja/ant/#/autoton/
kulkea/ant/#/pysyä/kävellä/
kulmikas/ant/#/pyöreä/
kuluttaa/ant/#/mataloittaa/käyttää liikaa rahaa/elää yli varojensa/
kummallinen/ant/#/tavallinen/tuttu/
kumota/ant/#/saattaa voimaan/osoittaa/vahvistaa/perustaa/lanseerata/
kuningas/ant/#/kuningatar/
kunnia/ant/#/epäkunnia/häpeä/kunniattomuus/
kunniakas/ant/#/häpeällinen/kunniaton/epärehellinen/
kunniallinen/ant/#/epäkunnioitettava/
kunniallisuus/ant/#/häpeällisyys/huonomaineisuus/
kunniaton/ant/#/kunniakas/maineikas/
kunnioitettava/ant/#/halveksittava/alhainen/
kunnioittaa/ant/#/halveksia/häväistä/
kunnioittava/ant/#/epäkunnioittava/halveksiva/
kunnioitus/ant/#/epäkunnioitus/halveksinta/kunnioituksen puute/halveksunta/
kunnollinen/ant/#/sopimaton/säädytön/
kunnollisuus/ant/#/pilaantunut/turmeltuneisuus/turmeltunut tila/
kunto/ant/#/sekasorto/huonokuntoisuus/
kuolema/ant/#/synnytys/syntymä/alku/synty/elämä/
kuolematon/ant/#/kuolevainen/
kuolemattomuus/ant/#/kuolevaisuus/
kuolettava/ant/#/ei kuolemaan johtava/
kuolevainen/ant/#/kuolematon/häviämätön/
kuolla/ant/#/syntyä/selvitä hengissä/jäädä eloon/jäädä henkiin/
kuollut/ant/#/elossa oleva/elossa/elävät/
kuori/ant/#/ydinkerros/
kuori/ant/#/ydinkerros/
kupera/ant/#/kovera/
kurantti/ant/#/epäkurantti/ei-ajanmukainen/ei-kysytty/pilaantunut/
kurittomuus/ant/#/kurinalaisuus/pidättyvyys/itsehillintä/maltti/pidättyväisyys/
kurjuus/ant/#/onnellisuus/
kurvikas/ant/#/kömpelö/muodoton/
kuuliainen/ant/#/määräävä/vallanhimoinen/tottelematon/
kuuliaisuus/ant/#/tottelemattomuus/niskoittelu/
kuulumaton/ant/#/kuuluva/
kuuluvuus/ant/#/kuulumattomuus/
kuuma/ant/#/jäähtynyt/kylmä/kalsea/viileä/
kuumentua/ant/#/viiletä/viilentyä/
kuumuus/ant/#/kylmyys/
kuvaamaton/ant/#/maalauskelpoinen/
kuvaannollinen/ant/#/kirjaimellinen/sananmukainen/
kuvaava/ant/#/abstraktinen/
kvalitatiivinen/ant/#/kvantitatiivinen/määrällinen/
kvantitatiivinen/ant/#/kvalitatiivinen/laadullinen/syllabinen/painoa koskeva/painotusta koskeva/
kykenemättömyys/ant/#/kyky/kyvykkyys/taito/pystyvyys/kykenevyys/
kykenemätön/ant/#/kykenevä/pystyvä/
kykenevyys/ant/#/epäpätevyys/taitamattomuus/kykenemättömyys/
kykenevä/ant/#/kyvytön/kykenemätön/
kyky/ant/#/kykenemättömyys/sopimattomuus/kelpaamattomuus/
kylläinen/ant/#/kyltymätön/
kylmyys/ant/#/kuumuus/
kylmä/ant/#/kuuma/hellä/rakastava/herkkätunteinen/lämmin/herkkä/
kylmäkiskoinen/ant/#/sympaattinen/
kyltymätön/ant/#/kylläinen/
kypsymättömyys/ant/#/kypsyys/
kypsymätön/ant/#/täysikasvuinen/
kypsyys/ant/#/kypsymättömyys/
kypsä/ant/#/epäkypsä/lapsellinen/raaka/kova/sitkeä/
kysyntä/ant/#/toimitus/
kysyvä/ant/#/selittävä/
kytkeä/ant/#/vapauttaa/irrottaa/pysäyttää/sammuttaa/laittaa pois päältä/sulkea/irrottautua/
kyvykkyys/ant/#/kykenemättömyys/jääviys/kyvyttömyys/
kyvyttömyys/ant/#/kyvykkyys/ominaisuus/mahti/toimintakyky/
kyvytön/ant/#/kykenevä/pystyvä/taitava/
kyynelehtiä/ant/#/nauraa/iloita/
kädellinen/ant/#/kädetön/
kädetön/ant/#/-haarainen/-kätinen/kädellinen/käden/käsin/
kärkevyys/ant/#/tylsyys/
kärki/ant/#/tylppäpäisyys/vajaus/
kärsimys/ant/#/mielihyvä/
kärsimättömyys/ant/#/kärsivällisyys/maltti/
kärsimätön/ant/#/kärsivällinen/
kärsivällinen/ant/#/kärsimätön/
kärsivällisyys/ant/#/kärsimättömyys/
kärsiä/ant/#/voida hyvin/saada nauttia jstk/
kärttää/ant/#/karttaa/kohdata/
käsitellä/ant/#/laiminlyödä/palautua/
käsitteellinen/ant/#/konkreettinen/
käsittelemätön/ant/#/karkaistu/jalostettu/käsitelty/
käsittämättömyys/ant/#/ymmärrettävyys/helppotajuisuus/
käsittämätön/ant/#/kattava/käsitettävä/ymmärrettävä/helppotajuinen/sovittu/aito/oikea/tosi/ehta/
käsitys/ant/#/epäuskoisuus/
kätevä/ant/#/kömpelö/epämukava/hankala/sopimaton/
kävellä/ant/#/kulkea/ajella/
käydä/ant/#/olla pääsemättä/missata/
käynnistyä/ant/#/katketa/lakata toimimasta/
käynnistää/ant/#/pysäyttää/sammuttaa/laittaa pois päältä/sulkea/
käyryys/ant/#/suoraviivaisuus/
käyrä/ant/#/suora/suora viiva/
käytetty/ant/#/väärin käytetty/
käytettävyys/ant/#/luoksepääsemättömyys/epäkäytettävyys/
käytännöllinen/ant/#/epäkäytännöllinen/
käytännöllisyys/ant/#/epäkäytännöllisyys/
käänteinen/ant/#/suora/
kääntyä/ant/#/kääntyä vastapäivään/
kääriä/ant/#/aukaista/ottaa esiin paketista/avata/irrottaa/
kömpelyys/ant/#/eleganssi/tyylikkyys/hienostuneisuus/tyyli/sirous/sulavaliikkeisyys/sulavuus/viehkeys/
kömpelö/ant/#/kätevä/näppärä/taitava/hieno/hienostunut/tyylikäs/kodin/kotoinen/perhe-/siro/sulava/sulavaliikkeinen/sulavalinjainen/viehkeä/viehättävä/kevytkenkäinen/kannettava/matka-/valmis/hyvinmuodostunut/kaunismuotoinen/kurvikas/etevä/taidokas/käsiteltävä/
köröttää/ant/#/korottaa/alentaa/vähentää/
köyhdyttää/ant/#/rikastuttaa/
köyhyys/ant/#/rikkaus/
köyhä/ant/#/rikas/äveriäs/runsaasti sisältävä/kallis/
laaja/ant/#/supistunut/
laajentaa/ant/#/vähentää/supistaa/erikoistua/
laajentua/ant/#/vähentyä/pienetä/laskea/
ladata/ant/#/siirtää tietoa/lähettää tiedosto/siirtää palvelimelle/
lady/ant/#/lordi/
lahjakas/ant/#/lahjaton/
lahjaton/ant/#/hyvin varustettu/lahjakas/etevä/
lahkolainen/ant/#/lahkoton/
laiha/ant/#/lihava/läski/pulska/
laihduttaa/ant/#/lihoa/
laiheliini/ant/#/paksukainen/
laillinen/ant/#/epäoikeudenmukainen/epäreilu/vilpillinen/lainvastainen/laiton/avioton/mitätön/kelvoton/
laillisuus/ant/#/laittomuus/vääryys/väärä/
laimennus/ant/#/väkevöittäminen/
lainata/ant/#//antaa lainaksi/ottaa lainaksi/
laiska/ant/#/energinen/toimelias/ahkera/aktiivinen/
laiskistua/ant/#/ryhdistäytyä/
laiton/ant/#/asiaankuuluva/asianmukainen/dokumentoitu/laillinen/lainmukainen/
laittaa/ant/#/irrottaa/
laittautua/ant/#/pukeutua rennosti/
laitteisto/ant/#/ohjelmisto/
lakata/ant/#/jatkaa/
lakkaamaton/ant/#/hajanainen/satunnainen/sporadinen/
lakkauttaa/ant/#/perustaa/lanseerata/
langaton/ant/#/johdotettu/
lanseerata/ant/#/lakkauttaa/poistaa/kumota/lopettaa/
lapsellinen/ant/#/kypsä/
lapsi/ant/#/esi-isä/esiäiti/isä/vanhempi/äiti/aikuinen/
laskea/ant/#/kasvaa/laajentua/lisääntyä/nousta/suurentua/kieltää/torpata/ajelehtia/
laskeutua/ant/#/kiivetä/nousta/
laskostaa/ant/#/laskostaa auki/
lasku/ant/#/kasvu/nousu/parannus/edistys/
lastata/ant/#/poistaa/
lattea/ant/#/luova/inspiroiva/innoittava/
latteus/ant/#/luovuus/
lauhkea/ant/#/epäsuotuisa/hellittämätön/ankara/
legaalistaa/ant/#/kieltää/julistaa laittomaksi/
legato/ant/#/staccato/
lehtevä/ant/#/lehdetön/
leikkisä/ant/#/tosikkomainen/totinen/vakavamielinen/
lempeä/ant/#/ankara/armoton/kova/
lentoposti/ant/#/pintaposti/
lepoaika/ant/#/kiima-aika/
leppoisa/ant/#/pikainen/
leppymätön/ant/#/anteeksiantava/
lepsu/ant/#/jämäkkä/tehokas/voimakas/aktiivinen/
letittää/ant/#/letittää auki/
leuto/ant/#/pahansuopa/pahantahtoinen/epäsuotuisa/ankara/
leventyä/ant/#/kaventaa/
leveys/ant/#/kapeus/
leveä/ant/#/kapea/
levittää/ant/#/rullata/kerätä/
levollisuus/ant/#/kuohunta/mieltenkuohu/
levoton/ant/#/tyyni/hiljainen/huoleton/levollinen/
levyttää/ant/#/pyyhkiä/
levätä/ant/#/olla aktiivinen/
liberaali/ant/#/konservatiivi/vanhoillinen/
liberaalinen/ant/#/konservatiivinen/
lievittää/ant/#/ärsyttää/
lihava/ant/#/hoikka/laiha/solakka/
lihavuus/ant/#/hoikkuus/
lihoa/ant/#/laihduttaa/
liike/ant/#/liikkumattomuus/
liikkua/ant/#/pysyä/
liikkumaton/ant/#/liikkuva/
liikkumattomuus/ant/#/liikkuvuus/liike/
liikkuva/ant/#/ei toiminnassa oleva/liikuntakyvytön/liikkumaton/
liikkuvuus/ant/#/liikkumattomuus/paikallaanolo/
liikuttava/ant/#/yhdentekevä/
liioitella/ant/#/aliarvioida/
liittää/ant/#/erottaa/irrottaa/liittää prefiksi/
likainen/ant/#/puhdas/siisti/synnitön/turmelematon/
likviditeetti/ant/#/konkurssitila/maksukyvyttömyys/
limainen/ant/#/kuiva/
limittää/ant/#/selvittää/suoristaa/
lineaarinen/ant/#/kuutio-/kaksiulotteinen/epälineaarinen/
lisä/ant/#/vähennys/vähentäminen/
lisätä/ant/#/vähentää/ottaa pois/liittää prefiksi/
lisäys/ant/#/vähennys/vähentäminen/pieneneminen/
lisääntyä/ant/#/vähentyä/pienetä/laskea/
liukenematon/ant/#/-liukoinen/liukeneva/
liukoisuus/ant/#/liukenemattomuus/
lohduton/ant/#/lohdutettavissa oleva/lohdutettavissa/
loinen/ant/#/isäntä/
loistava/ant/#/ruma/epäesteettinen/harmaa/
loitontaa/ant/#/lähentää/
loitsia/ant/#/päästää harhakuvitelmasta/
loiva/ant/#/jyrkkä/
lojaali/ant/#/epälojaali/petollinen/
looginen/ant/#/epäjohdonmukainen/
loogisuus/ant/#/epäjohdonmukaisuus/epäloogisuus/
lopettaa/ant/#/alkaa/aloittaa/perustaa/lanseerata/jatkaa/
loppu/ant/#/alku/alkuosa/keskiosa/synty/syntymä/
lopullinen/ant/#/valituskelpoinen/läheinen/
loputon/ant/#/rajallinen/äärellinen/lievennetty/
loputtomuus/ant/#/äärellisyys/
lordi/ant/#/lady/
luettava/ant/#/vaikealukuinen/lukukelvoton/
luhistua/ant/#/räjähtää/
luinen/ant/#/luuton/ruodoton/
luja/ant/#/epäröivä/herkkä/
lujuus/ant/#/höllyys/irtonaisuus/
lukematon/ant/#/laskettava/
lukita/ant/#/avautua/avata/
lukkiutua/ant/#/avautua/
lukko/ant/#/avain/
lumota/ant/#/päästää harhakuvitelmasta/
luode/ant/#/vuoksi/
luonnollinen/ant/#/teennäinen/teeskennelty/juonikas/nokkela/taidokas/viekas/epäluonnollinen/luonnoton/yliluonnollinen/aseteltu/
luonnollisuus/ant/#/keinotekoisuus/luonnottomuus/
luonnoton/ant/#/luonnollinen/
luonnottomuus/ant/#/luonnollisuus/
luontainen/ant/#/ulkoa tuleva/ulkopuolinen/riitautettu/
luonteva/ant/#/laskelmoitu/
luopua/ant/#/vaatia itselleen/osallistua/ottaa osaa/tehdä/investoida/sijoittaa/satsata/
luotettava/ant/#/epäluotettava/valheellinen/väärä/epärehellinen/epävakaa/hoippuva/tärisevä/värisevä/
luotettavuus/ant/#/epäluotettavuus/turvattomuus/
luottaa/ant/#/olla luottamatta jhk/epäillä/
luottamus/ant/#/epäluottamus/arkuus/
luottavainen/ant/#/epäilevä/epäluuloinen/
luova/ant/#/lattea/sovinnainen/
luovuttamaton/ant/#/luovutettavissa oleva/luovutuskelpoinen/myytävissä oleva/siirrettävissä oleva/siirtokelpoinen/kumottavissa oleva/
luovutus/ant/#/hyökkäys/
luovuus/ant/#/latteus/sovinnaisuus/
lupaava/ant/#/huonoenteinen/lannistava/
luulo/ant/#/epäuskoisuus/
luuseri/ant/#/menestyjä/
luuton/ant/#/luinen/ruotoinen/
luvallinen/ant/#/kielletty/
luvallisuus/ant/#/mahdottomuus hyväksyä/luvattomuus/
luvaton/ant/#/valtuutettu/
lyhentyä/ant/#/pidentyä/pidetä/
lyhentämätön/ant/#/lyhennetty/supistettu/
lyhentää/ant/#/pidentää/
lyhetä/ant/#/pidentyä/pidetä/
lyhyt/ant/#/pitkä/ylipitkä/korkea/kookas/
lyhyys/ant/#/korkeus/pituus/
lyijytön/ant/#/lyijypitoinen/
lyyrinen/ant/#/draamallinen/dramaattinen/
lähde/ant/#/nielu/
läheinen/ant/#/kaukainen/distaalinen/etäisin/uloin/äärimmäinen/lopullinen/
läheisyys/ant/#/kaukaisuus/
lähentää/ant/#/loitontaa/
lähestyä/ant/#/erota/erkaantua/kaikota/mennä kauemmaksi/poistua/kadota näkyvistä/
lähtemätön/ant/#/hävitettävissä oleva/hävitettävissä/hävitettävä/mahdollinen hävittää/
lähteä/ant/#/tulla/
läikikäs/ant/#/nuhteeton/puhdas/tahraton/
läiskä/ant/#/energinen/toimelias/laiska/
lämmin/ant/#/viileä/kylmä/
lämmittää/ant/#/viilentää/
lämpöinen/ant/#/viileä/
läntinen/ant/#/itäinen/itä-/itärannikon/
läpikuultamaton/ant/#/läpikuultava/läpinäkyvä/
läpikuultamattomuus/ant/#/kirkkaus/
läpikuultava/ant/#/läpinäkymätön/läpikuultamaton/
läpäisemättömyys/ant/#/läpäisevyys/läpäistävyys/transparenssi/
läpäisemätön/ant/#/läpäisevä/
läpäisevyys/ant/#/läpäisemättömyys/
läpäistä/ant/#/epäonnistua/
läski/ant/#/hoikka/laiha/solakka/
lääkinnällinen/ant/#/kirurginen/
löyhyys/ant/#/kireys/
löyhä/ant/#/jännittynyt/kireä/pingottunut/tiukka/
löystyä/ant/#/jähmettyä/kangistua/jäykistyä/
löysä/ant/#/kiinnitetty/
löytää/ant/#/kadottaa/
maa/ant/#/maanalainen/
maalaismainen/ant/#/kaupunki-/urbaani/
maallikko/ant/#/hengenmies/pappismies/
maallinen/ant/#/taivaallinen/maallisista asioista piittaamaton/
maata/ant/#/istuutua/seistä/seisoa/nousta seisomaan/nousta ylös/
maaton/ant/#/maa-/maataomistava/
magmaattinen/ant/#/vesi-/
magnetoida/ant/#/poistaa magneettisuus/demagnetoida/
mahdollinen/ant/#/mahdoton/
mahdollistaa/ant/#/poistaa käytöstä/kytkeä pois päältä/
mahdollisuus/ant/#/mahdottomuus/
mahdoton/ant/#/mahdollinen/ajateltavissa oleva/ajateltavissa/
mahdottomuus/ant/#/mahdollisuus/
maho/ant/#/hedelmällinen/
mahti/ant/#/kyvyttömyys/
maine/ant/#/häpeä/huono maine/pahamaineisuus/
maineikas/ant/#/häpeällinen/kunniaton/
mainen/ant/#/maallisista asioista piittaamaton/
makea/ant/#/suolainen/kuiva/hapan/kirpeä/
makeuttaa/ant/#/hapattaa/
makoisa/ant/#/epämiellyttävä/karvas/pahanmakuinen/
maksaa/ant/#/laiminlyödä maksu/
maksimaalinen/ant/#/minimaalinen/
maksimi/ant/#/vähimmäismäärä/minimi/
maksimoida/ant/#/minimoida/
maksimointi/ant/#/minimointi/
maksu/ant/#/maksamatta jättäminen/
malli/ant/#/vastatyyppi/
maltillinen/ant/#/harkitsematon/
maltti/ant/#/kärsimättömyys/kurittomuus/
manuaalinen/ant/#/automaatti-/automaattinen/
masennus/ant/#/ilo/riemu/onnellisuus/
masentaa/ant/#/täyttää ilolla/
masentava/ant/#/iloinen/hilpeä/inspiroiva/innoittava/
masentunut/ant/#/hyvillään oleva/hyvillään/iloinen/mielissään oleva/mielissään/
maskuliinisuus/ant/#/naisellisuus/
matala/ant/#/syvä/korkea/monikerroksinen/
mataloittaa/ant/#/kuluttaa/
mataluus/ant/#/syvyys/korkeus/
materialisoitua/ant/#/muuttua aineettomaksi/
maukas/ant/#/epämiellyttävä/karvas/pahanmakuinen/mauton/
mauton/ant/#/muodikas/tyylikäs/turmeltumaton/aistikas/hyvää makua osoittava/herkullinen/maukas/hyvän makuinen/
mauttomuus/ant/#/aistikkuus/
mehukas/ant/#/nesteetön/
melkoinen/ant/#/mitätön/vähäpätöinen/hankala/huono/paha/vakava/
melodinen/ant/#/epäsointuinen/
menestyä/ant/#/epäonnistua/
miehittämätön/ant/#/miehitetty/
mieto/ant/#/raju/voimakas/intensiivinen/äärimmäinen/
moni/ant/#/muutama/
monimutkaistaa/ant/#/pelkistää/yksinkertaistaa/
moraalinen/ant/#/moraaliton/
negatiivinen/ant/#/positiivinen/
negatiivisuus/ant/#/positiivisuus/varmuus/
nenäkäs/ant/#/taantuva/takaperoinen/
nestemäinen/ant/#/kiinteä/kaasumainen/
neuroottinen/ant/#/epäneuroottinen/
neutraali/ant/#/myönteinen/positiivinen/kielteinen/
nielu/ant/#/lähde/
nimetön/ant/#/osoitettu/osoitteella varustettu/osoitteellinen/tekijän nimellä varustettu/nimetty/
niskoitella/ant/#/totella/
niskoittelu/ant/#/kuuliaisuus/
nitoa/ant/#/irrottaa/
niukka/ant/#/runsas/yltäkylläinen/malmipitoinen/reilu/
niukkuus/ant/#/runsaus/
noitua/ant/#/vapauttaa/
nokallinen/ant/#/nokaton/
nokkela/ant/#/luonnollinen/teeskentelemätön/vilpitön/tyhmä/typerä/
nokkeluus/ant/#/teeskentelemättömyys/vilpittömyys/
nolo/ant/#/häpeämätön/hävytön/
nopea/ant/#/hidas/
normaali/ant/#/epänormaali/epätavallinen/poikkeava/paranormaali/yliluonnollinen/standardista poikkeava/
normaalius/ant/#/epänormaalius/
nousta/ant/#/vähentyä/pienetä/laskea/supistua/alentua/laskeutua/mennä pois kyydistä/
nousu/ant/#/tuho/lasku/alamäki/pieneneminen/
nuhteeton/ant/#/läikikäs/tahrainen/virheellinen/
nukahtaa/ant/#/herätä/
nukkua/ant/#/herätä/
nuoleskella/ant/#/väheksyä/halventaa/
nuorentaa/ant/#/ikääntyä/vanheta/
nuori/ant/#/kuoleva/kuolin-/vanha/aikuinen/
nuoriso/ant/#/ikääntyneet/
nuuka/ant/#/antelias/avokätinen/reilu/
nykyinen/ant/#/ei käytössä oleva/olematon/mennyt/viime/tuleva/
nykyisyys/ant/#/menneisyys/futuurisuus/
näkevä/ant/#/kritiikitön/sokea/varaukseton/
näkymättömyys/ant/#/näkyvyys/
näkymätön/ant/#/näkyvissä oleva/
näkyvyys/ant/#/huomaamattomuus/näkymättömyys/
näkyvä/ant/#/huomaamaton/jäljittämätön/
nälkiinnyttää/ant/#/syöttää/
nälkiintyä/ant/#/olla kylläinen/olla täynnä/olla täysi/
nälkäinen/ant/#/janoinen/
näpistys/ant/#/törkeä varkaus/
näppärä/ant/#/kömpelö/
näyttävä/ant/#/heikko/mielenkiinnoton/
näännyttää/ant/#/syöttää/
nääntyä/ant/#/olla kylläinen/olla täynnä/olla täysi/
nöyryys/ant/#/omahyväisyys/itsekunnioitus/
nöyrä/ant/#/määräävä/vallanhimoinen/ylpeä/
odottamaton/ant/#/tunnustettu/todennäköinen/odotettavissa/ilmeinen/epäilty/
odotus/ant/#/meneminen/
ohentaa/ant/#/saeta/paksuntaa/sakeuttaa/
ohentua/ant/#/saeta/paksuuntua/sakeutua/
oheta/ant/#/saeta/paksuuntua/sakeutua/
ohjelmisto/ant/#/tietokonelaitteet/laitteisto/
ohut/ant/#/karkea/paksu/sakea/
ohuus/ant/#/sakeus/paksuus/
oikaista/ant/#/heittää/kulkea vinoon/punoa/tehdä väärin/tehdä vääryyttä/
oikea/ant/#/eloton/väärä/sopimaton/säädytön/käsittämätön/vasemmanpuoleinen/vasen/vääryys/vasen puoli/
oikeellisuus/ant/#/vääryys/
oikeistolainen/ant/#/keskustalainen/vasemmistolainen/
oikeus/ant/#/epäoikeudenmukaisuus/
oksentaa/ant/#/pystyä pitämään sisällään/
olematon/ant/#/nykyinen/
olennainen/ant/#/tarpeeton/ulkoa tuleva/ulkopuolinen/epäolennainen/merkityksetön/satunnainen/
olla/ant/#/olla vailla/puuttua/olla vailla jotakin/jäädä vaille/
oma/ant/#/vihollis-/
omahyväisyys/ant/#/nöyryys/
omaleimaisuus/ant/#/arkisuus/tavanomaisuus/
omapäisyys/ant/#/tottelevaisuus/
ominainen/ant/#/epätyypillinen/yleinen/yleis-/epämääräinen/
ominaisuus/ant/#/kyvyttömyys/
omintakeinen/ant/#/arkinen/tavanomainen/
omintakeisuus/ant/#/arkisuus/tavanomaisuus/
onnekas/ant/#/epäonninen/epäonnistunut/huono/onneton/pahaenteinen/
onnellinen/ant/#/huono/ikävä/onneton/surullinen/tyytymätön/
onnellisuus/ant/#/murhe/suru/tyytymättömyys/ilottomuus/masennus/synkkyys/kurjuus/
onneton/ant/#/euforinen/onnellinen/iloinen/tyytyväinen/onnea tuova/onnekas/
onni/ant/#/surullisuus/suru/epäonni/
onnistua/ant/#/epäonnistua/
onnistunut/ant/#/tulokseton/turha/
ontto/ant/#/täysi/
onttous/ant/#/täysinäisyys/
opettavainen/ant/#/mitäänsanomaton/
oppimaton/ant/#/valistunut/valaistunut/asiaa tunteva/
oppinut/ant/#/yksinkertainen/
optimismi/ant/#/pessimismi/
optimistinen/ant/#/pessimistinen/
orgaaninen/ant/#/epäorgaaninen/eloton/
organisoida/ant/#/sotkea/
orientti/ant/#/oksidentti/
originelli/ant/#/arkinen/tavanomainen/
orjamainen/ant/#/suoraselkäinen/
orpo/ant/#/vanhemman huoltama/vanhempien huoltama/
osa/ant/#/pois sulkeminen/
osallinen/ant/#/ulkopuolinen/
osallistua/ant/#/luopua/olla pääsemättä/missata/
osoittaa/ant/#/kumota/piilottaa/
ostaa/ant/#/myydä/
osua/ant/#/mennä ohi/
osuva/ant/#/huonosti valittu/
osuvuus/ant/#/sopimattomuus/asiaankuulumattomuus/monisanaisuus/
otollinen/ant/#/huonoenteinen/
ottaa/ant/#/antaa/siirtää haltuun/tallettaa/
outo/ant/#/tavallinen/tuttu/
paapuuri/ant/#/tyyrpuuri/
paatos/ant/#/alku/keskikohta/puoliväli/päätös/
paatunut/ant/#/uudestisyntynyt/paatumaton/
paha/ant/#/herkullinen/ruokahalua kiihottava/edullinen/hyvää tekevä/suotuisa/hyvä/kelpo/melkoinen/reilu/hyveellinen/kiltti/ystävällinen/miellyttävä/kiva/mukava/
paheksua/ant/#/antaa hyväksymys/hyväksyä/antaa hyväksyntä/antaa suostumus/
paheksunta/ant/#/hyväksyntä/hyväksyminen/
pahentaa/ant/#/kohentaa/
pahentua/ant/#/kohentua/
paholainen/ant/#/eudaimon/
pahuus/ant/#/hyväsydämisyys/armollisuus/hyvänlaatuisuus/hyväntahtoisuus/suopeus/hyvyys/
paikallinen/ant/#/valtakunnallinen/valtiollinen/yleinen/yleis-/
painaa/ant/#/piristää/
painava/ant/#/kevyt/painoton/kannettava/matka-/käsiteltävä/ilmava/
paineistaa/ant/#/vähentää painetta/
paino/ant/#/keveys/
painoton/ant/#/painava/painollinen/
paisua/ant/#/hiljentää/
paketoida/ant/#/aukaista/ottaa esiin paketista/avata/
pakkaus/ant/#/purkaminen/
pakollinen/ant/#/vahvistamaton/valinnainen/
pakoton/ant/#/laskelmoitu/
paksu/ant/#/ohut/
paksukainen/ant/#/laiheliini/
paksuuntua/ant/#/ohentua/oheta/
paksuus/ant/#/ohuus/
palamaton/ant/#/syttyvä/
palauttaa/ant/#/nukuttaa/puuduttaa/poistaa/
palava/ant/#/intohimoton/
paljas/ant/#/puolustuskykyinen/karvainen/kokolattiamaton peittämä/katettu/peitetty/salattu/päällystetty/sisäänvedetty/verhottu/
paljastaa/ant/#/harhauttaa/peittää/pukea naamari/naamioitua/
palkata/ant/#/erottaa/
palkinto/ant/#/rangaistus/
palkkio/ant/#/rangaistus/
palvelus/ant/#/karhunpalvelus/työttömyys/
panna/ant/#/irrottaa/
panna/ant/#/irrottaa/
papillinen/ant/#/epäpapillinen/
papisto/ant/#/maallikot/
parannus/ant/#/rappio/lasku/
parantaa/ant/#/riistää/
parantumaton/ant/#/korjattavissa oleva/parannettavissa oleva/
paras/ant/#/huonoin/pahin/
parasiitti/ant/#/isäntä/
paremmuus/ant/#/huonommuus/
parempi/ant/#/huonompi/pahempi/alempiarvoinen/
parhain/ant/#/huonoin/pahin/
parillinen/ant/#/pariton/
passiivi/ant/#/aktiivi/
passiivinen/ant/#/toimelias/
patriarkaalinen/ant/#/matriarkaalinen/
pehmentyä/ant/#/kovettua/
pehmentää/ant/#/koveta/tarkentaa/teroittaa/
pehmeys/ant/#/kovuus/äänekkyys/
pehmeä/ant/#/voimakas/äänekäs/kova/kovaääninen/karkea/kivinen/
peittelemätön/ant/#/peitelty/salainen/salattu/
peittää/ant/#/paljastaa/
pelastaja/ant/#/vangitsija/
pelkistää/ant/#/hapettaa/monimutkaistaa/vaikeuttaa/
pelko/ant/#/pelottomuus/
pelkuri/ant/#/rohkea/
pelkurimainen/ant/#/sisukas/topakka/
pelkuruus/ant/#/rohkeus/
pelokas/ant/#/rohkea/arastelematon/arkailematon/urhoollinen/uskalias/
pelokkuus/ant/#/pelottomuus/
peloton/ant/#/peloissaan oleva/peloissaan/
pelottomuus/ant/#/pelokkuus/pelko/
penseä/ant/#/herkkä/
perifeerinen/ant/#/keskeinen/
perimmäinen/ant/#/satunnainen/
perinnöllinen/ant/#/periytymätön/
perinteinen/ant/#/epäperinteinen/uudenlainen/tuore/moderni/nykyaikainen/epätavanomainen/uusi/
peristaltiikka/ant/#/anastaltiikka/
periä/ant/#/edeltää/
personoida/ant/#/tehdä persoonattomaksi/
perustaa/ant/#/lakkauttaa/poistaa/kumota/lopettaa/
perusteeton/ant/#/avustettava/
peruuttaa/ant/#/siirtää eteenpäin/
peruuttamaton/ant/#/kumottavissa oleva/irrotettava/palautettava/kumottava/korjauskelpoinen/
peruuttamattomuus/ant/#/käännettävyys/
perättömyys/ant/#/todenmukaisuus/totuudellisuus/
peräänantamaton/ant/#/epäröivä/
peräänantava/ant/#/kova/
perääntyä/ant/#/hankkia/saada/saavuttaa/siirtää eteenpäin/
pessimismi/ant/#/optimismi/
pessimisti/ant/#/optimisti/
pessimistinen/ant/#/optimistinen/
petollinen/ant/#/uskollinen/lojaali/vilpitön/
petos/ant/#/rehellisyys/
pianissimo/ant/#/erittäin voimakkaasti/fortissimo/
piano/ant/#/voimakkaasti esitettävä/voimakkaasti/fortena/kovaa/
pidellä/ant/#/vapauttaa/
pidentyä/ant/#/lyhentyä/lyhetä/
pidentää/ant/#/lyhentää/
pidetä/ant/#/lyhentyä/lyhetä/
pidätetty/ant/#/vapautunut/
pidättyvyys/ant/#/kurittomuus/
pidättyvä/ant/#/ahmattimainen/ahnas/
pidättyväinen/ant/#/avoin/harkitsematon/
pidättyväisyys/ant/#/kurittomuus/
pidättyä/ant/#/juoda/syödä/toimia/
pidättäytyä/ant/#/juoda/syödä/
pienentää/ant/#/suurentaa/väljentää/
pienetä/ant/#/kasvaa/laajentua/lisääntyä/nousta/suurentua/
pieni/ant/#/iso/suuri/kookas/isot kirjaimet/suuraakkos-/versaali-/valtava/
piikikäs/ant/#/selkärangaton/
piilottaa/ant/#/osoittaa/
piina/ant/#/mielihyvä/
piipahtaa/ant/#/poiketa ulos/
piittaamaton/ant/#/huolellinen/tarkka/varovainen/uuttera/ahkera/herkkätunteinen/hämmästynyt/yllättynyt/kiinnostunut/
piittaamattomuus/ant/#/tarkkaavaisuus/
pikainen/ant/#/leppoisa/rauhallinen/
pikkumainen/ant/#/jalomielinen/reilu/
pikkuruinen/ant/#/valtava/
pilvinen/ant/#/seesteinen/pouta/
pimentyä/ant/#/kirkastua/
pimentää/ant/#/valaista/
pimetä/ant/#/kirkastua/
pimeys/ant/#/valaistus/
pimeä/ant/#/valoisa/kirkas/
pinnallinen/ant/#/syvä/syvähenkinen/syvämietteinen/
pinnallisuus/ant/#/syvällisyys/syvyys/herkkyys/viisaus/
pintapuolisuus/ant/#/syvällisyys/
piristää/ant/#/rauhoittaa/antaa rauhoittavia lääkkeitä/antaa rauhoittavia/viedä energiaa/hillitä/vaimentaa/painaa/rasittaa/olla painolastina/
pistävä/ant/#/heikko/vaimea/
pitkittäinen/ant/#/poikittainen/
pitkä/ant/#/lyhyt/lyhytaikainen/lyhyt kauppa/
pitkästyttävä/ant/#/kiinnostava/mielenkiintoinen/kiintoisa/piristävä/
pitkäveteinen/ant/#/kiinnostava/mielenkiintoinen/kiintoisa/
pituus/ant/#/lyhyys/lyhytkestoisuus/
pitävä/ant/#/murtunut/särkynyt/
pitää/ant/#/vihata/olla pitämättä/pitää vastenmielisenä/hukata/rikkoa/
pluralismi/ant/#/monismi/
pohjaton/ant/#/mitattavissa oleva/-pohjainen/
pohjoinen/ant/#/etelä-/eteläinen/
posti/ant/#/sähköposti/
primitiivisyys/ant/#/sivilisaatio/
reilu/ant/#/epäoikeudenmukainen/epäreilu/vilpillinen/saita/kitsas/nuuka/pikkumainen/hankala/huono/paha/vakava/puolueellinen/niukka/
relevanssi/ant/#/asiaankuulumattomuus/merkityksettömyys/
rento/ant/#/jännittynyt/
rentouttaa/ant/#/jännittyä/
rentoutua/ant/#/jännittyä/
retrospektiivinen/ant/#/tuleva/
reversiibeli/ant/#/irreversiibeli/
riemu/ant/#/suru/masennus/depressio/
riemukas/ant/#/surullinen/iloton/
riippumaton/ant/#/riippuvainen/
riippuvainen/ant/#/riippumaton/tottelematon/
riistää/ant/#/parantaa/rikastuttaa/rikastaa/
riisua/ant/#/antaa valta/
riisuuntua/ant/#/pukeutua/pukea/
riisuutua/ant/#/pukeutua/pukea/pujahtaa/
riittämättömyys/ant/#/riittävyys/tyhjentävyys/
riittämätön/ant/#/riittävä/
riittävyys/ant/#/riittämättömyys/
riittävä/ant/#/puutteellinen/sopimaton/riittämätön/vajavainen/
rikas/ant/#/köyhä/varaton/
rikastaa/ant/#/riistää/
rikastuttaa/ant/#/riistää/köyhdyttää/
rikkaus/ant/#/köyhyys/
rikkinäinen/ant/#/kokonainen/jatkuva/keskeytymätön/
rikkoa/ant/#/pitää/säilyttää/mukautua/
ripaus/ant/#/paljon/
ristikkäinen/ant/#/suora/
ristiä/ant/#/suoristaa/
rivo/ant/#/siisti/
rohkaista/ant/#/lannistaa/
rohkaisu/ant/#/vastustaminen/
rohkea/ant/#/arka/pelokas/raukkamainen/pelkuri/ujo/
rohkeus/ant/#/pelkuruus/pelkurimaisuus/arkuus/
roisto/ant/#/hyvis/sankari/
romahtaa/ant/#/räjähtää/
romantiikka/ant/#/klassismi/
romantikko/ant/#/klassinen taiteilija/
roottori/ant/#/staattori/
rosoinen/ant/#/tasainen/
roteva/ant/#/hauras/
rullata/ant/#/aukaista/avata/levittää/
ruma/ant/#/houkutteleva/ihastuttava/viehättävä/ihana/kaunis/loistava/taiteellinen/
rumentaa/ant/#/koristaa/somistaa/kaunistaa/
rumuus/ant/#/ihanuus/kauneus/miellyttävyys/houkuttelevuus/ihastuttavuus/viehättävyys/asianmukaisuus/sopivuus/säädyllisyys/
runsas/ant/#/vähäinen/niukka/
runsaus/ant/#/vähäisyys/niukkuus/pula/vähyys/
ruohoinen/ant/#/heinätön/nurmeton/ruohoton/
ruoka/ant/#/juoma/
ruokkoamaton/ant/#/keritty/
ruotoinen/ant/#/luuton/ruodoton/
ruumiillinen/ant/#/ruumiiton/mentaalinen/henkinen/psyykkinen/
ruumiiton/ant/#/-vartaloinen/ruumiillinen/
ryhdistäytyä/ant/#/laiskistua/olla laiska/repsahtaa/
rynnistää/ant/#/hidastella/viivytellä/
ryppyinen/ant/#/rypytön/
rytmikäs/ant/#/epärytminen/rytmitön/
räjähtää/ant/#/luhistua/romahtaa/
röhkäistä/ant/#/rohkaista/lannistaa/
saada/ant/#/perääntyä/
saamaton/ant/#/hankintoja tekevä/hankkiva/omistushaluinen/ostohaluinen/yritteliäs/innostunut/
saamattomuus/ant/#/tehokkuus/
saanti/ant/#/epäkäytettävyys/
saapua/ant/#/lähteä pois/poistua/mennä ulos/
saastuttaa/ant/#/puhdistaa saasteesta/
saatavuus/ant/#/epäkäytettävyys/
saavutettavuus/ant/#/luotaantyöntävyys/saavuttamattomuus/
saavuttaa/ant/#/perääntyä/
saavuttamaton/ant/#/käsillä oleva/käsillä/käytettävissä oleva/käytettävissä/saatavilla oleva/saatavilla/saatavissa oleva/saatavissa/pelikelpoinen/soitettavissa oleva/
sadisti/ant/#/masokisti/
saeta/ant/#/ohentaa/ohentua/oheta/
sairaalloinen/ant/#/terve/hyvinvoiva/
sairaalloisuus/ant/#/hyväkuntoisuus/viisaus/
sairas/ant/#/terve/hyvinvoiva/
sairastelu/ant/#/hyvä terveys/
sairaus/ant/#/hyvinvointi/
saita/ant/#/antelias/avokätinen/reilu/
sakea/ant/#/ohut/
sakeutua/ant/#/ohentua/oheta/
salainen/ant/#/kirjattu/luetteloon merkitty/peittelemätön/julkinen/
sallia/ant/#/kieltää/torpata/estää/
sallittu/ant/#/ei sallittu/todisteeksi kelpaamaton/
salliva/ant/#/tiukka/ehkäisevä/
salvata/ant/#/avata/
sama/ant/#/erilainen/eri/toisenlainen/toinen/
samanlainen/ant/#/erilainen/monimuotoinen/
sammumaton/ant/#/kuoleva/sammutettavissa oleva/
sankari/ant/#/konna/pahis/roisto/
sarkastinen/ant/#/ei-sarkastinen/
sarvekas/ant/#/sarveton/
satoisa/ant/#/tuottamaton/
satsata/ant/#/luopua/
satuloida/ant/#/riisua satula/
satunnainen/ant/#/lakkaamaton/ei sattumanvarainen/olennainen/perimmäinen/perus-/perustava/epäsatunnainen/
saumaton/ant/#/saumattu/
savinen/ant/#/hiekkainen/hiekkapitoinen/
savuinen/ant/#/savuton/
seesteinen/ant/#/pilvinen/
seisahtua/ant/#/aloittaa/
seisoa/ant/#/istuutua/maata/olla makuuasennossa/siirtää/viedä/
seisokki/ant/#/toimintakelpoisuusaika/
seisova/ant/#/istuva/juoksu-/juokseva/hautoja/hautova/
seistä/ant/#/istuutua/maata/olla makuuasennossa/
sekava/ant/#/kirkasälyinen/hämmentymätön/
sekavuus/ant/#/koherenssi/
sekoittaa/ant/#/järjestää/selventää/selkeyttää/selvittää/purkaa/
seksikäs/ant/#/epäseksikäs/oksettava/
seksuaalinen/ant/#/sukupuoleton/epäseksuaalinen/suvuton/
sekulaarinen/ant/#/kirkollinen/
sekundääri/ant/#/primaarinen/primaari/
selittämätön/ant/#/selitettävissä oleva/
seljetä/ant/#/peittää pilveen/olla pilvistä/
selkeys/ant/#/epäselvyys/moniselitteisyys/kaksiselitteisyys/ambiguiteetti/monimerkityksisyys/monitulkintaisuus/monisanaisuus/
selkeyttää/ant/#/sekoittaa/
selkeä/ant/#/epäselvä/monikäsitteinen/monimerkityksinen/tulkinnanvarainen/moniselitteinen/puhekyvytön/kaksiselitteinen/implisiittinen/
selkärangaton/ant/#/piikikäs/selkärankainen/
selkärankainen/ant/#/selkärangaton/
selventää/ant/#/sekoittaa/
selvittämätön/ant/#/salakielestä muunnettu/
selvittää/ant/#/sotkea/sekoittaa/punoa/kietoa/limittää/punoa yhteen/
selvyys/ant/#/epäselvyys/moniselitteisyys/kaksiselitteisyys/ambiguiteetti/monimerkityksisyys/monitulkintaisuus/juopumus/
selvä/ant/#/epäselvä/päihtynyt/huomaamaton/ratkaisematon/
seniori/ant/#/juniori/
seniori/ant/#/juniori/
septinen/ant/#/antiseptinen/
setä/ant/#/täti/
seura/ant/#/yksinäinen/
seuraaja/ant/#/johtaja/päällikkö/
seurallinen/ant/#/epäsosiaalinen/
seurallisuus/ant/#/epäsosiaalisuus/
seurata/ant/#/kadottaa jk/menettää jnk taju/edeltää/kulkea edellä/
siedettävä/ant/#/vastustamaton/sietämätön/kestämätön/
siekailematon/ant/#/omantunnonarka/
siemenetön/ant/#/siemeniä täynnä oleva/runsassiemeninen/
sietämätön/ant/#/siedettävä/välttävä/
siirtää/ant/#/purkaa/seisoa/
siisti/ant/#/likainen/siivoton/hävytön/rivo/säädytön/törkyinen/sotkuinen/sottaisa/hoitamaton/takkuinen/epäsiisti/
siivekäs/ant/#/siivetön/
siivetön/ant/#/siivekäs/
siivoton/ant/#/siisti/
sijoittaa/ant/#/luopua/
sileä/ant/#/karkea/uurteinen/takkuinen/
silmiinpistävyys/ant/#/huomaamattomuus/vaatimattomuus/
silotella/ant/#/karhentaa/
sinkku/ant/#/naimisissa oleva/nainut/vihitty/
siro/ant/#/kankea/kömpelö/
sisar/ant/#/veli/
sisko/ant/#/veli/
sisukas/ant/#/pelkurimainen/
sisäinen/ant/#/ulkoinen/ulko-/ulompi/
sisällyksetön/ant/#/informatiivinen/
sisällyttää/ant/#/jättää pois/
sisältää/ant/#/jättää pois/
sisärenkaaton/ant/#/sisäkumillinen/
sitkeä/ant/#/kypsä/murea/
sitoa/ant/#/avata/irrottaa/riisua valjaista/
sitoutumaton/ant/#/kiintynyt/liittynyt/puolueeseen liittynyt/ryhmään liittynyt/
siunata/ant/#/kirota/
siveettömyys/ant/#/soveliaisuus/säädyllisyys/
siveetön/ant/#/puhdas/säädyllinen/
siviili/ant/#/sotilas/
sivistymätön/ant/#/sivistynyt/koulutettu/
sivistyneisyys/ant/#/naiivius/
sivistynyt/ant/#/sivistymätön/yksinkertainen/
skeptinen/ant/#/herkkäuskoinen/sinisilmäinen/
soinnikas/ant/#/epäsointuisa/
soinniton/ant/#/moduloitu/heijastunut/heijastus-/vokaalinen/soinnillinen/sävytetty/
sokea/ant/#/näkevä/
sokerinen/ant/#/sokeriton/hapan/kirpeä/
sokeriton/ant/#/sokerinen/
sokeroida/ant/#/hapattaa/
solakka/ant/#/lihava/läski/pulska/
solmia/ant/#/purkaa/
solmu/ant/#/maksimikohta/
somistaa/ant/#/rumentaa/
sopeutua/ant/#/erilaistua/
sopeutumaton/ant/#/sopeutunut/konservatiivinen/
sopeutuva/ant/#/sopeutumista haittaava/sovelluskelvoton/
sopeutuvuus/ant/#/sovelluskelvottomuus/
sopia/ant/#/olla eri mieltä/olla erilainen/uhmata/
sopimaton/ant/#/hyväksyttävä/tyydyttävä/asianmukainen/pätevä/riittävä/sopiva/sovelias/asiaankuuluva/sopivaan aikaan/sopivasti/kätevä/moitteeton/tahdikas/diskreetti/hillitty/oikea/kelpo/kunnollinen/
sopimattomuus/ant/#/sopivuus/asianmukaisuus/tarkoituksenmukaisuus/soveliaisuus/soveltuvuus/osuvuus/sopivaisuus/korrektius/säädyllisyys/kyky/taipumus/taito/
sopiva/ant/#/sopimaton/luonteenvastainen/vieras/yhteensopimaton/epämukava/hankala/ei oikeutettu/kelpaamaton/
sopivaisuus/ant/#/sopimattomuus/
sopivuus/ant/#/yhteensopimattomuus/kelpaamattomuus/sopimattomuus/asiaankuulumattomuus/puutteellisuus/välinpitämättömyys/epäpukevuus/rumuus/soveltumattomuus/
sopuisa/ant/#/vihamielinen/
sosiaalinen/ant/#/epäsosiaalinen/
sosiaalisuus/ant/#/epäsosiaalisuus/
sosialismi/ant/#/kapitalismi/
sosialistinen/ant/#/kapitalistinen/
sotata/ant/#/puhdistaa/
sotia/ant/#/tehdä sovinto/
sotilaallinen/ant/#/epäsotilaallinen/siviili-/
sotilas/ant/#/siviili/
sotkea/ant/#/selvittää/organisoida/
sotkuinen/ant/#/järjestetty/siisti/
soveliaisuus/ant/#/sopimattomuus/välinpitämättömyys/siveettömyys/säädyttömyys/
sovelias/ant/#/sopimaton/ei oikeutettu/kelpaamaton/säädytön/
soveltaa/ant/#/vapauttaa/
soveltuvuus/ant/#/sopimattomuus/puutteellisuus/käyttökelvottomuus/
sovinnainen/ant/#/epäsovinnainen/epätavanomainen/luova/
sovitteleva/ant/#/antagonistinen/
spatiaalinen/ant/#/epäspatiaalinen/
spesialisti/ant/#/generalisti/monitaitoinen henkilö/yleismies/
spesifinen/ant/#/epämääräinen/
spesifioida/ant/#/yleistää/
spontaani/ant/#/aiheutettu/
staattinen/ant/#/dynaaminen/
stimuloida/ant/#/rauhoittaa/antaa rauhoittavia lääkkeitä/antaa rauhoittavia/viedä energiaa/
stressi/ant/#/rentoutuminen/
subjektiivinen/ant/#/puolueeton/
substanssi/ant/#/aksidenssi/
suhteellinen/ant/#/absoluuttinen/ehdoton/täydellinen/epäsuhtainen/
sujuvuus/ant/#/vaativuus/taitamattomuus/
sukulaisuus/ant/#/irrallisuus/
sukupuoleton/ant/#/seksuaalinen/sukupuoli-/
sulauttaa/ant/#/erilaistaa/
sulautua/ant/#/erilaistua/dissimiloitua/
sulava/ant/#/koloinen/kankea/kömpelö/sulamaton/
sulavuus/ant/#/epäkohteliaisuus/sulamattomuus/kankeus/kömpelyys/
sulkea/ant/#/vapauttaa/avata vetoketju/avata/kytkeä/sytyttää/laittaa päälle/käynnistää/aloittaa/
sulkeutua/ant/#/aueta/
sulkeutuneisuus/ant/#/ulospäin suuntautuminen/ambiversio/puheliaisuus/avoimuus/
sulkeutunut/ant/#/helposti lähestyttävä/puhelias/ulospäin suuntautunut henkilö/ulospäinsuuntautunut henkilö/
suloton/ant/#/aistikas/mukava/ylellinen/
sumentaa/ant/#/fokusoida/keskittää/
suojaamaton/ant/#/suojattu/suojeltu/suoja-/suojaava/turvaava/
suojaton/ant/#/panssaroitu/kestävä/
suojelu/ant/#/hyökkäys/
suolainen/ant/#/juomakelpoinen/makea/
suolata/ant/#/poistaa suola/
suopeus/ant/#/pahuus/pahansuopaisuus/
suora/ant/#/ristikkäinen/epäsuora/kierto-/vaihto-/käänteinen/päinvastainen/kihara/nauhoitettu/äänitetty/käyrä/mutkainen/kaareva/takkuinen/
suoristaa/ant/#/kiertää/koukistaa/taivuttaa/taittaa/punoa/kietoa/limittää/punoa yhteen/kierittää/keriä/ristiä/
suoriutua/ant/#/olla kykenemätön jhk/
suoruus/ant/#/epäsuoruus/kiharaisuus/
suosia/ant/#/haitata/
suosikki/ant/#/inhokki/
suosio/ant/#/epäsuosio/
suosittu/ant/#/epäsuosittu/tuntematon/ei-pidetty/
suostua/ant/#/ilmoittaa eriävä mielipide/
suostumus/ant/#/hylkääminen/
suostutella/ant/#/saada luopumaan/
suostuttelu/ant/#/varoitus/
suostuvainen/ant/#/uhmakas/
suotava/ant/#/epäviisas/
suotuisa/ant/#/epäsuotuisa/paha/vahingollinen/pahansuopa/pahantahtoinen/vastainen/
suotuisuus/ant/#/haitallisuus/harmillisuus/epäsuotuisuus/
supistua/ant/#/nousta/
supistus/ant/#/laajeneminen/
suppea/ant/#/rajoittamaton/ääretön/
suru/ant/#/onni/riemu/onnellisuus/ilo/
surullinen/ant/#/onnellinen/iloinen/tyytyväinen/hyvillään oleva/hyvillään/mielissään oleva/mielissään/riemukas/
surullisuus/ant/#/onni/ilo/
suullinen/ant/#/kirjallinen/
suunnitelmallinen/ant/#/suunnittelematon/yllättävä/
suunnittelematon/ant/#/suunniteltu/suunnitelmallinen/aikataulun mukainen/
suurellinen/ant/#/hillitty/vaatimaton/
suurentaa/ant/#/vähentää/pienentää/
suurentua/ant/#/vähentyä/pienetä/laskea/
suuri/ant/#/pieni/molli-/
suuruus/ant/#/pienuus/
suuttumus/ant/#/rakkaus/
suvaitsematon/ant/#/suvaitsevainen/
suvaitsemattomuus/ant/#/suvaitsevaisuus/
suvaitsevainen/ant/#/katkera/kaunainen/närkästynyt/ahdasmielinen/tiukka/suvaitsematon/
suvinen/ant/#/keväinen/kevät-/syksyinen/syys-/talvinen/
suvuton/ant/#/seksuaalinen/sukupuoli-/
syklinen/ant/#/syklitön/
syksy/ant/#/kevät/
symmetria/ant/#/epäsuhtaisuus/epäsymmetrisyys/
sympaattinen/ant/#/kylmäkiskoinen/torjuva/välinpitämätön/epäsympaattinen/ikävä/vastenmielinen/
synergisti/ant/#/antagonisti/vastavaikuttaja/
synkkyys/ant/#/onnellisuus/
synkkä/ant/#/kirkas/
synkroninen/ant/#/diakroninen/asynkroninen/epätahtinen/tahdistamaton/
synkronisointi/ant/#/eriaikaisuus/
synkronointi/ant/#/eriaikaisuus/
synnitön/ant/#/likainen/
synnytys/ant/#/kuolema/
synonyymi/ant/#/vastakohta/antonyymi/
synteesi/ant/#/analyysi/erittely/
synteettinen/ant/#/analyyttinen/
syntetisoida/ant/#/analysoida/
syntisyys/ant/#/oikeudenmukaisuus/vanhurskaus/
synty/ant/#/loppu/kuolema/kuoleminen/
syntymä/ant/#/kohtukuolema/kuolema/loppu/kuoleminen/
syntymätön/ant/#/syntynyt/
syntyä/ant/#/kuolla/
syrjiä/ant/#/poistaa rotuerottelu/
systemaattinen/ant/#/epäjärjestelmällinen/epäsystemaattinen/
syttyä/ant/#/katketa/lakata toimimasta/
sytyttää/ant/#/pysäyttää/sammuttaa/laittaa pois päältä/sulkea/himmentää/
syvyys/ant/#/mataluus/pinnallisuus/
syvä/ant/#/matala/pinnallinen/pinta-/
syvällisyys/ant/#/pinnallisuus/pintapuolisuus/
syvänkö/ant/#/luonnonmäki/
syyllinen/ant/#/viaton/
syyllisyys/ant/#/syyttömyys/
syytetty/ant/#/kantaja/
syyttäjä/ant/#/puolustus/
syyttää/ant/#/vapauttaa/puolustaa/
syyttömyys/ant/#/syyllisyys/
syytön/ant/#/haittaava/
syödä/ant/#/kieltäytyä/pidättyä/pidättäytyä/
syöksyä/ant/#/hidastella/viivytellä/
syöttää/ant/#/nälkiinnyttää/näännyttää/
sähköposti/ant/#/posti/etanaposti/
säilyttää/ant/#/hukata/rikkoa/
säntillinen/ant/#/sääntöjenvastainen/
särkeä/ant/#/korjata/tehdä jksta menestyvä/
säteillä/ant/#/imeä itseensä/sulauttaa itseensä/absorboida/
sävyinen/ant/#/väritön/
sävyisyys/ant/#/häijyys/
sävyisä/ant/#/häijy/harkitsematon/
säyseä/ant/#/villi/
säädellä/ant/#/poistaa sääntely/
säädyllinen/ant/#/siveetön/säädytön/
säädyllisyys/ant/#/säädyttömyys/epäasiallisuus/välinpitämättömyys/epäpukevuus/rumuus/siveettömyys/sopimattomuus/
säädyttömyys/ant/#/säädyllisyys/soveliaisuus/
säädytön/ant/#/siisti/säädyllinen/oikea/sovelias/kelpo/kunnollinen/
säännöllinen/ant/#/sääntöjenvastainen/epäsäännöllinen/epävakaa/hoippuva/tärisevä/värisevä/
säännöllisyys/ant/#/poikkeavuus/epätasaisuus/
säännötön/ant/#/tyypillinen/
säästäväinen/ant/#/tuhlaileva/tuhlaava/
säästäväisyys/ant/#/ajattelemattomuus/
säästää/ant/#/tuhlata/
säätää/ant/#/muuttaa/
taajama/ant/#/maaseutu/
taantua/ant/#/edistyä/
tahallinen/ant/#/arvaamaton/yllättävä/tahaton/vahinko/
tahaton/ant/#/tietoinen/aiottu/tarkoitettu/vapaaehtoinen/omaehtoinen/tahallinen/
tahdikas/ant/#/epädiplomaattinen/harkitsematon/sopimaton/epähieno/tahditon/
tahditon/ant/#/huomaavainen/hienotunteinen/tahdikas/
tahdoton/ant/#/tahdonalainen/
tahmea/ant/#/kiinnittymätön/
tahrainen/ant/#/nuhteeton/puhdas/tahraton/
tahraton/ant/#/läikikäs/tahrainen/virheellinen/
taidokas/ant/#/luonnollinen/teeskentelemätön/vilpitön/ammattitaidoton/kömpelö/taitamaton/
taipua/ant/#/nousta pystyyn/
taipuisa/ant/#/taipumaton/
taipuisuus/ant/#/jähmeys/jäykkyys/
taipumaton/ant/#/taipuisa/taipuvainen/
taipumus/ant/#/sopimattomuus/
taipuvainen/ant/#/taipumaton/haluton/
taitamaton/ant/#/etevä/taidokas/taitava/sijoitettu/
taitava/ant/#/kyvytön/kömpelö/ammattitaidoton/taitamaton/
taitavuus/ant/#/teeskentelemättömyys/vilpittömyys/oppimattomuus/
taiteellinen/ant/#/tieteellinen/ruma/
taitella/ant/#/laskostaa auki/
taito/ant/#/kykenemättömyys/sopimattomuus/
taittaa/ant/#/laskostaa auki/höllentää/suoristaa/
taitteinen/ant/#/harjakattoinen/satulakattoinen/
taittua/ant/#/nousta pystyyn/
taivaallinen/ant/#/ajallinen/maallinen/
taivas/ant/#/helvetti/maanalainen/
taivuttaa/ant/#/saada luopumaan/höllentää/suoristaa/
taivutus/ant/#/ojentaminen/
taju/ant/#/tajuttomuus/tiedottomuus/
tajunta/ant/#/tajuttomuus/tiedottomuus/
tajuttomuus/ant/#/tajunta/taju/herkkyys/
takaperoinen/ant/#/nenäkäs/uskalias/
takauma/ant/#/ajassa eteenpäin siirtyminen/
takkuinen/ant/#/sotkeentumaton/suora/siisti/ei-takkuinen/sileä/kiiltävä/kammattu/
tallettaa/ant/#/ottaa/
taloudellinen/ant/#/talouteen liittymätön/
talvi/ant/#/kesä/
talvinen/ant/#/keväinen/kevät-/kesä-/kesäinen/suvinen/syksyinen/syys-/
tappelu/ant/#/rauha/
tappio/ant/#/voitto/
tarjota/ant/#/kontraindikoida/osoittaa este hoidolle/vasta-aiheistaa/
tarkentaa/ant/#/yleistää/hämärtää/heikentää/pehmentää/
tarkka/ant/#/epätarkka/virheellinen/huolimaton/piittaamaton/välinpitämätön/epätyypillinen/epätäsmällinen/huono/
tarkkaamaton/ant/#/huomaavainen/kohtelias/tarkkaavainen/valpas/
tarkkaavainen/ant/#/tarkkaamaton/inattentiivinen/
tarkkaavaisuus/ant/#/piittaamattomuus/ajattelemattomuus/varomattomuus/tarkkaamattomuus/huolimattomuus/
tarkkuus/ant/#/sameus/epätarkkuus/virheellisyys/epätäsmällisyys/
tarkoituksellinen/ant/#/tarkoitukseton/
tarkoituksettomuus/ant/#/määrätietoisuus/
tarpeellinen/ant/#/hyödytön/käyttökelvoton/tarpeeton/turha/
tarpeellisuus/ant/#/tarpeettomuus/
tarpeeton/ant/#/olennainen/perus-/tärkeä/korvaamaton/välttämätön/tarvittava/tähdellinen/tarpeellinen/yleishyödyllinen/
tarpeettomuus/ant/#/tarpeellisuus/määrätietoisuus/korvaamattomuus/välttämättömyys/välttämättömyystarvike/
tarrautua/ant/#/avata/
tarttua/ant/#/irrottaa/
tartuttaa/ant/#/desinfektoida/desinfioida/
tasaantua/ant/#/saavuttaa huippunsa/
tasainen/ant/#/epätasainen/kontrastiivinen/moduloitu/myrskyinen/rosoinen/epävakaa/hoippuva/tärisevä/värisevä/kivinen/karkea/
tasapuolisuus/ant/#/epätasaisuus/
tasata/ant/#/heittää/kulkea vinoon/
tausta/ant/#/muoto/
tavallinen/ant/#/harvinainen/epätavallinen/tavaton/erikoinen/vaiheikas/tapahtumarikas/vauhdikas/outo/kummallinen/merkillinen/omalaatuinen/erikois-/tavallisuudesta poikkeava/
tavallisuus/ant/#/erinomaisuus/harvinaisuus/epätavallisuus/
tavaton/ant/#/tavallinen/
tavoittamaton/ant/#/pelikelpoinen/soitettavissa oleva/
teatraalinen/ant/#/epäteatraalinen/lavalle sopimaton/
teennäinen/ant/#/luonnollinen/vilpitön/
teeskentelemättömyys/ant/#/nokkeluus/taitavuus/viekkaus/
teeskentelemätön/ant/#/juonikas/nokkela/taidokas/viekas/
tehdä/ant/#/luopua/erota/poiketa/
teho/ant/#/tehottomuus/
tehokas/ant/#/toimimaton/tehoton/avuton/voimaton/heikko/lepsu/
tehokkuus/ant/#/tehottomuus/saamattomuus/
tehoton/ant/#/voimassa oleva/tehokas/
tehottomuus/ant/#/tehokkuus/teho/
teismi/ant/#/ateismi/
tekninen/ant/#/epätekninen/
telakoitua/ant/#/lähteä vesille/
teljetä/ant/#/avata/
teollinen/ant/#/teollistumaton/
teoreettinen/ant/#/empiirinen/kokeellinen/sovellettu/soveltava/käytännön-/
terminen/ant/#/lämmötön/
terve/ant/#/vahingoittunut/huonokuntoinen/sairaalloinen/sairas/ahdas/hullu/mielenvikainen/mielisairas/kipeä/
terveellinen/ant/#/epäterveellinen/
terveellisyys/ant/#/epäterveellisyys/
tervehtyä/ant/#/huonontua/heiketä/heikentyä/
tervetullut/ant/#/epätoivottu/ikävä/vastenmielinen/
terävyys/ant/#/tylsyys/
terävä/ant/#/nokaton/tyhmä/typerä/tylsä/epäsensitiivinen/paksunahkainen/tylppä/
testamentata/ant/#/tehdä perinnöttömäksi/
tiedottomuus/ant/#/tajunta/taju/herkkyys/
tieteellinen/ant/#/epätieteellinen/taiteellinen/
tieto/ant/#/tietämättömyys/
tietoinen/ant/#/tietämätön/tahaton/tajuton/tiedoton/
tietoisuus/ant/#/ajattelemattomuus/välinpitämättömyys/
tietämättömyys/ant/#/tieto/tuntemus/ymmärtämys/valistus/
tietämätön/ant/#/selvillä jstak/tietoinen/tietävä/asiantunteva/asioihin perehtynyt/
tietävä/ant/#/tietämätön/
tietää/ant/#/olla huomaamatta/
tiivis/ant/#/irtonainen/pitkäpiimäinen/vaikeaselkoinen/vuotava/
tila/ant/#/astigmatismi/hajataittoisuus/
tilapäinen/ant/#/annetut/määrätyt/nimetyt/
tilata/ant/#/luovuttaa takaisin siviilikäyttöön/
tilava/ant/#/ahdas/täpötäysi/
tiukka/ant/#/väljä/salliva/suvaitsevainen/löyhä/
tiukkuus/ant/#/suvaitsevaisuus/
todellinen/ant/#/potentiaalinen/aineeton/immateriaalinen/
todellisuus/ant/#/aineettomuus/olemattomuus/
todistaja/ant/#/asiantuntijatodistaja/
todistamaton/ant/#/todistettu/
toimelias/ant/#/toimeton/passiivinen/laiska/unelias/veltto/vetelä/
toimia/ant/#/toivoton/toimia huonosti/pidättyä/
toiminnallinen/ant/#/toimimaton/elimellinen/
toiminta/ant/#/toimettomuus/toimimattomuus/
toimittaa/ant/#/poistaa myynnistä/
toimitus/ant/#/kysyntä/
toimiva/ant/#/toimimaton/sammunut/ummetuksesta kärsivä/toimintahäiriöinen/
toinen/ant/#/ensi-/ensimmäinen/sama/
tointua/ant/#/huonontua/heiketä/
toisenlainen/ant/#/sama/
toiveikas/ant/#/epätoivoinen/
toivo/ant/#/epätoivo/
toivoa/ant/#/luopua toivosta/menettää toivonsa/harmittaa/
toivoton/ant/#/toimia/
toivottava/ant/#/epätoivottu/ei-toivottu/
toivottu/ant/#/epätoivottu/ei-toivottu/
toksinen/ant/#/myrkytön/
tonttu/ant/#/jätti/jättiläinen/
topakka/ant/#/pelkurimainen/
torjua/ant/#/hyväksyä/kelpuuttaa/houkutella/vetää puoleensa/viehättää/houkuttaa/päästää sisään/päästää/
torjuva/ant/#/hyväksyvä/sympaattinen/
torkkua/ant/#/herätä/
tosi/ant/#/käsittämätön/väärä/
tosikkomainen/ant/#/leikkisä/
totella/ant/#/niskoitella/olla tottelematon/
totinen/ant/#/leikkisä/
tottelematon/ant/#/kuuliainen/tottelevainen/alistettu/riippuvainen/
tottelemattomuus/ant/#/kuuliaisuus/
tottelevainen/ant/#/tottelematon/
tottelevaisuus/ant/#/omapäisyys/
tottumaton/ant/#/tottunut/
totuus/ant/#/valhe/vale/
tragedia/ant/#/komedia/
tuhlaavainen/ant/#/kaukonäköinen/
tuhlata/ant/#/säästää/
tuho/ant/#/nousu/
tuhoisa/ant/#/rakentava/
tuhoisuus/ant/#/positiivisuus/
tuhota/ant/#/rakentaa/korjata/
tukeva/ant/#/kantamaton/kevyt/
tukkia/ant/#/avata/poistaa este/
tukkoinen/ant/#/raivattu/
tuleva/ant/#/lähtevä/mennyt/viime/nykyinen/tämänhetkinen/retrospektiivinen/
tulevaisuus/ant/#/menneisyys/
tulinen/ant/#/intohimoton/
tulkita/ant/#/vääristää/
tulla/ant/#/lähteä/
tulokas/ant/#/maallikot/ammattilainen/
tuloksellinen/ant/#/tulokseton/turha/
tulokseton/ant/#/menestyksekäs/tuloksellinen/menestynyt/menestyvä/onnistunut/
tulos/ant/#/alkaminen/alku/alkuunpano/aloitus/
tumma/ant/#/vaalean-/
tummentaa/ant/#/valaista/
tummentua/ant/#/kirkastua/
tunkeileva/ant/#/hienotunteinen/
tunne/ant/#/tunnoton/tunnottomuus/julmuus/
tunnettu/ant/#/tuntematon/
tunnollisuus/ant/#/huolimattomuus/
tunnoton/ant/#/tunteva/arka/herkkä/tunne/
tunnottomuus/ant/#/hyvä omatunto/tunne/
tunnustaa/ant/#/kiistää/hylätä/kieltää/
tunteellinen/ant/#/epätunteellinen/
tunteeton/ant/#/herkkätunteinen/herkkä/
tuntematon/ant/#/tunnustettu/määrätty/tuttu/tunnistettava/tunnettu/odotettu/odotuksenmukainen/ennustettava/ennalta arvattava/tuttava/suosittu/tunnistettu/
tuntemattomuus/ant/#/huomattava asema/
tuntemus/ant/#/tietämättömyys/
tuoda/ant/#/viedä/
tuomio/ant/#/erityistuomio/
tuomita/ant/#/antaa hyväksymys/hyväksyä/vapauttaa/todeta syyttömäksi/vapauttaa vastuusta/
tuore/ant/#/kuivahtanut/vanhentunut/väljähtynyt/väljähtänyt/kulunut/ummehtunut/säilötty/arkinen/tavanomainen/hapantunut/pilaantunut/perinteinen/
tuottamattomuus/ant/#/hyödyllisyys/tuottavuus/
tuottava/ant/#/tuottamaton/
tuottavuus/ant/#/hedelmättömyys/tuottamattomuus/
tuottelias/ant/#/tuottamaton/
tuottoisa/ant/#/tuottamaton/
turha/ant/#/korvaamaton/välttämätön/tarvittava/tähdellinen/tärkeä/menestyksekäs/tuloksellinen/menestynyt/menestyvä/onnistunut/tarpeellinen/yleishyödyllinen/
turmeltumaton/ant/#/korruptoitunut/turmeltunut/vahingoittunut/huono/mauton/paheksuttava/
turruttaa/ant/#/herkistyä/herkistää/
turta/ant/#/arka/herkkä/herkkätunteinen/
turva/ant/#/vaarallisuus/
turvallinen/ant/#/vaarallinen/epävarma/
turvallisuus/ant/#/vaara/turvattomuus/epävarmuus/
tuska/ant/#/mielihyvä/
tuskallinen/ant/#/kivuton/
tutia/ant/#/herätä/
tuttu/ant/#/tuntematon/outo/kummallinen/merkillinen/omalaatuinen/vieras/muukalainen/
tuttuus/ant/#/vieraus/
tyhjennys/ant/#/täyttäminen/
tyhjentyä/ant/#/täyttää ilmalla/täyttää/täyttyä/tulla täyteen/
tyhjentävyys/ant/#/riittämättömyys/
tyhjentää/ant/#/täyttää/
tyhjyys/ant/#/täysinäisyys/
tyhjä/ant/#/täysi/polttoaineella toimiva/polttoainekäyttöinen/varattu/
tyhmyys/ant/#/älykkyys/äly/
tyhmä/ant/#/fiksu/nokkela/terävä/älyllinen/
tykätä/ant/#/inhota/vihata/
tylppä/ant/#/terävä/
tylsistyttää/ant/#/kiinnostaa/
tylsistyä/ant/#/kiinnostua/
tylsyttää/ant/#/teroittaa/
tylsyys/ant/#/kärkevyys/purevuus/terävyys/suippokärkisyys/
tylsä/ant/#/elävä/vilkas/eloisa/elävöitetty/miellyttävä/vetoava/terävä/jännittävä/kiinnostava/mielenkiintoinen/kiintoisa/piristävä/
tyly/ant/#/armelias/hyväntekeväisyys-/hyväntahtoinen/kiltti/ystävällinen/kannustava/tukea antava/
tylyys/ant/#/hyväsydämisyys/ystävällisyys/kiltteys/
tympeys/ant/#/herkullisuus/
tympeä/ant/#/herkullinen/ruokahalua kiihottava/
typerä/ant/#/fiksu/nokkela/terävä/älyllinen/vakava/viisas/
tyttö/ant/#/poika/
tytär/ant/#/poika/
tyydyttymätön/ant/#/tyydyttynyt/
tyydyttämätön/ant/#/tyydyttynyt/kyllästetty/
tyydyttävä/ant/#/sopimaton/epätyydyttävä/kelpaamaton/
tyydyttää/ant/#/olla tyydyttämättä/tehdä tyytymättömäksi/
tyydytys/ant/#/tyytymättömyys/
tyyli/ant/#/kömpelyys/tyylittömyys/vastatyyppi/
tyylikkyys/ant/#/kömpelyys/tyylittömyys/
tyylikäs/ant/#/kömpelö/tyylitön/mauton/
tyylittömyys/ant/#/eleganssi/tyylikkyys/hienostuneisuus/tyyli/
tyylitön/ant/#/hieno/hienostunut/tyylikäs/muodikas/aistikas/hyvää makua osoittava/
tyyni/ant/#/kiihtynyt/levoton/ravisteltu/sekoitettu/vihainen/myrskyisä/järkyttynyt/kiihottuva/kiivas/ärtyvä/helposti kiihtyvä/innostuva/innoissaan/innostunut/provosoiva/kunnioituksen valtaama/tunneihminen/
tyynnytellä/ant/#/huolestuttaa/tehdä huolestuneeksi/ahdistaa/
tyynnyttää/ant/#/ärsyttää/agitoida/kiihottaa/
tyyntyä/ant/#/voimistua/
tyypillinen/ant/#/epätyypillinen/erilainen/poikkeava/epätavallinen/epätavanomainen/erikoinen/uudenlainen/säännötön/
tyypillisyys/ant/#/erilaisuus/poikkeavuus/
tyytymättömyys/ant/#/tyytyväisyys/tyydytys/täyttymys/onnellisuus/ilo/
tyytymätön/ant/#/tyytyväinen/onnellinen/iloinen/mielissään oleva/mielissään/
tyytyväinen/ant/#/tyytymätön/huono/ikävä/onneton/surullinen/
tyytyväisyys/ant/#/tyytymättömyys/
työ/ant/#/työttömyys/rentoutuminen/
työaika/ant/#/vapaa-aika/
työntää/ant/#/vetää/
työttömyys/ant/#/palvelus/työ/työsuhde/
työtön/ant/#/työllistynyt/työllistetty/
tähdellinen/ant/#/tarpeeton/turha/
tähdikäs/ant/#/tahdikas/epädiplomaattinen/harkitsematon/sopimaton/epähieno/tahditon/
tärkeys/ant/#/mitättömyys/merkityksettömyys/vähäpätöisyys/
tärkeä/ant/#/tarpeeton/mitätön/vähäpätöinen/vähäinen/turha/
täsmentää/ant/#/supistaa/yleistää/
täsmällinen/ant/#/epätarkka/virheellinen/epämääräinen/epäselvä/ylimalkainen/implisiittinen/epätäsmällinen/
täsmällisyys/ant/#/epätarkkuus/epäselvyys/hidasliikkeisyys/myöhästelevyys/
täti/ant/#/eno/setä/
täydellinen/ant/#/lyhennetty/supistettu/suhteellinen/epätäydellinen/puutteellinen/lievennetty/vajavainen/
täydellisyys/ant/#/epätäydellisyys/vika/
täysi/ant/#/tyhjä/ontto/
täysinäisyys/ant/#/tyhjyys/onttous/
täyteläinen/ant/#/heikko/
täyttymys/ant/#/tyytymättömyys/
täyttyä/ant/#/kadota/tyhjentyä/
täyttää/ant/#/tyhjentyä/tyhjentää/jäädä alle/
törkyinen/ant/#/puhdas/siisti/
töykeä/ant/#/kohtelias/
uhmakas/ant/#/mukautuva/alistuva/myöntyväinen/suostuvainen/
uhmata/ant/#/olla omiaan/sopia/
uhri/ant/#/rikollinen/
uinua/ant/#/herätä/
ujo/ant/#/rohkea/
ulkoinen/ant/#/sisäinen/sisä-/
uloin/ant/#/läheinen/proksimaalinen/
ulompi/ant/#/sisä-/sisempi/sisäinen/
umpimähkäinen/ant/#/ei sattumanvarainen/arvostelukykyinen/
unelias/ant/#/energinen/toimelias/
unettomuus/ant/#/unisuus/liikaunisuus/
unisuus/ant/#/unettomuus/
universaali/ant/#/partikulaarinen väittämä/
unohtaa/ant/#/muistaa/huomioida/
unohtumaton/ant/#/helposti unohdettava/
upota/ant/#/kellua/pysyä pinnalla/
urbaani/ant/#/maalais-/maalaismainen/
urhoollinen/ant/#/arka/pelokas/
uros/ant/#/naaras/
usea/ant/#/yksinäinen/
uskalias/ant/#/taantuva/takaperoinen/arka/pelokas/
usko/ant/#/epäuskoisuus/
uskollinen/ant/#/epävakaa/muuttuvainen/petollinen/uskoton/epälojaali/
uskollisuus/ant/#/uskottomuus/epälojaalius/
uskomaton/ant/#/uskottava/
uskomattomuus/ant/#/uskottavuus/
uskomus/ant/#/epäuskoisuus/
uskonnollinen/ant/#/jumalaton/uskonnoton/
uskottava/ant/#/uskomaton/valheellinen/väärä/epärehellinen/epäuskottava/
uskottavuus/ant/#/uskomattomuus/
uskottomuus/ant/#/uskollisuus/lojaalius/
uskovainen/ant/#/uskonnoton/
utopia/ant/#/dystopia/
uudenlainen/ant/#/ennakkopäätökseen perustuva/perinteinen/tavanomainen/tyypillinen/
uudestisyntynyt/ant/#/paatunut/
uusi/ant/#/vanha/kulunut/perinteinen/
uutuus/ant/#/vanhuus/
vaalentaa/ant/#/mustata/mustua/
vaara/ant/#/oikea/väärä/aito/kieliopillisesti oikea/oikeakielinen/luotettava/uskottava/rehellinen/oikeamielinen/vanhurskas/todenmukainen/tosi/laillisuus/turvallisuus/
vaarallinen/ant/#/turvallinen/
vaarallisuus/ant/#/turva/
vaatia/ant/#/menettää/
vaatimaton/ant/#/kerskaileva/huomiota herättävä/mahtaileva/huomiotaherättävä/suurellinen/
vaatimattomuus/ant/#/silmiinpistävyys/mahtailevuus/julkeus/
vaativa/ant/#/ei-vaativa/helppo/vaivaton/epäterveellinen/
vaativuus/ant/#/helppous/sujuvuus/vaivattomuus/
vahingoittumaton/ant/#/heikentynyt/haavoitettu/
vahingollinen/ant/#/edullinen/hyvää tekevä/suotuisa/harmiton/vaaraton/hyvänlaatuinen/parannettavissa oleva/
vahinko/ant/#/tahallinen/
vahva/ant/#/hauras/heikko/herkkä/
vahvistaa/ant/#/heikentää/kumota/mitätöidä/
vahvistamaton/ant/#/valtuutettu/valantehnyt/pakollinen/konfirmoitu/vahvistettu/vakiintunut/sinetöity/
vaihdettava/ant/#/ei vaihtokelpoinen/
vaihdettavuus/ant/#/vaihtokelvottomuus/
vaiheikas/ant/#/rauhallinen/tavallinen/yksitoikkoinen/
vaikea/ant/#/mukava/-ystävällinen/äännettävä/helppo/
vaikeaselkoinen/ant/#/tiivis/lyhytsanainen/ytimekäs/
vaikeus/ant/#/helppous/
vaikeuttaa/ant/#/pelkistää/yksinkertaistaa/
vaikuttava/ant/#/mitätön/vähäpätöinen/
vaimea/ant/#/pureva/vihlova/pistävä/voimakas/äänekäs/kova/kovaääninen/
vaimentaa/ant/#/elvyttää/piristää/
vaimo/ant/#/aviomies/
vaisu/ant/#/raju/voimakas/intensiivinen/äärimmäinen/
vaitelias/ant/#/puhelias/vuolassanainen/
vaivaton/ant/#/vaativa/
vaivattomuus/ant/#/vaativuus/
vajaalämpöisyys/ant/#/hypertermia/
vajaus/ant/#/kärki/
vajavainen/ant/#/täydellinen/riittävä/
vakaa/ant/#/epävarma/epävakaa/horjuva/hoippuva/tärisevä/värisevä/
vakaus/ant/#/epävakaus/höllyys/irtonaisuus/epävakaisuus/epävarmuus/
vakaus/ant/#/epävakaus/höllyys/irtonaisuus/epävakaisuus/epävarmuus/
vakauttaa/ant/#/horjuttaa/
vakava/ant/#/hyvä/kelpo/melkoinen/reilu/vähäinen/kevytmielinen/typerä/naurettava/
vakavuus/ant/#/huikentelevaisuus/kevytmielisyys/
vakinainen/ant/#/vakinaiseen palvelukseen kuulumaton/
vakuutella/ant/#/huolestuttaa/tehdä huolestuneeksi/ahdistaa/
vakuutettu/ant/#/vakuuttamaton/
vakuuttava/ant/#/epävarma/huolestuttava/epäuskottava/heikko/kieltävä/varoittava/
valaista/ant/#/pimentää/tummentaa/
valallinen/ant/#/valalla vahvistamaton/
vale/ant/#/totuus/
valehtelija/ant/#/rehti tyyppi/reilu tyyppi/
valehtelu/ant/#/rehellisyys/
valhe/ant/#/totuus/
valheellinen/ant/#/luotettava/uskottava/rehellinen/
valheellisuus/ant/#/rehellisyys/todenmukaisuus/totuudenmukaisuus/aitous/
validi/ant/#/mitätön/kelvoton/
valinta/ant/#/kohtalo/
valio/ant/#/ala-arvoinen/kehno/
valistus/ant/#/tietämättömyys/
valittaa/ant/#/ilostua/
valjastaa/ant/#/riisua valjaista/
valkaista/ant/#/mustata/mustua/
valkea/ant/#/musta/
valmis/ant/#/täytäntöönpanematon/keskeneräinen/improvisoitu/valmistelematon/yllättävä/kömpelö/valmistautumaton/
valmiste/ant/#/erikoisvalmisteinen tuote/
valoisa/ant/#/pimeä/hämärä/
valpas/ant/#/varomaton/tarkkaamaton/inattentiivinen/välinpitämätön/
valtava/ant/#/pieni/pikkuruinen/
valtiollinen/ant/#/paikallinen/paikallis-/
vangitsija/ant/#/pelastaja/vapauttaja/
vanha/ant/#/keski-/myöhäis-/uusi/nuori/
vanhempi/ant/#/alempi/lapsi/
vanhoillinen/ant/#/liberaali/
vanhurskas/ant/#/epäoikeudenmukainen/jumalaton/väärä/väärämielinen/
vanhurskaus/ant/#/syntisyys/väärämielisyys/
vanhuus/ant/#/uutuus/nuoruus/
vankka/ant/#/hauras/
vannoutunut/ant/#/vapaa/
vapaa/ant/#/kiintynyt/pohjaan kiinnittynyt/sidottu/asialleen omistautunut/vannoutunut/rasitettu/estynyt/orjuutettu/naimisissa oleva/nainut/vihitty/varattu/miehitetty/kielletty/vapauttamaton/
vapauttaa/ant/#/kytkeä/jäädyttää/sulkea/panna jk jkn syyksi/syyttää/tuomita/noitua/pidellä/kiinnittää ketjulla/pitää suljettuna/soveltaa/
vapauttaja/ant/#/vangitsija/
varallisuus/ant/#/heikkous/
varauksellinen/ant/#/täsmentämätön/
varaukseton/ant/#/näkevä/
varhainen/ant/#/myöhäinen/uusin/
varjoisa/ant/#/varjoton/
varma/ant/#/epävarma/
varmuus/ant/#/negatiivisuus/epäröinti/
varoitus/ant/#/suostuttelu/
varomaton/ant/#/tarkkaava/valpas/epäluuloinen/
varovainen/ant/#/huolimaton/piittaamaton/välinpitämätön/harkitsematon/epäviisas/
varrellinen/ant/#/varreton/jalaton/kannaton/
varteenotettava/ant/#/mitätön/vähäpätöinen/
varustautua/ant/#/riisua aseista/
vasemmistolainen/ant/#/oikeistolainen/keskustalainen/
vasen/ant/#/oikea/oikealla oleva/oikealla/oikealle/
vastaaja/ant/#/kantaja/
vastaanottavainen/ant/#/vastaanottamaton/vasteeton/
vastaava/ant/#/soraääninen/
vastaavuus/ant/#/sopeutumattomuus/vastaamattomuus/puutteellisuus/
vastahakoinen/ant/#/auttavainen/aulis/halukas/
vastainen/ant/#/suotuisa/
vastakkainen/ant/#/vastaansanomaton/vuoroittainen/
vastakohta/ant/#/synonyymi/
vastata/ant/#/erota/poiketa/
vastaus/ant/#/kysyminen/
vastustaa/ant/#/puoltaa/
vastustaja/ant/#/agonisti/ystävä/
vastustamaton/ant/#/kestettävä/siedettävä/
vastuu/ant/#/vastuuntunnottomuus/vastuuttomuus/
vastuullinen/ant/#/vastuuntunnoton/vastuuton/
vastuuton/ant/#/vastuullinen/
vastuuttomuus/ant/#/vastuu/
vauhdikas/ant/#/rauhallinen/tavallinen/yksitoikkoinen/
vedetön/ant/#/kidevesipitoinen/
veistos/ant/#/mobile/
velallinen/ant/#/lainanantaja/saamamies/velkoja/luotonantaja/
veli/ant/#/sisar/sisko/
veljellinen/ant/#/sisarellinen/
velkoja/ant/#/velallinen/luotonottaja/luotonsaaja/
veloittaa/ant/#/hyvittää/
veltto/ant/#/energinen/toimelias/
venyä/ant/#/kutistua/
verbaalinen/ant/#/numero-/
veres/ant/#/kuivahtanut/vanhentunut/väljähtynyt/väljähtänyt/kulunut/ummehtunut/
veretön/ant/#/veren peittämä/verinen/verta vuotava/
verinen/ant/#/veretön/
vertikaalinen/ant/#/vaakasuora/kalteva/
vetelä/ant/#/energinen/toimelias/
vetäytyä/ant/#/saapua asemalle/
vetää/ant/#/työntää/
viaton/ant/#/syyllinen/
viattomuus/ant/#/itsetietoisuus/
viedä/ant/#/seisoa/tuoda/tuoda maahan/
viehkeys/ant/#/kankeus/kömpelyys/
viehkeä/ant/#/kankea/kömpelö/
viehättävyys/ant/#/rumuus/vastenmielisyys/
viehättävä/ant/#/ruma/kankea/kömpelö/
viehättää/ant/#/torjua/inhottaa/
viekas/ant/#/luonnollinen/teeskentelemätön/vilpitön/
vieras/ant/#/sopiva/samanhenkinen/mieluinen/tuttava/tuttu/
vieraus/ant/#/tuttuus/alkuperäisyys/
viettelevä/ant/#/vetovoimaton/
vihainen/ant/#/rauhallinen/tyyni/
vihata/ant/#/rakastaa/pitää kovasti/pitää paljon/pitää/tykätä/
vihkimätön/ant/#/omistautunut/pyhä/
vihollinen/ant/#/ystävällismieliset joukot/omat joukot/
viikata/ant/#/laskostaa auki/
viilentyä/ant/#/kuumentua/
viilentää/ant/#/lämmittää/
viiletä/ant/#/kuumentua/
viileä/ant/#/lämmin/lämpöinen/kuuma/
viimeinen/ant/#/alku-/avaus-/ensimmäinen/intermediaarinen/välillä oleva/väli-/
viisas/ant/#/harkitsematon/epäviisas/järjetön/typerä/älytön/
viisaus/ant/#/mielettömyys/hölmöily/poikkeavuus/sairaalloisuus/epäviisaus/pinnallisuus/
viitteellinen/ant/#/nimeävä/
viivytellä/ant/#/syöksyä/rynnistää/
viivyttää/ant/#/hoputtaa/
vika/ant/#/täydellisyys/
vika/ant/#/täydellisyys/
viljelemätön/ant/#/parannettu/viljelys-/
vilkas/ant/#/toimeton/ei toiminnassa oleva/tylsistynyt/tylsä/vähäinen/hengetön/
villi/ant/#/säädelty/säännöstelty/kesy/säyseä/
vilpillinen/ant/#/laillinen/oikeudenmukainen/puolueeton/reilu/vilpitön/rehellinen/
vilpittömyys/ant/#/kavaluus/petollisuus/vilpillisyys/nokkeluus/taitavuus/viekkaus/
vilpitön/ant/#/teennäinen/teeskennelty/juonikas/nokkela/taidokas/viekas/petollinen/vilpillinen/epärehellinen/
vino/ant/#/samansuuntainen/yhdensuuntainen/kohtisuora/
virallinen/ant/#/epämuodollinen/arkikielinen/epävirallinen/
virheellinen/ant/#/tarkka/täsmällinen/virheetön/paikkansapitävä/nuhteeton/puhdas/tahraton/kieliopillisesti oikea/oikeakielinen/
virheellisyys/ant/#/korrektius/tarkkuus/
virheetön/ant/#/epätarkka/virheellinen/turmeltunut/
viriili/ant/#/impotentti/naismainen/
virike/ant/#/hidaste/
virittää/ant/#/muuttaa/
virkistää/ant/#/väsyä/
vivipaarinen/ant/#/muniva/ovovivipaarinen/ovipaarinen/
voima/ant/#/avuttomuus/
voimakas/ant/#/himerä/pehmeä/kepeä/kevyt/hiljainen/vaimea/mieto/vaisu/voimaton/avuton/heikko/lepsu/
voimakkuus/ant/#/heikkous/avuttomuus/
voimallinen/ant/#/avuton/voimaton/heikko/
voimaton/ant/#/latautunut/dynaaminen/voimakas/tehokas/vaikutusvaltainen/voimallinen/
voimistua/ant/#/tyyntyä/
voittaa/ant/#/hävitä/menettää/
voittaja/ant/#/häviäjä/
voittamaton/ant/#/mahdollinen valloittaa/mahdollinen voittaa/valloitettavissa oleva/valloitettavissa/voitettavissa oleva/voitettavissa/voitettu/
voitto/ant/#/tappio/häviöt/
vokaali/ant/#/konsonantti/kerake/
vuoksi/ant/#/luode/pakovesi/
vuoro/ant/#/sisävuoro/
vuoroittainen/ant/#/vastakkainen/
vyöllinen/ant/#/vyötön/
vyöttää/ant/#/irrottaa/
väheksyä/ant/#/tuoda esille/imarrella/mielistellä/nuoleskella/
vähemmistö/ant/#/suurin osa/
vähennettävä/ant/#/mahdoton pienentää/pelkistymätön/
vähennys/ant/#/lisä/lisäys/lisääminen/
vähentyä/ant/#/kasvaa/laajentua/lisääntyä/nousta/suurentua/
vähentää/ant/#/kasvattaa/korottaa/laajentaa/lisätä/suurentaa/
vähetä/ant/#/kasvaa/
vähittäinen/ant/#/äkillinen/äkkinäinen/yhtäkkinen/
vähyys/ant/#/runsaus/
vähäinen/ant/#/runsas/yltäkylläinen/ankara/kova/vilkas/merkittävä/tärkeä/vakava/
vähäpätöinen/ant/#/melkoinen/huomattava/varteenotettava/tärkeä/vaikuttava/merkittävä/vaikutusvaltainen/merkityksellinen/
vähäpätöisyys/ant/#/keskeisyys/tärkeys/
vähätellä/ant/#/korostaa/tuoda esille/suurennella/
väistämätön/ant/#/vältettävissä oleva/
väittää/ant/#/kieltää/sanoutua irti/vetäytyä jstk/
väkinäinen/ant/#/vakinainen/vakinaiseen palvelukseen kuulumaton/
välillisyys/ant/#/välitön läheisyys/
välinpitämättömyys/ant/#/tietoisuus/herkkyys/sopivuus/soveliaisuus/säädyllisyys/vastaanottavaisuus/levottomuus/hellyys/kiinnostua/
välittää/ant/#/ilostua/valittaa/
välitön/ant/#/epäsuora/aiheutettu/
väljentää/ant/#/kaventaa/ottaa sisään/pienentää/
väljyys/ant/#/pysyvyys/
väljä/ant/#/tiukka/
vältellä/ant/#/kohdata/
välttämättömyys/ant/#/joutavuus/tarpeettomuus/
välttämätön/ant/#/anova/hartaasti pyytävä/rukoileva/tarpeeton/turha/
välttävä/ant/#/sietämätön/kestämätön/
välttää/ant/#/kohdata/
väri/ant/#/värittömyys/akromaattisuus/
värikäs/ant/#/väritön/
värillinen/ant/#/mustavalkoinen/mustavalko-/väritön/
värittää/ant/#/haalistua/
värittömyys/ant/#/väri/
väritys/ant/#/pigmentinkato/
väritön/ant/#/värillinen/sävyinen/värikäs/
värjätä/ant/#/haalistua/
väsynyt/ant/#/levännyt/
väsyä/ant/#/virkistää/
vääjäämätön/ant/#/vältettävissä oleva/
väärentää/ant/#/korjata/
vääristää/ant/#/tulkita/
vääryys/ant/#/oikeellisuus/oikea/laillisuus/aitous/
väärä/ant/#/oikea/aito/kieliopillisesti oikea/oikeakielinen/luotettava/uskottava/rehellinen/oikeamielinen/vanhurskas/todenmukainen/tosi/laillisuus/turvallisuus/vaara/
yhdistetty/ant/#/irrallinen/sekoittamaton/irtonainen/
yhdistyä/ant/#/dissimiloitua/jakaa/
yhdistää/ant/#/hajota/erottaa/irrottaa/katkaista yhteys/
yhteinen/ant/#/eri/erillinen/jakamaton/
yhteisyys/ant/#/ero/erossa olo/
yhtenäinen/ant/#/lokeroitu/jakaantunut/
yhtenäistyä/ant/#/hapantua/
yhtenäisyys/ant/#/epäyhdenmukaisuus/
yhteys/ant/#/irrallisuus/epäyhtenäisyys/
yhtyä/ant/#/erottaa/erota/erkaantua/divergoitua/
yhtäkkinen/ant/#/asteittainen/graduaalinen/vähittäinen/
yhtäläistää/ant/#/erilaistaa/
yksijumalaisuus/ant/#/polyteismi/
yksikkö/ant/#/monikko/
yksikotinen/ant/#/kaksikotinen/
yksilöidä/ant/#/tehdä persoonattomaksi/
yksilöllisyys/ant/#/yleisyys/samankaltaisuus/yhteinen piirre/yhteensopivuus/
yksinäinen/ant/#/moninkertainen/usea/avusteinen/avustettu/rakastettu/seura/
yksitoikkoinen/ant/#/vaiheikas/tapahtumarikas/vauhdikas/jännittävä/moduloitu/
yksitoikkoisuus/ant/#/epäyhdenmukaisuus/
yksityinen/ant/#/julkinen/yleinen/monikko-/monikollinen/monikon/
yksityiskohta/ant/#/kokonaisuus/yleinen/
yksityistää/ant/#/kansallistaa/sosialisoida/
yleinen/ant/#/harvinainen/ominainen/ominais-/paikallinen/yksityinen/yksityis-/yksityiskohta/
yleistää/ant/#/täsmentää/spesifioida/tarkentaa/
ylellinen/ant/#/kiittämätön/kolkko/suloton/
ylemmyys/ant/#/huonommuus/
ylempi/ant/#/alempiarvoinen/
ylentää/ant/#/pudottaa/
ylikäymätön/ant/#/mahdollinen valloittaa/mahdollinen voittaa/valloitettavissa oleva/valloitettavissa/voitettavissa oleva/voitettavissa/
ylimalkainen/ant/#/täsmällinen/
ylin/ant/#/alimmainen/alin/sivu-/
ylistää/ant/#/arvostella/
yllättävä/ant/#/suunniteltu/suunnitelmallinen/harkittu/tahallinen/valmis/tavanomainen/yllätyksetön/epäilty/
yllätyksellisyys/ant/#/todennäköisyys/
yllätyksetön/ant/#/hämmästyttävä/yllättävä/
ylpeä/ant/#/alakuloinen/nöyrä/
ylväs/ant/#/alhainen/halpamainen/
ylänkö/ant/#/alanko/
ymmärrettävyys/ant/#/käsittämättömyys/
ymmärrettävä/ant/#/puhekyvytön/käsittämätön/
ymmärrys/ant/#/käsityskyvyttömyys/
ymmärtämys/ant/#/tietämättömyys/
ymmärtäväinen/ant/#/kovasydäminen/
ynseä/ant/#/hellä/rakastava/
yritteliäs/ant/#/epäaggressiivinen/aloitekyvytön/saamaton/
ystävä/ant/#/vastustaja/vihamies/
ystävällinen/ant/#/epäystävällinen/paha/vihamielinen/ilkeä/kalsea/tyly/
ystävällisyys/ant/#/epäystävällisyys/ilkeys/kalseus/tylyys/harkitsemattomuus/
ytimekkyys/ant/#/monisanaisuus/
ytimekäs/ant/#/pitkäpiimäinen/vaikeaselkoinen/
yö/ant/#/päivä/
zeniitti/ant/#/nadiiri/
äidillinen/ant/#/isällinen/
äiti/ant/#/lapsi/isä/
äkillinen/ant/#/krooninen/asteittainen/graduaalinen/vähittäinen/aikataulun mukainen/
äkkinäinen/ant/#/asteittainen/graduaalinen/vähittäinen/
äly/ant/#/tyhmyys/
älykkyys/ant/#/tyhmyys/
älykäs/ant/#/epäintellektuaalinen/
älyllinen/ant/#/rajoittunut/tyhmä/typerä/
älytön/ant/#/viisas/
ärsyttää/ant/#/lievittää/tyynnyttää/
äveriäs/ant/#/köyhä/varaton/
äänekkyys/ant/#/pehmeys/
äänekäs/ant/#/hiljainen/pehmeä/vaimea/äänetön/
äänettömyys/ant/#/ääni/
äänetön/ant/#/meluisa/äänekäs/
ääni/ant/#/hiljaisuus/äänettömyys/
äänittää/ant/#/pyyhkiä/
äärellinen/ant/#/loputon/rajaton/
äärellisyys/ant/#/loputtomuus/
ääretön/ant/#/mitätön/suppea/
äärimmäinen/ant/#/mieto/vaisu/läheinen/
