aalto
aamiainen
aamu
aate
aavistaa
aihe
aika
aikoa
aina
ainoa
ajaa
ajatella
ajatus
akka
alainen
alkaa
alku
altis
ankara
ansaita
antaa
antautua
apu
armahtaa
armo
armollinen
arvata
arvella
arvo
arvoisa
ase
asettaa
asettua
asia
askel
askele
astua
asua
asukas
aueta
aukaista
aurinko
auttaa
avain
avata
avautua
edellinen
editio
ehtiä
elää
eläin
elämä
elo
elättää
elävä
emäntä
enin
ensimmäinen
entinen
epäillä
erehtyä
erinomainen
ero
erota
erottaa
eräs
esine
esittää
estää
etsiä
etu
gutaa:
hakea
hallita
halu
haluta
hammas
hankkia
harmaa
harva
hattu
haukkua
hauska
havainto
hehkua
heikko
heittää
heittäytyä
helppo
hengittää
henki
henkilö
herra
herätä
herättää
hetki
hetkinen
hevonen
hieno
hieroa
hiki
hiljainen
hiljaisuus
hillitä
hinta
häiritä
hitto
hämmästyä
hämmästys
hämärtää
hoitaa
hopea
hätä
huippu
hullu
huoata
huoli
huomata
huomen
huomio
huone
huono
huudahtaa
huuli
huutaa
huuto
hävittää
hyökkäys
hymy
hymyillä
hypätä
hyöty
hyvä
ihana
ihme
ihminen
ikä
ikäinen
ikkuna
ikävä
illallinen
ilma
ilmaista
ilme
ilmoittaa
ilo
iloinen
ilta
inhimillinen
into
isä
iskeä
isku
isäntä
iso
istua
istuutua
itä
äiti
itkeä
itku
itse
jalka
jalo
jatkaa
jäädä
jäähyväinen
jälki
johtaa
johtua
jokainen
joki
jono
joukko
joutua
järjestää
järjestys
järki
järvi
jäsen
jättää
juoda
juolahtaa
juoma
juosta
juttu
juuri
kaatua
kadota
kadottaa
kahvi
kaikki
kaikua
kaivaa
kaksi
kallis
kallistaa
kalpea
kamari
kanna
kansa
kansi
kantaa
kappale
kapteeni
kasvaa
kasvatus
kasvo
katsahtaa
katse
katsella
katsoa
kattaa
katu
kaukainen
kaula
kaunis
kauppa
kaupunki
keino
keksiä
kello
kelpo
kenkä
kerros
kerta
kertoa
kertomus
kesä
keskeyttää
keskustella
keskustelu
kestää
kevät
käheä
kieli
kieltää
kierros
kiertää
kietoa
kiilua
kiinnittää
kiintyä
kiire
kiitollisuus
kiitos
kiittää
kirja
kirjallisuus
kirje
kirjo
kirjoittaa
kirkas
kirkastua
kirkko
kivi
kääntää
kääntyä
koettaa
kohdata
kohota
kohottaa
kohta
kohtalo
kohtaus
koira
koittaa
kokea
kokemus
koko
kokoontua
kokous
kolkuttaa
kolmas
kolme
koota
koputtaa
korkea
korottaa
korva
koskea
koti
kotva
koulu
kova
kreivi
kreivitär
kärsä
kärsiä
käsi
käsittää
käsitys
käskeä
käsky
kätkeä
kuiskata
kulkea
kulku
kulta
kulu
kulua
kuluttaa
kuningas
kuningatar
kuninkaallinen
kunnia
kunniallinen
kunnioitus
kunto
kuolema
kuolla
kuri
kurkku
kutsua
kuu
kuulla
kuulua
kuunnella
kuusi
kuva
kuvata
kuvitella
kävellä
käydä
kyetä
köyhä
kylä
kylmä
kymmenen
kynnys
kynttilä
kysyä
kysymys
käyttää
kyynel
kyynele
laatu
lahja
laiha
lainata
laita
laittaa
laiva
laji
laki
lakki
lamppu
langeta
lapsi
lapsuus
lasi
laskea
laskeutua
lasku
lattia
latva
laukka
laulaa
laulu
lausua
lehti
leikki
leikkiä
leipä
lempeä
lentää
lepo
levoton
levätä
lähestyä
lähettää
lähtö
lähteä
liha
liike
liikkua
liikkumaton
liikuttaa
liitto
linna
lintu
lisätä
lääkäri
länsi
lohduttaa
loistaa
lopettaa
loppu
läpi
lukea
lukita
lukko
luku
luoda
luokka
luonnollinen
luonto
luopua
luottaa
lupa
lupaus
luulla
luvata
lyödä
lyhyt
löytää
maa
maallinen
maata
mahdollinen
mahdoton
mahtava
maine
mainita
maistaa
majesteetti
maksaa
malja
malttaa
markka
matala
matka
melu
menettää
mennä
mennyt
meno
meri
merkitä
merkitys
merkki
metsä
miekka
mieli
mies
miete
miettiä
millainen
minkälainen
minuutti
missio
mitta
moni
monituinen
määrä
määrätä
määräys
muistaa
muisto
muistua
mummo
muoto
musta
mutka
muu
muutama
muutos
muuttaa
muuttua
myöhä
myöntää
nainen
nauraa
nauru
nauttia
neiti
neito
neitonen
neitsyt
neljä
neljäs
äänettömyys
neuvo
nähdä
ääni
nimetä
nimi
näköinen
näky
näkyä
näkyvä
nälkä
nojata
nopea
nostaa
nousta
noutaa
nukkua
nuori
nuorukainen
nuoruus
nurkka
nyökätä
nyökäyttää
nyrkki
näytellä
näyttää
odottaa
oikea
oikeus
ojentaa
oksa
olemus
olento
olka
oma
omaisuus
omituinen
onnellinen
onneton
onnettomuus
onni
onnistua
oppi
oppia
osa
osata
osoittaa
ostaa
otsa
ottaa
outo
ovi
pää
paeta
paha
paikka
painaa
painua
paistaa
paiste
pakottaa
palaa
palata
paljas
paljastaa
paljo
palkinto
palkka
palvelija
palvella
palvelus
panna
paperi
pappi
parantaa
pari
parka
party
pastori
peittää
pelastaa
peljätä
pelätä
penkki
perä
perhe
perso
pettää
pidellä
pidättää
pieni
piha
piirre
pila
pilkka
pilvi
pimeä
pimeys
pinta
piru
pistää
pitää
pitkä
päivä
päivällinen
pälkähtää
pohja
poika
poistaa
poistua
polkea
polku
polvi
ponnistaa
pormestari
portti
poski
provisio
päästä
päästää
päätös
päättää
pudistaa
pudota
puhaltaa
puhdas
puhe
puhella
puhua
puhutella
puhuttaa
pukea
puku
pula
puna
punainen
puoli
puolustaa
puristaa
purjehtia
purra
purskahtaa
puu
puuttua
pyhä
pyörä
pysähtyä
pysyä
pöytä
pyyhkiä
pyyntö
pyytää
raamattu
raha
raitis
raivata
rakas
rakastaa
rakennus
rakentaa
rakkaus
rangaistus
ranta
raskas
ratkaista
ratsastaa
ratsu
rauha
raukka
rehellinen
ääretön
ääri
riemu
rientää
riippua
rikas
rikkaus
rikos
rinne
rinta
risti
ritari
rivi
rohkaista
rohkeus
rouva
rovasti
royalty
ruhtinas
rukoilla
rukous
ruoka
ruskea
ruumis
ruveta
ryhtyä
ryppy
ryyppy
saada
saapua
saari
saattaa
saavuttaa
sairas
salata
sali
sallia
sama
sana
sanoa
sata
sattua
säde
seikka
seinä
seisoa
sekaantua
selittää
selitys
selkä
selko
sellainen
selvä
semmoinen
setä
seura
seuraava
seurata
seurue
seutu
sielu
sietää
säihkyä
siirtyä
sija
sikeä
silmä
silmäys
sininen
sisar
siunata
sivu
sääli
sohva
soida
soittaa
sopia
sopimus
sopiva
sormi
sota
särkeä
status
säteillä
suhde
suku
sulkea
sulkeutua
sulkia
summa
suoda
suomalainen
suoni
suora
suorittaa
suostua
surma
suru
suu
suudella
suunnata
suunnaton
suunta
suuri
syödä
sydän
sykkiä
syksy
syleillä
syli
synti
syntyä
sytyttää
syvä
syy
syyttää
taakka
taata
tahto
tahtoa
taistella
taistelu
taitaa
taivaallinen
taivas
taka
talo
talvi
tapa
tapahtua
tapaus
tappaa
tappio
taputtaa
tarina
tarjota
tarkka
tarkoittaa
tarkoitus
tarttua
tarve
tarvita
tasku
tavallinen
tavara
tavata
tavaton
teatteri
tee
tehdä
tehtävä
tekeminen
teko
temmata
temppu
terävä
terve
tervehtiä
testamentti
tähti
tie
tietää
tieto
tila
tilaisuus
tili
tällainen
todistaa
tohtori
toimi
toimittaa
toinen
toistaa
toive
toivo
toivoa
toivottaa
tosi
totella
tottua
totuus
toveri
tärkeä
täti
tuhat
tuijottaa
tukka
tuleva
tuli
tulimmainen
tulla
tulo
tumma
tunkeutua
tunne
tunnettu
tunnustaa
tuntea
tunti
tuntua
tuoda
tuokio
tuoli
tuomita
tuottaa
tupa
turha
turva
tusina
tuska
tuttava
tuttavuus
tuttu
tuuli
työ
tyhjä
täysi
tytär
täyttää
tyttö
täytyä
tyyni
tyytyä
tyytyväinen
uhata
uhkaava
uhrata
ukko
ummistaa
umpi
uneton
unhottaa
uni
unohtaa
upseeri
usea
uskaltaa
usko
uskoa
uskollinen
uusi
uutinen
vaara
vaari
vaate
vaatia
vahinko
vaieta
vaihe
vaihtaa
vaikea
vaikuttaa
vaikutus
vaimo
vaipua
vaiva
vaivata
vakava
vakuuttaa
vala
valinta
valita
valjastaa
valjeta
valkoinen
vallata
vallita
valmis
valmistaa
valo
valta
valvoa
vanha
vanhus
vanki
vannoa
vapaa
vapaus
vapista
vara
varjella
varjo
varma
varmuus
varoa
vasen
vasta
vastata
vastaus
vastoa
vastustaa
vauhti
vaunu
vavista
veli
velka
velvollisuus
vene
veri
verrata
versio
verto
vesi
vetää
veto
vähä
viedä
vieras
viereinen
viettää
viha
vihi
vihollinen
viikko
viimeinen
viini
viipyä
viisas
viisi
viitata
vimma
virka
virkkaa
virta
virus
väistyä
väittää
väki
välähtää
väli
välttää
väännellä
voi
voida
voima
voimakas
voittaa
voitto
vääryys
vuo
vuodattaa
vuode
vuoksi
vuori
vuoro
vuosi
vuotaa
yö
yhteinen
yhtyä
yksi
ylhäinen
ymmärtää
yrittää
yritys
ystävä
ystävällinen
